Archive member included to satisfy reference by file (symbol)

Generated_Source\PSoC6\pdl\middleware\ble\lib\cy_ble_stack_gcc_host_ipc_cm4.a(CyBleStackMgrIP_Interface.o)
                              .\CortexM4\ARM_GCC_541\Debug\cy_ble.o (Cy_BLE_EnablePrivacyFeature)
Generated_Source\PSoC6\pdl\middleware\ble\lib\cy_ble_stack_gcc_host_ipc_cm4.a(BT_os.o)
                              Generated_Source\PSoC6\pdl\middleware\ble\lib\cy_ble_stack_gcc_host_ipc_cm4.a(CyBleStackMgrIP_Interface.o) (cyBleStackMemoryConfig)
Generated_Source\PSoC6\pdl\middleware\ble\lib\cy_ble_stack_gcc_host_ipc_cm4.a(CyBleStackMgr_StackTaskHandler.o)
                              Generated_Source\PSoC6\pdl\middleware\ble\lib\cy_ble_stack_gcc_host_ipc_cm4.a(CyBleStackMgrIP_Interface.o) (CyBle_CreateBleStackTask)
Generated_Source\PSoC6\pdl\middleware\ble\lib\cy_ble_stack_gcc_host_ipc_cm4.a(storage_pl.o)
                              Generated_Source\PSoC6\pdl\middleware\ble\lib\cy_ble_stack_gcc_host_ipc_cm4.a(CyBleStackMgrIP_Interface.o) (storage_manager_init)
Generated_Source\PSoC6\pdl\middleware\ble\lib\cy_ble_stack_gcc_host_ipc_cm4.a(mint_os.o)
                              Generated_Source\PSoC6\pdl\middleware\ble\lib\cy_ble_stack_gcc_host_ipc_cm4.a(CyBleStackMgrIP_Interface.o) (OS_init)
Generated_Source\PSoC6\pdl\middleware\ble\lib\cy_ble_stack_gcc_host_ipc_cm4.a(mint_os_queue.o)
                              Generated_Source\PSoC6\pdl\middleware\ble\lib\cy_ble_stack_gcc_host_ipc_cm4.a(mint_os.o) (OS_TOTAL_QUEUES)
Generated_Source\PSoC6\pdl\middleware\ble\lib\cy_ble_stack_gcc_host_ipc_cm4.a(mint_os_task.o)
                              Generated_Source\PSoC6\pdl\middleware\ble\lib\cy_ble_stack_gcc_host_ipc_cm4.a(mint_os.o) (idle_func_handler)
Generated_Source\PSoC6\pdl\middleware\ble\lib\cy_ble_stack_gcc_host_ipc_cm4.a(mint_buf_mgmt.o)
                              Generated_Source\PSoC6\pdl\middleware\ble\lib\cy_ble_stack_gcc_host_ipc_cm4.a(BT_os.o) (mint_buf_mgmt_allocate_buffer)
Generated_Source\PSoC6\pdl\middleware\ble\lib\cy_ble_stack_gcc_host_ipc_cm4.a(transport_ipc.o)
                              Generated_Source\PSoC6\pdl\middleware\ble\lib\cy_ble_stack_gcc_host_ipc_cm4.a(CyBleStackMgr_StackTaskHandler.o) (CyBleHost_HciIpcFreePktBuffer)
Generated_Source\PSoC6\pdl\middleware\ble\lib\cy_ble_stack_gcc_host_ipc_cm4.a(CyBleStackMgr_PSoCIPCHal.o)
                              Generated_Source\PSoC6\pdl\middleware\ble\lib\cy_ble_stack_gcc_host_ipc_cm4.a(transport_ipc.o) (CyBleHost_IPC_HAL_InitWithStaticMem)
Generated_Source\PSoC6\pdl\middleware\ble\lib\cy_ble_stack_gcc_host_ipc_cm4.a(host_main.o)
                              Generated_Source\PSoC6\pdl\middleware\ble\lib\cy_ble_stack_gcc_host_ipc_cm4.a(CyBleStackMgrIP_Interface.o) (CyBle_HostInit)
Generated_Source\PSoC6\pdl\middleware\ble\lib\cy_ble_stack_gcc_host_ipc_cm4.a(att_api.o)
                              Generated_Source\PSoC6\pdl\middleware\ble\lib\cy_ble_stack_gcc_host_ipc_cm4.a(host_main.o) (BT_att_register)
Generated_Source\PSoC6\pdl\middleware\ble\lib\cy_ble_stack_gcc_host_ipc_cm4.a(att_init.o)
                              Generated_Source\PSoC6\pdl\middleware\ble\lib\cy_ble_stack_gcc_host_ipc_cm4.a(att_api.o) (att_connections)
Generated_Source\PSoC6\pdl\middleware\ble\lib\cy_ble_stack_gcc_host_ipc_cm4.a(att_internal.o)
                              Generated_Source\PSoC6\pdl\middleware\ble\lib\cy_ble_stack_gcc_host_ipc_cm4.a(att_api.o) (att_get_fsm_event)
Generated_Source\PSoC6\pdl\middleware\ble\lib\cy_ble_stack_gcc_host_ipc_cm4.a(BT_common.o)
                              Generated_Source\PSoC6\pdl\middleware\ble\lib\cy_ble_stack_gcc_host_ipc_cm4.a(host_main.o) (BT_bluetooth_off)
Generated_Source\PSoC6\pdl\middleware\ble\lib\cy_ble_stack_gcc_host_ipc_cm4.a(device_queue.o)
                              Generated_Source\PSoC6\pdl\middleware\ble\lib\cy_ble_stack_gcc_host_ipc_cm4.a(host_main.o) (CyBle_DeviceQueueHeapDeInit)
Generated_Source\PSoC6\pdl\middleware\ble\lib\cy_ble_stack_gcc_host_ipc_cm4.a(l2cap.o)
                              Generated_Source\PSoC6\pdl\middleware\ble\lib\cy_ble_stack_gcc_host_ipc_cm4.a(host_main.o) (CyBle_L2capCB)
Generated_Source\PSoC6\pdl\middleware\ble\lib\cy_ble_stack_gcc_host_ipc_cm4.a(l2cap_disconnect.o)
                              Generated_Source\PSoC6\pdl\middleware\ble\lib\cy_ble_stack_gcc_host_ipc_cm4.a(l2cap.o) (l2ca_disconnect_req)
Generated_Source\PSoC6\pdl\middleware\ble\lib\cy_ble_stack_gcc_host_ipc_cm4.a(l2cap_init.o)
                              Generated_Source\PSoC6\pdl\middleware\ble\lib\cy_ble_stack_gcc_host_ipc_cm4.a(l2cap_disconnect.o) (l2cap_fixed_channel)
Generated_Source\PSoC6\pdl\middleware\ble\lib\cy_ble_stack_gcc_host_ipc_cm4.a(l2cap_utils.o)
                              Generated_Source\PSoC6\pdl\middleware\ble\lib\cy_ble_stack_gcc_host_ipc_cm4.a(l2cap_disconnect.o) (l2cap_buffer_dequeue)
Generated_Source\PSoC6\pdl\middleware\ble\lib\cy_ble_stack_gcc_host_ipc_cm4.a(l2cap_lmp.o)
[...]
Memory Configuration

Name             Origin             Length             Attributes
ram              0x08024000         0x00023800         xrw
flash            0x10080000         0x00080000         xr
em_eeprom        0x14000000         0x00008000         xr
sflash_user_data 0x16000800         0x00000800         xr
sflash_nar       0x16001a00         0x00000200         xr
sflash_public_key 0x16005a00         0x00000c00         xr
sflash_toc_2     0x16007c00         0x00000200         xr
sflash_rtoc_2    0x16007e00         0x00000200         xr
xip              0x18000000         0x08000000         xr
efuse            0x90700000         0x00100000         r
*default*        0x00000000         0xffffffff

Linker script and memory map

LOAD c:/program files (x86)/cypress/psoc creator/4.4/psoc creator/import/gnu/arm/5.4.1/bin/../lib/gcc/arm-none-eabi/5.4.1/armv7e-m/softfp/crti.o
LOAD c:/program files (x86)/cypress/psoc creator/4.4/psoc creator/import/gnu/arm/5.4.1/bin/../lib/gcc/arm-none-eabi/5.4.1/armv7e-m/softfp/crtbegin.o
LOAD c:/program files (x86)/cypress/psoc creator/4.4/psoc creator/import/gnu/arm/5.4.1/bin/../lib/gcc/arm-none-eabi/5.4.1/../../../../arm-none-eabi/lib/armv7e-m/softfp/crt0.o
START GROUP
LOAD Generated_Source\PSoC6\pdl\middleware\ble\lib\cy_ble_stack_gcc_host_ipc_cm4.a
LOAD .\CortexM4\ARM_GCC_541\Debug\startup_psoc6_01_cm4.o
LOAD .\CortexM4\ARM_GCC_541\Debug\main_cm4.o
LOAD .\CortexM4\ARM_GCC_541\Debug\system_psoc6_cm4.o
LOAD .\CortexM4\ARM_GCC_541\Debug\debug.o
LOAD .\CortexM4\ARM_GCC_541\Debug\DHT11.o
LOAD .\CortexM4\ARM_GCC_541\Debug\BLEFineMe.o
LOAD .\CortexM4\ARM_GCC_541\Debug\cyfitter_sysint_cfg.o
LOAD .\CortexM4\ARM_GCC_541\Debug\cymetadata.o
LOAD .\CortexM4\ARM_GCC_541\Debug\cy_efuse.o
LOAD .\CortexM4\ARM_GCC_541\Debug\cy_flash.o
LOAD .\CortexM4\ARM_GCC_541\Debug\cy_gpio.o
LOAD .\CortexM4\ARM_GCC_541\Debug\cy_ipc_drv.o
LOAD .\CortexM4\ARM_GCC_541\Debug\cy_ipc_sema.o
LOAD .\CortexM4\ARM_GCC_541\Debug\cy_ipc_pipe.o
LOAD .\CortexM4\ARM_GCC_541\Debug\cy_lvd.o
LOAD .\CortexM4\ARM_GCC_541\Debug\cy_profile.o
LOAD .\CortexM4\ARM_GCC_541\Debug\cy_prot.o
LOAD .\CortexM4\ARM_GCC_541\Debug\cy_sysanalog.o
LOAD .\CortexM4\ARM_GCC_541\Debug\cy_sysclk.o
LOAD .\CortexM4\ARM_GCC_541\Debug\cy_sysint.o
LOAD .\CortexM4\ARM_GCC_541\Debug\cy_syslib.o
LOAD .\CortexM4\ARM_GCC_541\Debug\cy_syslib_gcc.o
LOAD .\CortexM4\ARM_GCC_541\Debug\cy_syspm.o
LOAD .\CortexM4\ARM_GCC_541\Debug\cy_systick.o
LOAD .\CortexM4\ARM_GCC_541\Debug\cy_trigmux.o
LOAD .\CortexM4\ARM_GCC_541\Debug\cy_wdt.o
LOAD .\CortexM4\ARM_GCC_541\Debug\cy_device.o
LOAD .\CortexM4\ARM_GCC_541\Debug\cy_mcwdt.o
LOAD .\CortexM4\ARM_GCC_541\Debug\cy_scb_common.o
LOAD .\CortexM4\ARM_GCC_541\Debug\cy_scb_i2c.o
LOAD .\CortexM4\ARM_GCC_541\Debug\cy_scb_ezi2c.o
LOAD .\CortexM4\ARM_GCC_541\Debug\cy_scb_spi.o
LOAD .\CortexM4\ARM_GCC_541\Debug\cy_scb_uart.o
LOAD .\CortexM4\ARM_GCC_541\Debug\cy_sar.o
LOAD .\CortexM4\ARM_GCC_541\Debug\cy_ble_clk.o
LOAD .\CortexM4\ARM_GCC_541\Debug\cy_ble.o
LOAD .\CortexM4\ARM_GCC_541\Debug\cy_ble_hal_int.o
LOAD .\CortexM4\ARM_GCC_541\Debug\cy_ble_hal_pvt.o
LOAD .\CortexM4\ARM_GCC_541\Debug\cy_ble_gap.o
LOAD .\CortexM4\ARM_GCC_541\Debug\cy_ble_gatt.o
LOAD .\CortexM4\ARM_GCC_541\Debug\cy_ble_event_handler.o
LOAD .\CortexM4\ARM_GCC_541\Debug\cy_ble_ancs.o
LOAD .\CortexM4\ARM_GCC_541\Debug\cy_ble_ans.o
LOAD .\CortexM4\ARM_GCC_541\Debug\cy_ble_aios.o
LOAD .\CortexM4\ARM_GCC_541\Debug\cy_ble_bas.o
LOAD .\CortexM4\ARM_GCC_541\Debug\cy_ble_bcs.o
LOAD .\CortexM4\ARM_GCC_541\Debug\cy_ble_bls.o
LOAD .\CortexM4\ARM_GCC_541\Debug\cy_ble_bms.o
LOAD .\CortexM4\ARM_GCC_541\Debug\cy_ble_bts.o
LOAD .\CortexM4\ARM_GCC_541\Debug\cy_ble_cgms.o
LOAD .\CortexM4\ARM_GCC_541\Debug\cy_ble_cps.o
LOAD .\CortexM4\ARM_GCC_541\Debug\cy_ble_cscs.o
LOAD .\CortexM4\ARM_GCC_541\Debug\cy_ble_cts.o
LOAD .\CortexM4\ARM_GCC_541\Debug\cy_ble_custom.o
LOAD .\CortexM4\ARM_GCC_541\Debug\cy_ble_dis.o
LOAD .\CortexM4\ARM_GCC_541\Debug\cy_ble_ess.o
LOAD .\CortexM4\ARM_GCC_541\Debug\cy_ble_gls.o
LOAD .\CortexM4\ARM_GCC_541\Debug\cy_ble_hids.o
LOAD .\CortexM4\ARM_GCC_541\Debug\cy_ble_hps.o
LOAD .\CortexM4\ARM_GCC_541\Debug\cy_ble_hrs.o
LOAD .\CortexM4\ARM_GCC_541\Debug\cy_ble_hts.o
LOAD .\CortexM4\ARM_GCC_541\Debug\cy_ble_ias.o
LOAD .\CortexM4\ARM_GCC_541\Debug\cy_ble_ips.o
LOAD .\CortexM4\ARM_GCC_541\Debug\cy_ble_lls.o
LOAD .\CortexM4\ARM_GCC_541\Debug\cy_ble_lns.o
LOAD .\CortexM4\ARM_GCC_541\Debug\cy_ble_ndcs.o
LOAD .\CortexM4\ARM_GCC_541\Debug\cy_ble_plxs.o
LOAD .\CortexM4\ARM_GCC_541\Debug\cy_ble_pass.o
LOAD .\CortexM4\ARM_GCC_541\Debug\cy_ble_rscs.o
LOAD .\CortexM4\ARM_GCC_541\Debug\cy_ble_rtus.o
LOAD .\CortexM4\ARM_GCC_541\Debug\cy_ble_scps.o
LOAD .\CortexM4\ARM_GCC_541\Debug\cy_ble_tps.o
LOAD .\CortexM4\ARM_GCC_541\Debug\cy_ble_uds.o
LOAD .\CortexM4\ARM_GCC_541\Debug\cy_ble_wpts.o
LOAD .\CortexM4\ARM_GCC_541\Debug\cy_ble_wss.o
LOAD .\CortexM4\ARM_GCC_541\Debug\croutine.o
LOAD .\CortexM4\ARM_GCC_541\Debug\event_groups.o
LOAD .\CortexM4\ARM_GCC_541\Debug\list.o
LOAD .\CortexM4\ARM_GCC_541\Debug\queue.o
LOAD .\CortexM4\ARM_GCC_541\Debug\tasks.o
LOAD .\CortexM4\ARM_GCC_541\Debug\timers.o
LOAD .\CortexM4\ARM_GCC_541\Debug\stream_buffer.o
LOAD .\CortexM4\ARM_GCC_541\Debug\port.o
LOAD .\CortexM4\ARM_GCC_541\Debug\heap_1.o
LOAD .\CortexM4\ARM_GCC_541\Debug\UART_DEBUG.o
LOAD .\CortexM4\ARM_GCC_541\Debug\BLE.o
LOAD .\CortexM4\ARM_GCC_541\Debug\BLE_config.o
LOAD .\CortexM4\ARM_GCC_541\Debug\BLE_dis_config.o
LOAD .\CortexM4\ARM_GCC_541\Debug\BLE_ias_config.o
LOAD .\CortexM4\ARM_GCC_541\Debug\MCWDT_PDL.o
LOAD .\CortexM4\ARM_GCC_541\Debug\I2C_Pressure.o
LOAD .\CortexM4\ARM_GCC_541\Debug\ADC_Photoresistor.o
LOAD .\CortexM4\ARM_GCC_541\Debug\ADC_Photoresistor_INT.o
LOAD .\CortexM4\ARM_GCC_541\Debug\ADC_Photoresistor_INIT.o
LOAD .\CortexM4\ARM_GCC_541\Debug\ADC_Photoresistor_PM.o
END GROUP
START GROUP
LOAD c:/program files (x86)/cypress/psoc creator/4.4/psoc creator/import/gnu/arm/5.4.1/bin/../lib/gcc/arm-none-eabi/5.4.1/armv7e-m/softfp\libgcc.a
LOAD c:/program files (x86)/cypress/psoc creator/4.4/psoc creator/import/gnu/arm/5.4.1/bin/../lib/gcc/arm-none-eabi/5.4.1/../../../../arm-none-eabi/lib/armv7e-m/softfp\libg_nano.a
LOAD c:/program files (x86)/cypress/psoc creator/4.4/psoc creator/import/gnu/arm/5.4.1/bin/../lib/gcc/arm-none-eabi/5.4.1/../../../../arm-none-eabi/lib/armv7e-m/softfp\libc_nano.a
END GROUP
START GROUP
LOAD c:/program files (x86)/cypress/psoc creator/4.4/psoc creator/import/gnu/arm/5.4.1/bin/../lib/gcc/arm-none-eabi/5.4.1/armv7e-m/softfp\libgcc.a
LOAD c:/program files (x86)/cypress/psoc creator/4.4/psoc creator/import/gnu/arm/5.4.1/bin/../lib/gcc/arm-none-eabi/5.4.1/../../../../arm-none-eabi/lib/armv7e-m/softfp\libc_nano.a
END GROUP
LOAD c:/program files (x86)/cypress/psoc creator/4.4/psoc creator/import/gnu/arm/5.4.1/bin/../lib/gcc/arm-none-eabi/5.4.1/armv7e-m/softfp/crtend.o
LOAD c:/program files (x86)/cypress/psoc creator/4.4/psoc creator/import/gnu/arm/5.4.1/bin/../lib/gcc/arm-none-eabi/5.4.1/armv7e-m/softfp/crtn.o
START GROUP
LOAD c:/program files (x86)/cypress/psoc creator/4.4/psoc creator/import/gnu/arm/5.4.1/bin/../lib/gcc/arm-none-eabi/5.4.1/armv7e-m/softfp\libgcc.a
LOAD c:/program files (x86)/cypress/psoc creator/4.4/psoc creator/import/gnu/arm/5.4.1/bin/../lib/gcc/arm-none-eabi/5.4.1/../../../../arm-none-eabi/lib/armv7e-m/softfp\libc.a
LOAD c:/program files (x86)/cypress/psoc creator/4.4/psoc creator/import/gnu/arm/5.4.1/bin/../lib/gcc/arm-none-eabi/5.4.1/../../../../arm-none-eabi/lib/armv7e-m/softfp\libnosys.a
END GROUP
START GROUP
LOAD c:/program files (x86)/cypress/psoc creator/4.4/psoc creator/import/gnu/arm/5.4.1/bin/../lib/gcc/arm-none-eabi/5.4.1/armv7e-m/softfp\libgcc.a
LOAD c:/program files (x86)/cypress/psoc creator/4.4/psoc creator/import/gnu/arm/5.4.1/bin/../lib/gcc/arm-none-eabi/5.4.1/../../../../arm-none-eabi/lib/armv7e-m/softfp\libc.a
LOAD c:/program files (x86)/cypress/psoc creator/4.4/psoc creator/import/gnu/arm/5.4.1/bin/../lib/gcc/arm-none-eabi/5.4.1/../../../../arm-none-eabi/lib/armv7e-m/softfp\libm.a
LOAD c:/program files (x86)/cypress/psoc creator/4.4/psoc creator/import/gnu/arm/5.4.1/bin/../lib/gcc/arm-none-eabi/5.4.1/../../../../arm-none-eabi/lib/armv7e-m/softfp\libnosys.a
END GROUP

.text           0x10080000     0x7554
                0x10080000                . = ALIGN (0x4)
                0x10080000                __Vectors = .
 *(.vectors)
 .vectors       0x10080000      0x28c .\CortexM4\ARM_GCC_541\Debug\startup_psoc6_01_cm4.o
                0x1008028c                . = ALIGN (0x4)
                0x1008028c                __Vectors_End = .
                0x0000028c                __Vectors_Size = (__Vectors_End - __Vectors)
                0x1008028c                __end__ = .
                0x1008028c                . = ALIGN (0x4)
 *(.text*)
 .text          0x1008028c       0x5c c:/program files (x86)/cypress/psoc creator/4.4/psoc creator/import/gnu/arm/5.4.1/bin/../lib/gcc/arm-none-eabi/5.4.1/armv7e-m/softfp/crtbegin.o
 .text          0x100802e8       0x84 .\CortexM4\ARM_GCC_541\Debug\startup_psoc6_01_cm4.o
                0x100802e8                Cy_OnResetUser
                0x100802ea                Reset_Handler
                0x1008034c                cpuss_interrupts_ipc_6_IRQHandler
                0x1008034c                DebugMon_Handler
                0x1008034c                tcpwm_1_interrupts_11_IRQHandler
                0x1008034c                cpuss_interrupts_ipc_0_IRQHandler
                0x1008034c                tcpwm_1_interrupts_15_IRQHandler
                0x1008034c                ioss_interrupts_gpio_13_IRQHandler
                0x1008034c                tcpwm_1_interrupts_13_IRQHandler
                0x1008034c                cpuss_interrupts_dw1_8_IRQHandler
                0x1008034c                tcpwm_0_interrupts_0_IRQHandler
                0x1008034c                cpuss_interrupt_fm_IRQHandler
                0x1008034c                cpuss_interrupts_ipc_7_IRQHandler
                0x1008034c                tcpwm_1_interrupts_14_IRQHandler
                0x1008034c                cpuss_interrupts_dw0_5_IRQHandler
                0x1008034c                tcpwm_1_interrupts_9_IRQHandler
                0x1008034c                cpuss_interrupts_cm0_cti_1_IRQHandler
                0x1008034c                tcpwm_1_interrupts_22_IRQHandler
                0x1008034c                cpuss_interrupts_dw0_4_IRQHandler
                0x1008034c                NMI_Handler
                0x1008034c                cpuss_interrupts_dw1_12_IRQHandler
                0x1008034c                tcpwm_1_interrupts_12_IRQHandler
                0x1008034c                smif_interrupt_IRQHandler
                0x1008034c                tcpwm_1_interrupts_2_IRQHandler
                0x1008034c                cpuss_interrupts_ipc_13_IRQHandler
                0x1008034c                udb_interrupts_11_IRQHandler
                0x1008034c                tcpwm_1_interrupts_18_IRQHandler
                0x1008034c                cpuss_interrupts_dw0_11_IRQHandler
                0x1008034c                tcpwm_0_interrupts_2_IRQHandler
                0x1008034c                cpuss_interrupts_dw0_13_IRQHandler
                0x1008034c                udb_interrupts_2_IRQHandler
                0x1008034c                cpuss_interrupts_dw1_7_IRQHandler
                0x1008034c                ioss_interrupts_gpio_1_IRQHandler
                0x1008034c                ioss_interrupts_gpio_7_IRQHandler
                0x1008034c                scb_5_interrupt_IRQHandler
                0x1008034c                udb_interrupts_6_IRQHandler
                0x1008034c                cpuss_interrupts_fault_1_IRQHandler
                0x1008034c                cpuss_interrupts_ipc_4_IRQHandler
                0x1008034c                cpuss_interrupts_ipc_5_IRQHandler
                0x1008034c                cpuss_interrupts_dw1_10_IRQHandler
                0x1008034c                udb_interrupts_0_IRQHandler
                0x1008034c                tcpwm_1_interrupts_6_IRQHandler
                0x1008034c                scb_4_interrupt_IRQHandler
                0x1008034c                pass_interrupt_dacs_IRQHandler
                0x1008034c                ioss_interrupts_gpio_2_IRQHandler
                0x1008034c                cpuss_interrupts_dw1_9_IRQHandler
                0x1008034c                cpuss_interrupts_dw1_13_IRQHandler
                0x1008034c                scb_2_interrupt_IRQHandler
                0x1008034c                cpuss_interrupts_cm0_cti_0_IRQHandler
                0x1008034c                udb_interrupts_5_IRQHandler
                0x1008034c                srss_interrupt_IRQHandler
                0x1008034c                udb_interrupts_12_IRQHandler
                0x1008034c                scb_0_interrupt_IRQHandler
                0x1008034c                csd_interrupt_IRQHandler
                0x1008034c                udb_interrupts_1_IRQHandler
                0x1008034c                profile_interrupt_IRQHandler
                0x1008034c                tcpwm_1_interrupts_1_IRQHandler
                0x1008034c                cpuss_interrupts_ipc_12_IRQHandler
                0x1008034c                tcpwm_1_interrupts_3_IRQHandler
                0x1008034c                tcpwm_0_interrupts_7_IRQHandler
                0x1008034c                cpuss_interrupts_dw1_1_IRQHandler
                0x1008034c                cpuss_interrupts_dw1_0_IRQHandler
                0x1008034c                cpuss_interrupts_dw0_9_IRQHandler
                0x1008034c                lpcomp_interrupt_IRQHandler
                0x1008034c                tcpwm_1_interrupts_23_IRQHandler
                0x1008034c                udb_interrupts_4_IRQHandler
                0x1008034c                tcpwm_1_interrupts_20_IRQHandler
                0x1008034c                ioss_interrupt_gpio_IRQHandler
                0x1008034c                tcpwm_0_interrupts_1_IRQHandler
                0x1008034c                ioss_interrupts_gpio_8_IRQHandler
                0x1008034c                tcpwm_0_interrupts_6_IRQHandler
                0x1008034c                scb_7_interrupt_IRQHandler
                0x1008034c                tcpwm_1_interrupts_7_IRQHandler
                0x1008034c                cpuss_interrupts_ipc_11_IRQHandler
                0x1008034c                udb_interrupts_13_IRQHandler
                0x1008034c                cpuss_interrupts_dw0_15_IRQHandler
                0x1008034c                udb_interrupts_7_IRQHandler
                0x1008034c                cpuss_interrupts_dw1_6_IRQHandler
                0x1008034c                cpuss_interrupt_crypto_IRQHandler
                0x1008034c                scb_1_interrupt_IRQHandler
                0x1008034c                Default_Handler
                0x1008034c                usb_interrupt_hi_IRQHandler
                0x1008034c                tcpwm_1_interrupts_0_IRQHandler
                0x1008034c                udb_interrupts_9_IRQHandler
                0x1008034c                audioss_interrupt_pdm_IRQHandler
                0x1008034c                srss_interrupt_mcwdt_0_IRQHandler
                0x1008034c                scb_3_interrupt_IRQHandler
                0x1008034c                pass_interrupt_ctbs_IRQHandler
                0x1008034c                udb_interrupts_8_IRQHandler
                0x1008034c                ioss_interrupts_gpio_3_IRQHandler
                0x1008034c                scb_6_interrupt_IRQHandler
                0x1008034c                cpuss_interrupts_cm4_cti_0_IRQHandler
                0x1008034c                cpuss_interrupts_dw1_3_IRQHandler
                0x1008034c                pass_interrupt_sar_IRQHandler
                0x1008034c                ioss_interrupts_gpio_0_IRQHandler
                0x1008034c                ioss_interrupts_gpio_14_IRQHandler
                0x1008034c                tcpwm_0_interrupts_4_IRQHandler
                0x1008034c                udb_interrupts_3_IRQHandler
                0x1008034c                tcpwm_0_interrupts_5_IRQHandler
                0x1008034c                cpuss_interrupts_ipc_15_IRQHandler
                0x1008034c                cpuss_interrupts_cm4_cti_1_IRQHandler
                0x1008034c                scb_8_interrupt_IRQHandler
                0x1008034c                srss_interrupt_mcwdt_1_IRQHandler
                0x1008034c                cpuss_interrupts_dw1_2_IRQHandler
                0x1008034c                cpuss_interrupts_dw1_5_IRQHandler
                0x1008034c                cpuss_interrupts_ipc_1_IRQHandler
                0x1008034c                cpuss_interrupts_dw0_0_IRQHandler
                0x1008034c                ioss_interrupts_gpio_12_IRQHandler
                0x1008034c                cpuss_interrupts_ipc_3_IRQHandler
                0x1008034c                tcpwm_1_interrupts_17_IRQHandler
                0x1008034c                srss_interrupt_backup_IRQHandler
                0x1008034c                bless_interrupt_IRQHandler
                0x1008034c                cpuss_interrupts_ipc_10_IRQHandler
                0x1008034c                cpuss_interrupts_ipc_9_IRQHandler
                0x1008034c                cpuss_interrupts_dw0_14_IRQHandler
                0x1008034c                tcpwm_1_interrupts_4_IRQHandler
                0x1008034c                tcpwm_0_interrupts_3_IRQHandler
                0x1008034c                cpuss_interrupts_dw1_15_IRQHandler
                0x1008034c                ioss_interrupts_gpio_10_IRQHandler
                0x1008034c                udb_interrupts_10_IRQHandler
                0x1008034c                cpuss_interrupts_dw0_8_IRQHandler
                0x1008034c                ioss_interrupts_gpio_11_IRQHandler
                0x1008034c                cpuss_interrupts_ipc_14_IRQHandler
                0x1008034c                ioss_interrupts_gpio_5_IRQHandler
                0x1008034c                ioss_interrupts_gpio_4_IRQHandler
                0x1008034c                tcpwm_1_interrupts_8_IRQHandler
                0x1008034c                cpuss_interrupts_dw1_14_IRQHandler
                0x1008034c                usb_interrupt_med_IRQHandler
                0x1008034c                cpuss_interrupts_dw0_2_IRQHandler
                0x1008034c                tcpwm_1_interrupts_10_IRQHandler
                0x1008034c                cpuss_interrupts_fault_0_IRQHandler
                0x1008034c                cpuss_interrupts_dw0_12_IRQHandler
                0x1008034c                ioss_interrupts_gpio_6_IRQHandler
                0x1008034c                tcpwm_1_interrupts_21_IRQHandler
                0x1008034c                tcpwm_1_interrupts_16_IRQHandler
                0x1008034c                cpuss_interrupts_dw1_4_IRQHandler
                0x1008034c                udb_interrupts_15_IRQHandler
                0x1008034c                cpuss_interrupts_dw1_11_IRQHandler
                0x1008034c                cpuss_interrupts_dw0_6_IRQHandler
                0x1008034c                ioss_interrupt_vdd_IRQHandler
                0x1008034c                cpuss_interrupts_dw0_7_IRQHandler
                0x1008034c                audioss_interrupt_i2s_IRQHandler
                0x1008034c                tcpwm_1_interrupts_5_IRQHandler
                0x1008034c                cpuss_interrupts_ipc_2_IRQHandler
                0x1008034c                cpuss_interrupts_dw0_10_IRQHandler
                0x1008034c                tcpwm_1_interrupts_19_IRQHandler
                0x1008034c                cpuss_interrupts_dw0_1_IRQHandler
                0x1008034c                ioss_interrupts_gpio_9_IRQHandler
                0x1008034c                usb_interrupt_lo_IRQHandler
                0x1008034c                cpuss_interrupts_ipc_8_IRQHandler
                0x1008034c                udb_interrupts_14_IRQHandler
                0x1008034c                cpuss_interrupts_dw0_3_IRQHandler
                0x10080350                UsageFault_Handler
                0x10080350                HardFault_Handler
                0x10080350                MemManage_Handler
                0x10080350                BusFault_Handler
 .text.Fraction_Convert
                0x1008036c       0x60 .\CortexM4\ARM_GCC_541\Debug\main_cm4.o
                0x1008036c                Fraction_Convert
 .text.Map      0x100803cc       0x28 .\CortexM4\ARM_GCC_541\Debug\main_cm4.o
                0x100803cc                Map
 .text.main     0x100803f4      0x15c .\CortexM4\ARM_GCC_541\Debug\main_cm4.o
                0x100803f4                main
 .text.Cy_SysIpcPipeIsrCm4
                0x10080550        0xc .\CortexM4\ARM_GCC_541\Debug\system_psoc6_cm4.o
                0x10080550                Cy_SysIpcPipeIsrCm4
 .text.Cy_SystemInit
                0x1008055c        0x4 .\CortexM4\ARM_GCC_541\Debug\system_psoc6_cm4.o
                0x1008055c                Cy_SystemInit
 .text.SystemCoreClockUpdate
                0x10080560      0x190 .\CortexM4\ARM_GCC_541\Debug\system_psoc6_cm4.o
                0x10080560                SystemCoreClockUpdate
 .text.SystemInit
                0x100806f0       0x48 .\CortexM4\ARM_GCC_541\Debug\system_psoc6_cm4.o
                0x100806f0                SystemInit
 .text.Cy_SystemInitFpuEnable
                0x10080738       0x28 .\CortexM4\ARM_GCC_541\Debug\system_psoc6_cm4.o
                0x10080738                Cy_SystemInitFpuEnable
 .text.ShowError
                0x10080760       0x28 .\CortexM4\ARM_GCC_541\Debug\debug.o
                0x10080760                ShowError
 .text.expectPulse
                0x10080788       0x44 .\CortexM4\ARM_GCC_541\Debug\DHT11.o
                0x10080788                expectPulse
 .text.handle_error
                0x100807cc       0x14 .\CortexM4\ARM_GCC_541\Debug\DHT11.o
                0x100807cc                handle_error
 .text.DHT_Read
                0x100807e0      0x168 .\CortexM4\ARM_GCC_541\Debug\DHT11.o
                0x100807e0                DHT_Read
 .text.MCWDT_Interrupt_Handler
                0x10080948       0x4c .\CortexM4\ARM_GCC_541\Debug\BLEFineMe.o
                0x10080948                MCWDT_Interrupt_Handler
 .text.StackEventHandler
                0x10080994      0x15c .\CortexM4\ARM_GCC_541\Debug\BLEFineMe.o
                0x10080994                StackEventHandler
 .text.IasEventHandler
                0x10080af0       0x1c .\CortexM4\ARM_GCC_541\Debug\BLEFineMe.o
                0x10080af0                IasEventHandler
 .text.BleFindMe_Init
                0x10080b0c       0xa0 .\CortexM4\ARM_GCC_541\Debug\BLEFineMe.o
                0x10080b0c                BleFindMe_Init
 .text.EnterLowPowerMode
                0x10080bac        0xc .\CortexM4\ARM_GCC_541\Debug\BLEFineMe.o
                0x10080bac                EnterLowPowerMode
 .text.BleFindMe_Process
                0x10080bb8       0xa8 .\CortexM4\ARM_GCC_541\Debug\BLEFineMe.o
                0x10080bb8                BleFindMe_Process
 .text.Cy_Flash_ProcessOpcode
                0x10080c60       0xac .\CortexM4\ARM_GCC_541\Debug\cy_flash.o
 .text.Cy_Flash_OperationStatus
                0x10080d0c       0x5c .\CortexM4\ARM_GCC_541\Debug\cy_flash.o
 .text.Cy_Flash_InitExt
                0x10080d68       0x80 .\CortexM4\ARM_GCC_541\Debug\cy_flash.o
                0x10080d68                Cy_Flash_InitExt
 .text.Cy_Flash_Init
                0x10080de8       0x10 .\CortexM4\ARM_GCC_541\Debug\cy_flash.o
                0x10080de8                Cy_Flash_Init
 .text.Cy_IPC_Drv_LockRelease
                0x10080df8       0x3c .\CortexM4\ARM_GCC_541\Debug\cy_ipc_drv.o
                0x10080df8                Cy_IPC_Drv_LockRelease
 .text.Cy_IPC_Drv_SendMsgWord
                0x10080e34       0x3c .\CortexM4\ARM_GCC_541\Debug\cy_ipc_drv.o
                0x10080e34                Cy_IPC_Drv_SendMsgWord
 .text.Cy_IPC_Drv_ReadMsgWord
                0x10080e70       0x38 .\CortexM4\ARM_GCC_541\Debug\cy_ipc_drv.o
                0x10080e70                Cy_IPC_Drv_ReadMsgWord
 .text.Cy_IPC_Sema_InitExt
                0x10080ea8       0xac .\CortexM4\ARM_GCC_541\Debug\cy_ipc_sema.o
                0x10080ea8                Cy_IPC_Sema_InitExt
 .text.Cy_IPC_Sema_Init
                0x10080f54       0x64 .\CortexM4\ARM_GCC_541\Debug\cy_ipc_sema.o
                0x10080f54                Cy_IPC_Sema_Init
 .text.Cy_IPC_Sema_Clear
                0x10080fb8       0x88 .\CortexM4\ARM_GCC_541\Debug\cy_ipc_sema.o
                0x10080fb8                Cy_IPC_Sema_Clear
 .text.Cy_IPC_Sema_Status
                0x10081040       0x40 .\CortexM4\ARM_GCC_541\Debug\cy_ipc_sema.o
                0x10081040                Cy_IPC_Sema_Status
 .text.Cy_IPC_Pipe_Config
                0x10081080       0x10 .\CortexM4\ARM_GCC_541\Debug\cy_ipc_pipe.o
                0x10081080                Cy_IPC_Pipe_Config
 .text.Cy_IPC_Pipe_EndpointInit
                0x10081090       0xd0 .\CortexM4\ARM_GCC_541\Debug\cy_ipc_pipe.o
                0x10081090                Cy_IPC_Pipe_EndpointInit
 .text.Cy_IPC_Pipe_Init
                0x10081160       0xb4 .\CortexM4\ARM_GCC_541\Debug\cy_ipc_pipe.o
                0x10081160                Cy_IPC_Pipe_Init
 .text.Cy_IPC_Pipe_SendMessage
                0x10081214       0xa4 .\CortexM4\ARM_GCC_541\Debug\cy_ipc_pipe.o
                0x10081214                Cy_IPC_Pipe_SendMessage
 .text.Cy_IPC_Pipe_RegisterCallback
                0x100812b8       0x50 .\CortexM4\ARM_GCC_541\Debug\cy_ipc_pipe.o
                0x100812b8                Cy_IPC_Pipe_RegisterCallback
 .text.Cy_IPC_Pipe_RegisterCallbackRel
                0x10081308       0x2c .\CortexM4\ARM_GCC_541\Debug\cy_ipc_pipe.o
                0x10081308                Cy_IPC_Pipe_RegisterCallbackRel
 .text.Cy_IPC_Pipe_ExecCallback
                0x10081334       0xbc .\CortexM4\ARM_GCC_541\Debug\cy_ipc_pipe.o
                0x10081334                Cy_IPC_Pipe_ExecCallback
 .text.Cy_IPC_Pipe_ExecuteCallback
                0x100813f0       0x2c .\CortexM4\ARM_GCC_541\Debug\cy_ipc_pipe.o
                0x100813f0                Cy_IPC_Pipe_ExecuteCallback
 .text.Cy_IPC_Pipe_EndpointPause
                0x1008141c       0x54 .\CortexM4\ARM_GCC_541\Debug\cy_ipc_pipe.o
                0x1008141c                Cy_IPC_Pipe_EndpointPause
 .text.Cy_IPC_Pipe_EndpointResume
                0x10081470       0x48 .\CortexM4\ARM_GCC_541\Debug\cy_ipc_pipe.o
                0x10081470                Cy_IPC_Pipe_EndpointResume
 .text.Cy_SysInt_SetVector
                0x100814b8       0x48 .\CortexM4\ARM_GCC_541\Debug\cy_sysint.o
                0x100814b8                Cy_SysInt_SetVector
 .text.Cy_SysInt_Init
                0x10081500       0x74 .\CortexM4\ARM_GCC_541\Debug\cy_sysint.o
                0x10081500                Cy_SysInt_Init
 .text.Cy_SysLib_Delay
                0x10081574       0x30 .\CortexM4\ARM_GCC_541\Debug\cy_syslib.o
                0x10081574                Cy_SysLib_Delay
 .text.Cy_SysLib_DelayUs
                0x100815a4       0x14 .\CortexM4\ARM_GCC_541\Debug\cy_syslib.o
                0x100815a4                Cy_SysLib_DelayUs
 .text.Cy_SysLib_Halt
                0x100815b8        0x4 .\CortexM4\ARM_GCC_541\Debug\cy_syslib.o
                0x100815b8                Cy_SysLib_Halt
 .text.Cy_SysLib_AssertFailed
                0x100815bc       0x1c .\CortexM4\ARM_GCC_541\Debug\cy_syslib.o
                0x100815bc                Cy_SysLib_AssertFailed
 .text.Cy_SysLib_ProcessingFault
                0x100815d8        0x4 .\CortexM4\ARM_GCC_541\Debug\cy_syslib.o
                0x100815d8                Cy_SysLib_ProcessingFault
 .text.Cy_SysLib_FaultHandler
                0x100815dc       0xa4 .\CortexM4\ARM_GCC_541\Debug\cy_syslib.o
                0x100815dc                Cy_SysLib_FaultHandler
 .text          0x10081680       0x20 .\CortexM4\ARM_GCC_541\Debug\cy_syslib_gcc.o
                0x10081680                Cy_SysLib_DelayCycles
                0x10081692                Cy_SysLib_EnterCriticalSection
                0x1008169a                Cy_SysLib_ExitCriticalSection
 .text.Cy_SysPm_SetHibernateWakeupSource
                0x100816a0       0x68 .\CortexM4\ARM_GCC_541\Debug\cy_syspm.o
                0x100816a0                Cy_SysPm_SetHibernateWakeupSource
 .text.Cy_SysPm_RegisterCallback
                0x10081708       0x5c .\CortexM4\ARM_GCC_541\Debug\cy_syspm.o
                0x10081708                Cy_SysPm_RegisterCallback
 .text.Cy_SysPm_UnregisterCallback
                0x10081764       0x68 .\CortexM4\ARM_GCC_541\Debug\cy_syspm.o
                0x10081764                Cy_SysPm_UnregisterCallback
 .text.Cy_SysPm_ExecuteCallback
                0x100817cc       0xc8 .\CortexM4\ARM_GCC_541\Debug\cy_syspm.o
                0x100817cc                Cy_SysPm_ExecuteCallback
 .text.Cy_SysPm_SystemEnterHibernate
                0x10081894       0x74 .\CortexM4\ARM_GCC_541\Debug\cy_syspm.o
                0x10081894                Cy_SysPm_SystemEnterHibernate
 .text.Cy_SysPm_SaveRegisters
                0x10081908       0x70 .\CortexM4\ARM_GCC_541\Debug\cy_syspm.o
                0x10081908                Cy_SysPm_SaveRegisters
 .text.Cy_SysPm_RestoreRegisters
                0x10081978       0x70 .\CortexM4\ARM_GCC_541\Debug\cy_syspm.o
                0x10081978                Cy_SysPm_RestoreRegisters
 .text.Cy_SysPm_CpuEnterDeepSleep
                0x100819e8      0x110 .\CortexM4\ARM_GCC_541\Debug\cy_syspm.o
                0x100819e8                Cy_SysPm_CpuEnterDeepSleep
 .text.Cy_PDL_Init
                0x10081af8        0xc .\CortexM4\ARM_GCC_541\Debug\cy_device.o
                0x10081af8                Cy_PDL_Init
 .text.Cy_MCWDT_Init
                0x10081b04       0xe4 .\CortexM4\ARM_GCC_541\Debug\cy_mcwdt.o
                0x10081b04                Cy_MCWDT_Init
 .text.Cy_SCB_WriteString
                0x10081be8       0x30 .\CortexM4\ARM_GCC_541\Debug\cy_scb_common.o
                0x10081be8                Cy_SCB_WriteString
 .text.Cy_SCB_UART_Init
                0x10081c18      0x364 .\CortexM4\ARM_GCC_541\Debug\cy_scb_uart.o
                0x10081c18                Cy_SCB_UART_Init
 .text.Cy_SAR_Init
                0x10081f7c      0x200 .\CortexM4\ARM_GCC_541\Debug\cy_sar.o
                0x10081f7c                Cy_SAR_Init
 .text.Cy_SAR_DeInit
                0x1008217c       0x70 .\CortexM4\ARM_GCC_541\Debug\cy_sar.o
                0x1008217c                Cy_SAR_DeInit
 .text.Cy_SAR_Enable
                0x100821ec       0x20 .\CortexM4\ARM_GCC_541\Debug\cy_sar.o
                0x100821ec                Cy_SAR_Enable
 .text.Cy_SAR_StartConvert
                0x1008220c       0x2c .\CortexM4\ARM_GCC_541\Debug\cy_sar.o
                0x1008220c                Cy_SAR_StartConvert
 .text.Cy_SAR_IsEndConversion
                0x10082238       0x64 .\CortexM4\ARM_GCC_541\Debug\cy_sar.o
                0x10082238                Cy_SAR_IsEndConversion
 .text.Cy_SAR_GetResult16
                0x1008229c       0x2c .\CortexM4\ARM_GCC_541\Debug\cy_sar.o
                0x1008229c                Cy_SAR_GetResult16
 .text.Cy_BLE_DeepSleepCallback
                0x100822c8       0x88 .\CortexM4\ARM_GCC_541\Debug\cy_ble.o
                0x100822c8                Cy_BLE_DeepSleepCallback
 .text.Cy_BLE_SleepCallback
                0x10082350       0x64 .\CortexM4\ARM_GCC_541\Debug\cy_ble.o
                0x10082350                Cy_BLE_SleepCallback
 .text.Cy_BLE_UnregisterHostPMCallbacks
                0x100823b4       0x18 .\CortexM4\ARM_GCC_541\Debug\cy_ble.o
                0x100823b4                Cy_BLE_UnregisterHostPMCallbacks
 .text.Cy_BLE_Init
                0x100823cc       0x44 .\CortexM4\ARM_GCC_541\Debug\cy_ble.o
                0x100823cc                Cy_BLE_Init
 .text.Cy_BLE_Enable
                0x10082410      0x120 .\CortexM4\ARM_GCC_541\Debug\cy_ble.o
                0x10082410                Cy_BLE_Enable
 .text.Cy_BLE_Disable
                0x10082530        0x8 .\CortexM4\ARM_GCC_541\Debug\cy_ble.o
                0x10082530                Cy_BLE_Disable
 .text.Cy_BLE_IPC_HostMsgFlushRecvCallBack
                0x10082538       0x1c .\CortexM4\ARM_GCC_541\Debug\cy_ble_hal_pvt.o
 .text.Cy_BLE_IPC_HostMsgRecvCallBack
                0x10082554       0x1c .\CortexM4\ARM_GCC_541\Debug\cy_ble_hal_pvt.o
 .text.Cy_BLE_HAL_BlockCalcCRC8
                0x10082570       0x34 .\CortexM4\ARM_GCC_541\Debug\cy_ble_hal_pvt.o
                0x10082570                Cy_BLE_HAL_BlockCalcCRC8
 .text.Cy_BLE_HAL_EnterCriticalSection
                0x100825a4        0x8 .\CortexM4\ARM_GCC_541\Debug\cy_ble_hal_pvt.o
                0x100825a4                Cy_BLE_HAL_EnterCriticalSection
 .text.Cy_BLE_HAL_ExitCriticalSection
                0x100825ac        0x8 .\CortexM4\ARM_GCC_541\Debug\cy_ble_hal_pvt.o
                0x100825ac                Cy_BLE_HAL_ExitCriticalSection
 .text.Cy_BLE_HAL_EnableHostIpcPipeInterrupt
                0x100825b4        0xc .\CortexM4\ARM_GCC_541\Debug\cy_ble_hal_pvt.o
                0x100825b4                Cy_BLE_HAL_EnableHostIpcPipeInterrupt
 .text.Cy_BLE_HAL_DisableHostIpcPipeInterrupt
                0x100825c0        0xc .\CortexM4\ARM_GCC_541\Debug\cy_ble_hal_pvt.o
                0x100825c0                Cy_BLE_HAL_DisableHostIpcPipeInterrupt
 .text.Cy_BLE_IPC_HostRegisterClientCallbacks
                0x100825cc       0x34 .\CortexM4\ARM_GCC_541\Debug\cy_ble_hal_pvt.o
                0x100825cc                Cy_BLE_IPC_HostRegisterClientCallbacks
 .text.Cy_BLE_IPC_SendMessageToController
                0x10082600       0x20 .\CortexM4\ARM_GCC_541\Debug\cy_ble_hal_pvt.o
                0x10082600                Cy_BLE_IPC_SendMessageToController
 .text.Cy_BLE_HAL_EccHeapInit
                0x10082620        0x4 .\CortexM4\ARM_GCC_541\Debug\cy_ble_hal_pvt.o
                0x10082620                Cy_BLE_HAL_EccHeapInit
 .text.Cy_BLE_HAL_EccHeapDeInit
                0x10082624        0x4 .\CortexM4\ARM_GCC_541\Debug\cy_ble_hal_pvt.o
                0x10082624                Cy_BLE_HAL_EccHeapDeInit
 .text.Cy_BLE_HAL_EccGetFeatureHeapReq
                0x10082628        0x4 .\CortexM4\ARM_GCC_541\Debug\cy_ble_hal_pvt.o
                0x10082628                Cy_BLE_HAL_EccGetFeatureHeapReq
 .text.Cy_BLE_HAL_PairingLocalPublicKeyHandler
                0x1008262c        0x8 .\CortexM4\ARM_GCC_541\Debug\cy_ble_hal_pvt.o
                0x1008262c                Cy_BLE_HAL_PairingLocalPublicKeyHandler
 .text.Cy_BLE_HAL_PairingRemoteKeyHandler
                0x10082634        0x8 .\CortexM4\ARM_GCC_541\Debug\cy_ble_hal_pvt.o
                0x10082634                Cy_BLE_HAL_PairingRemoteKeyHandler
 .text.Cy_BLE_HAL_PairingDhkeyHandler
                0x1008263c        0x8 .\CortexM4\ARM_GCC_541\Debug\cy_ble_hal_pvt.o
                0x1008263c                Cy_BLE_HAL_PairingDhkeyHandler
 .text.Cy_BLE_HAL_PairingDhkeyCheckHandler
                0x10082644        0x8 .\CortexM4\ARM_GCC_541\Debug\cy_ble_hal_pvt.o
                0x10082644                Cy_BLE_HAL_PairingDhkeyCheckHandler
 .text.Cy_BLE_HAL_PairingKeypressNotificationHandler
                0x1008264c        0x8 .\CortexM4\ARM_GCC_541\Debug\cy_ble_hal_pvt.o
                0x1008264c                Cy_BLE_HAL_PairingKeypressNotificationHandler
 .text.Cy_BLE_HAL_PairingRandHandler
                0x10082654        0x8 .\CortexM4\ARM_GCC_541\Debug\cy_ble_hal_pvt.o
                0x10082654                Cy_BLE_HAL_PairingRandHandler
 .text.Cy_BLE_HAL_PairingConfirmHandler
                0x1008265c        0x8 .\CortexM4\ARM_GCC_541\Debug\cy_ble_hal_pvt.o
                0x1008265c                Cy_BLE_HAL_PairingConfirmHandler
 .text.Cy_BLE_HAL_PairingLrConfirmingHandler
                0x10082664        0x8 .\CortexM4\ARM_GCC_541\Debug\cy_ble_hal_pvt.o
                0x10082664                Cy_BLE_HAL_PairingLrConfirmingHandler
 .text.Cy_BLE_HAL_PairingScTbxLocalPubkeyGenerateComplete
                0x1008266c        0x8 .\CortexM4\ARM_GCC_541\Debug\cy_ble_hal_pvt.o
                0x1008266c                Cy_BLE_HAL_PairingScTbxLocalPubkeyGenerateComplete
 .text.Cy_BLE_HAL_PairingScTbxGenerateLocalP256PublicKey
                0x10082674        0x8 .\CortexM4\ARM_GCC_541\Debug\cy_ble_hal_pvt.o
                0x10082674                Cy_BLE_HAL_PairingScTbxGenerateLocalP256PublicKey
 .text.Cy_BLE_HAL_SeSmpScUserPasskeyHandler
                0x1008267c        0x8 .\CortexM4\ARM_GCC_541\Debug\cy_ble_hal_pvt.o
                0x1008267c                Cy_BLE_HAL_SeSmpScUserPasskeyHandler
 .text.Cy_BLE_HAL_EccPointMult
                0x10082684        0x4 .\CortexM4\ARM_GCC_541\Debug\cy_ble_hal_pvt.o
                0x10082684                Cy_BLE_HAL_EccPointMult
 .text.Cy_BLE_ServiceInit
                0x10082688       0x18 .\CortexM4\ARM_GCC_541\Debug\cy_ble_gap.o
                0x10082688                Cy_BLE_ServiceInit
 .text.Cy_BLE_GAPP_StartAdvertisement
                0x100826a0      0x120 .\CortexM4\ARM_GCC_541\Debug\cy_ble_gap.o
                0x100826a0                Cy_BLE_GAPP_StartAdvertisement
 .text.Cy_BLE_ChangeAdDeviceAddress
                0x100827c0       0x5c .\CortexM4\ARM_GCC_541\Debug\cy_ble_gap.o
                0x100827c0                Cy_BLE_ChangeAdDeviceAddress
 .text.Cy_BLE_GATTS_WriteAttributeValueCCCD
                0x1008281c       0x50 .\CortexM4\ARM_GCC_541\Debug\cy_ble_gatt.o
                0x1008281c                Cy_BLE_GATTS_WriteAttributeValueCCCD
 .text.Cy_BLE_GATTS_WriteEventHandler
                0x1008286c       0x84 .\CortexM4\ARM_GCC_541\Debug\cy_ble_gatt.o
                0x1008286c                Cy_BLE_GATTS_WriteEventHandler
 .text.Cy_BLE_GATTS_ReadAttributeValueCCCD
                0x100828f0       0x54 .\CortexM4\ARM_GCC_541\Debug\cy_ble_gatt.o
                0x100828f0                Cy_BLE_GATTS_ReadAttributeValueCCCD
 .text.Cy_BLE_GATTS_ReadAttributeValueCCCDReqHandler
                0x10082944       0x58 .\CortexM4\ARM_GCC_541\Debug\cy_ble_gatt.o
                0x10082944                Cy_BLE_GATTS_ReadAttributeValueCCCDReqHandler
 .text.Cy_BLE_SendWriteResponse
                0x1008299c       0x44 .\CortexM4\ARM_GCC_541\Debug\cy_ble_event_handler.o
 .text.Cy_BLE_RegisterServiceEventHandler
                0x100829e0       0x60 .\CortexM4\ARM_GCC_541\Debug\cy_ble_event_handler.o
                0x100829e0                Cy_BLE_RegisterServiceEventHandler
 .text.Cy_BLE_InvokeServiceEventHandler
                0x10082a40       0x38 .\CortexM4\ARM_GCC_541\Debug\cy_ble_event_handler.o
                0x10082a40                Cy_BLE_InvokeServiceEventHandler
 .text.Cy_BLE_IsDeviceAddressValid
                0x10082a78       0x20 .\CortexM4\ARM_GCC_541\Debug\cy_ble_event_handler.o
                0x10082a78                Cy_BLE_IsDeviceAddressValid
 .text.Cy_BLE_EventHandler
                0x10082a98      0x638 .\CortexM4\ARM_GCC_541\Debug\cy_ble_event_handler.o
                0x10082a98                Cy_BLE_EventHandler
 .text.Cy_BLE_DIS_EventHandler
                0x100830d0        0x4 .\CortexM4\ARM_GCC_541\Debug\cy_ble_dis.o
 .text.Cy_BLE_DIS_Init
                0x100830d4       0x20 .\CortexM4\ARM_GCC_541\Debug\cy_ble_dis.o
                0x100830d4                Cy_BLE_DIS_Init
 .text.Cy_BLE_IASS_WriteCmdEventHandler
                0x100830f4       0x80 .\CortexM4\ARM_GCC_541\Debug\cy_ble_ias.o
 .text.Cy_BLE_IASS_DisconnectEventHandler
                0x10083174       0x3c .\CortexM4\ARM_GCC_541\Debug\cy_ble_ias.o
 .text.Cy_BLE_IAS_EventHandler
                0x100831b0       0x30 .\CortexM4\ARM_GCC_541\Debug\cy_ble_ias.o
 .text.Cy_BLE_IAS_Init
                0x100831e0       0x2c .\CortexM4\ARM_GCC_541\Debug\cy_ble_ias.o
                0x100831e0                Cy_BLE_IAS_Init
 .text.Cy_BLE_IAS_RegisterAttrCallback
                0x1008320c       0x1c .\CortexM4\ARM_GCC_541\Debug\cy_ble_ias.o
                0x1008320c                Cy_BLE_IAS_RegisterAttrCallback
 .text.Cy_BLE_IASS_GetCharacteristicValue
                0x10083228       0x54 .\CortexM4\ARM_GCC_541\Debug\cy_ble_ias.o
                0x10083228                Cy_BLE_IASS_GetCharacteristicValue
 .text.vListInsertEnd
                0x1008327c       0x18 .\CortexM4\ARM_GCC_541\Debug\list.o
                0x1008327c                vListInsertEnd
 .text.uxListRemove
                0x10083294       0x28 .\CortexM4\ARM_GCC_541\Debug\list.o
                0x10083294                uxListRemove
 .text.prvResetNextTaskUnblockTime
                0x100832bc       0x2c .\CortexM4\ARM_GCC_541\Debug\tasks.o
 .text.xTaskIncrementTick
                0x100832e8       0xfc .\CortexM4\ARM_GCC_541\Debug\tasks.o
                0x100832e8                xTaskIncrementTick
 .text.vTaskSwitchContext
                0x100833e4       0xc8 .\CortexM4\ARM_GCC_541\Debug\tasks.o
                0x100833e4                vTaskSwitchContext
 *fill*         0x100834ac        0x4 
 .text.SVC_Handler
                0x100834b0       0x24 .\CortexM4\ARM_GCC_541\Debug\port.o
                0x100834b0                SVC_Handler
 *fill*         0x100834d4        0xc 
 .text.PendSV_Handler
                0x100834e0       0x64 .\CortexM4\ARM_GCC_541\Debug\port.o
                0x100834e0                PendSV_Handler
 .text.SysTick_Handler
                0x10083544       0x2c .\CortexM4\ARM_GCC_541\Debug\port.o
                0x10083544                SysTick_Handler
 .text.vApplicationStackOverflowHook
                0x10083570       0x24 .\CortexM4\ARM_GCC_541\Debug\port.o
                0x10083570                vApplicationStackOverflowHook
 .text.UART_DEBUG_Start
                0x10083594       0x34 .\CortexM4\ARM_GCC_541\Debug\UART_DEBUG.o
                0x10083594                UART_DEBUG_Start
 .text.Cy_BLE_Start
                0x100835c8       0x38 .\CortexM4\ARM_GCC_541\Debug\BLE.o
                0x100835c8                Cy_BLE_Start
 .text.Cy_BLE_Stop
                0x10083600        0x8 .\CortexM4\ARM_GCC_541\Debug\BLE.o
                0x10083600                Cy_BLE_Stop
 .text.ADC_Photoresistor_InitConfig
                0x10083608       0x84 .\CortexM4\ARM_GCC_541\Debug\ADC_Photoresistor.o
                0x10083608                ADC_Photoresistor_InitConfig
 .text.ADC_Photoresistor_StartConvert
                0x1008368c       0x24 .\CortexM4\ARM_GCC_541\Debug\ADC_Photoresistor.o
                0x1008368c                ADC_Photoresistor_StartConvert
 .text.ADC_Photoresistor_IsEndConversion
                0x100836b0       0x18 .\CortexM4\ARM_GCC_541\Debug\ADC_Photoresistor.o
                0x100836b0                ADC_Photoresistor_IsEndConversion
 .text.ADC_Photoresistor_Init
                0x100836c8       0x34 .\CortexM4\ARM_GCC_541\Debug\ADC_Photoresistor.o
                0x100836c8                ADC_Photoresistor_Init
 .text.ADC_Photoresistor_Start
                0x100836fc       0x2c .\CortexM4\ARM_GCC_541\Debug\ADC_Photoresistor.o
                0x100836fc                ADC_Photoresistor_Start
 .text.ADC_Photoresistor_ISR
                0x10083728       0x30 .\CortexM4\ARM_GCC_541\Debug\ADC_Photoresistor_INT.o
                0x10083728                ADC_Photoresistor_ISR
 .text          0x10083758      0x370 c:/program files (x86)/cypress/psoc creator/4.4/psoc creator/import/gnu/arm/5.4.1/bin/../lib/gcc/arm-none-eabi/5.4.1/armv7e-m/softfp\libgcc.a(_arm_addsubdf3.o)
                0x10083758                __aeabi_drsub
                0x10083760                __aeabi_dsub
                0x10083760                __subdf3
                0x10083764                __aeabi_dadd
                0x10083764                __adddf3
                0x100839dc                __floatunsidf
                0x100839dc                __aeabi_ui2d
                0x100839fc                __floatsidf
                0x100839fc                __aeabi_i2d
                0x10083a20                __aeabi_f2d
                0x10083a20                __extendsfdf2
                0x10083a5c                __floatundidf
                0x10083a5c                __aeabi_ul2d
                0x10083a6c                __floatdidf
                0x10083a6c                __aeabi_l2d
 .text          0x10083ac8      0x424 c:/program files (x86)/cypress/psoc creator/4.4/psoc creator/import/gnu/arm/5.4.1/bin/../lib/gcc/arm-none-eabi/5.4.1/armv7e-m/softfp\libgcc.a(_arm_muldivdf3.o)
                0x10083ac8                __aeabi_dmul
                0x10083ac8                __muldf3
                0x10083d1c                __divdf3
                0x10083d1c                __aeabi_ddiv
 .text          0x10083eec       0xa0 c:/program files (x86)/cypress/psoc creator/4.4/psoc creator/import/gnu/arm/5.4.1/bin/../lib/gcc/arm-none-eabi/5.4.1/armv7e-m/softfp\libgcc.a(_arm_truncdfsf2.o)
                0x10083eec                __truncdfsf2
                0x10083eec                __aeabi_d2f
 .text.memcmp   0x10083f8c       0x1e c:/program files (x86)/cypress/psoc creator/4.4/psoc creator/import/gnu/arm/5.4.1/bin/../lib/gcc/arm-none-eabi/5.4.1/../../../../arm-none-eabi/lib/armv7e-m/softfp\libg_nano.a(lib_a-memcmp.o)
                0x10083f8c                memcmp
 .text.memcpy   0x10083faa       0x16 c:/program files (x86)/cypress/psoc creator/4.4/psoc creator/import/gnu/arm/5.4.1/bin/../lib/gcc/arm-none-eabi/5.4.1/../../../../arm-none-eabi/lib/armv7e-m/softfp\libg_nano.a(lib_a-memcpy-stub.o)
                0x10083faa                memcpy
 .text.memset   0x10083fc0       0x10 c:/program files (x86)/cypress/psoc creator/4.4/psoc creator/import/gnu/arm/5.4.1/bin/../lib/gcc/arm-none-eabi/5.4.1/../../../../arm-none-eabi/lib/armv7e-m/softfp\libg_nano.a(lib_a-memset.o)
                0x10083fc0                memset
 .text.printf   0x10083fd0       0x30 c:/program files (x86)/cypress/psoc creator/4.4/psoc creator/import/gnu/arm/5.4.1/bin/../lib/gcc/arm-none-eabi/5.4.1/../../../../arm-none-eabi/lib/armv7e-m/softfp\libg_nano.a(lib_a-printf.o)
                0x10083fd0                iprintf
                0x10083fd0                printf
 .text.sprintf  0x10084000       0x48 c:/program files (x86)/cypress/psoc creator/4.4/psoc creator/import/gnu/arm/5.4.1/bin/../lib/gcc/arm-none-eabi/5.4.1/../../../../arm-none-eabi/lib/armv7e-m/softfp\libg_nano.a(lib_a-sprintf.o)
                0x10084000                siprintf
                0x10084000                sprintf
 .text.strncpy  0x10084048       0x26 c:/program files (x86)/cypress/psoc creator/4.4/psoc creator/import/gnu/arm/5.4.1/bin/../lib/gcc/arm-none-eabi/5.4.1/../../../../arm-none-eabi/lib/armv7e-m/softfp\libg_nano.a(lib_a-strncpy.o)
                0x10084048                strncpy
 *fill*         0x1008406e        0x2 
 .text._cleanup_r
                0x10084070        0xc c:/program files (x86)/cypress/psoc creator/4.4/psoc creator/import/gnu/arm/5.4.1/bin/../lib/gcc/arm-none-eabi/5.4.1/../../../../arm-none-eabi/lib/armv7e-m/softfp\libg_nano.a(lib_a-findfp.o)
                0x10084070                _cleanup_r
 .text.std.isra.0
                0x1008407c       0x48 c:/program files (x86)/cypress/psoc creator/4.4/psoc creator/import/gnu/arm/5.4.1/bin/../lib/gcc/arm-none-eabi/5.4.1/../../../../arm-none-eabi/lib/armv7e-m/softfp\libg_nano.a(lib_a-findfp.o)
 .text.__sfmoreglue
                0x100840c4       0x2c c:/program files (x86)/cypress/psoc creator/4.4/psoc creator/import/gnu/arm/5.4.1/bin/../lib/gcc/arm-none-eabi/5.4.1/../../../../arm-none-eabi/lib/armv7e-m/softfp\libg_nano.a(lib_a-findfp.o)
                0x100840c4                __sfmoreglue
 .text.__sinit  0x100840f0       0x60 c:/program files (x86)/cypress/psoc creator/4.4/psoc creator/import/gnu/arm/5.4.1/bin/../lib/gcc/arm-none-eabi/5.4.1/../../../../arm-none-eabi/lib/armv7e-m/softfp\libg_nano.a(lib_a-findfp.o)
                0x100840f0                __sinit
 .text.__sfp    0x10084150       0x78 c:/program files (x86)/cypress/psoc creator/4.4/psoc creator/import/gnu/arm/5.4.1/bin/../lib/gcc/arm-none-eabi/5.4.1/../../../../arm-none-eabi/lib/armv7e-m/softfp\libg_nano.a(lib_a-findfp.o)
                0x10084150                __sfp
 .text._fwalk_reent
                0x100841c8       0x3c c:/program files (x86)/cypress/psoc creator/4.4/psoc creator/import/gnu/arm/5.4.1/bin/../lib/gcc/arm-none-eabi/5.4.1/../../../../arm-none-eabi/lib/armv7e-m/softfp\libg_nano.a(lib_a-fwalk.o)
                0x100841c8                _fwalk_reent
 .text._malloc_r
                0x10084204       0xbc c:/program files (x86)/cypress/psoc creator/4.4/psoc creator/import/gnu/arm/5.4.1/bin/../lib/gcc/arm-none-eabi/5.4.1/../../../../arm-none-eabi/lib/armv7e-m/softfp\libg_nano.a(lib_a-nano-mallocr.o)
                0x10084204                _malloc_r
 .text.__ssputs_r
                0x100842c0       0xb2 c:/program files (x86)/cypress/psoc creator/4.4/psoc creator/import/gnu/arm/5.4.1/bin/../lib/gcc/arm-none-eabi/5.4.1/../../../../arm-none-eabi/lib/armv7e-m/softfp\libg_nano.a(lib_a-nano-svfprintf.o)
                0x100842c0                __ssputs_r
 *fill*         0x10084372        0x2 
 .text._svfprintf_r
                0x10084374      0x1e8 c:/program files (x86)/cypress/psoc creator/4.4/psoc creator/import/gnu/arm/5.4.1/bin/../lib/gcc/arm-none-eabi/5.4.1/../../../../arm-none-eabi/lib/armv7e-m/softfp\libg_nano.a(lib_a-nano-svfprintf.o)
                0x10084374                _svfiprintf_r
                0x10084374                _svfprintf_r
 .text.__sfputc_r
                0x1008455c       0x30 c:/program files (x86)/cypress/psoc creator/4.4/psoc creator/import/gnu/arm/5.4.1/bin/../lib/gcc/arm-none-eabi/5.4.1/../../../../arm-none-eabi/lib/armv7e-m/softfp\libg_nano.a(lib_a-nano-vfprintf.o)
 .text.__sfputs_r
                0x1008458c       0x24 c:/program files (x86)/cypress/psoc creator/4.4/psoc creator/import/gnu/arm/5.4.1/bin/../lib/gcc/arm-none-eabi/5.4.1/../../../../arm-none-eabi/lib/armv7e-m/softfp\libg_nano.a(lib_a-nano-vfprintf.o)
                0x1008458c                __sfputs_r
 .text._vfprintf_r
                0x100845b0      0x238 c:/program files (x86)/cypress/psoc creator/4.4/psoc creator/import/gnu/arm/5.4.1/bin/../lib/gcc/arm-none-eabi/5.4.1/../../../../arm-none-eabi/lib/armv7e-m/softfp\libg_nano.a(lib_a-nano-vfprintf.o)
                0x100845b0                _vfprintf_r
                0x100845b0                _vfiprintf_r
 .text._printf_common
                0x100847e8       0xec c:/program files (x86)/cypress/psoc creator/4.4/psoc creator/import/gnu/arm/5.4.1/bin/../lib/gcc/arm-none-eabi/5.4.1/../../../../arm-none-eabi/lib/armv7e-m/softfp\libg_nano.a(lib_a-nano-vfprintf_i.o)
                0x100847e8                _printf_common
 .text._printf_i
                0x100848d4      0x24c c:/program files (x86)/cypress/psoc creator/4.4/psoc creator/import/gnu/arm/5.4.1/bin/../lib/gcc/arm-none-eabi/5.4.1/../../../../arm-none-eabi/lib/armv7e-m/softfp\libg_nano.a(lib_a-nano-vfprintf_i.o)
                0x100848d4                _printf_i
 .text._sbrk_r  0x10084b20       0x20 c:/program files (x86)/cypress/psoc creator/4.4/psoc creator/import/gnu/arm/5.4.1/bin/../lib/gcc/arm-none-eabi/5.4.1/../../../../arm-none-eabi/lib/armv7e-m/softfp\libg_nano.a(lib_a-sbrkr.o)
                0x10084b20                _sbrk_r
 .text.__sread  0x10084b40       0x22 c:/program files (x86)/cypress/psoc creator/4.4/psoc creator/import/gnu/arm/5.4.1/bin/../lib/gcc/arm-none-eabi/5.4.1/../../../../arm-none-eabi/lib/armv7e-m/softfp\libg_nano.a(lib_a-stdio.o)
                0x10084b40                __sread
 .text.__swrite
                0x10084b62       0x38 c:/program files (x86)/cypress/psoc creator/4.4/psoc creator/import/gnu/arm/5.4.1/bin/../lib/gcc/arm-none-eabi/5.4.1/../../../../arm-none-eabi/lib/armv7e-m/softfp\libg_nano.a(lib_a-stdio.o)
                0x10084b62                __swrite
 .text.__sseek  0x10084b9a       0x24 c:/program files (x86)/cypress/psoc creator/4.4/psoc creator/import/gnu/arm/5.4.1/bin/../lib/gcc/arm-none-eabi/5.4.1/../../../../arm-none-eabi/lib/armv7e-m/softfp\libg_nano.a(lib_a-stdio.o)
                0x10084b9a                __sseek
 .text.__sclose
                0x10084bbe        0x8 c:/program files (x86)/cypress/psoc creator/4.4/psoc creator/import/gnu/arm/5.4.1/bin/../lib/gcc/arm-none-eabi/5.4.1/../../../../arm-none-eabi/lib/armv7e-m/softfp\libg_nano.a(lib_a-stdio.o)
                0x10084bbe                __sclose
 *fill*         0x10084bc6        0x2 
 .text.__swbuf_r
                0x10084bc8       0xa8 c:/program files (x86)/cypress/psoc creator/4.4/psoc creator/import/gnu/arm/5.4.1/bin/../lib/gcc/arm-none-eabi/5.4.1/../../../../arm-none-eabi/lib/armv7e-m/softfp\libg_nano.a(lib_a-wbuf.o)
                0x10084bc8                __swbuf_r
 .text._write_r
                0x10084c70       0x24 c:/program files (x86)/cypress/psoc creator/4.4/psoc creator/import/gnu/arm/5.4.1/bin/../lib/gcc/arm-none-eabi/5.4.1/../../../../arm-none-eabi/lib/armv7e-m/softfp\libg_nano.a(lib_a-writer.o)
                0x10084c70                _write_r
 .text.__swsetup_r
                0x10084c94       0xdc c:/program files (x86)/cypress/psoc creator/4.4/psoc creator/import/gnu/arm/5.4.1/bin/../lib/gcc/arm-none-eabi/5.4.1/../../../../arm-none-eabi/lib/armv7e-m/softfp\libg_nano.a(lib_a-wsetup.o)
                0x10084c94                __swsetup_r
 .text._close_r
                0x10084d70       0x20 c:/program files (x86)/cypress/psoc creator/4.4/psoc creator/import/gnu/arm/5.4.1/bin/../lib/gcc/arm-none-eabi/5.4.1/../../../../arm-none-eabi/lib/armv7e-m/softfp\libg_nano.a(lib_a-closer.o)
                0x10084d70                _close_r
 .text.__sflush_r
                0x10084d90      0x110 c:/program files (x86)/cypress/psoc creator/4.4/psoc creator/import/gnu/arm/5.4.1/bin/../lib/gcc/arm-none-eabi/5.4.1/../../../../arm-none-eabi/lib/armv7e-m/softfp\libg_nano.a(lib_a-fflush.o)
                0x10084d90                __sflush_r
 .text._fflush_r
                0x10084ea0       0x54 c:/program files (x86)/cypress/psoc creator/4.4/psoc creator/import/gnu/arm/5.4.1/bin/../lib/gcc/arm-none-eabi/5.4.1/../../../../arm-none-eabi/lib/armv7e-m/softfp\libg_nano.a(lib_a-fflush.o)
                0x10084ea0                _fflush_r
 .text._lseek_r
                0x10084ef4       0x24 c:/program files (x86)/cypress/psoc creator/4.4/psoc creator/import/gnu/arm/5.4.1/bin/../lib/gcc/arm-none-eabi/5.4.1/../../../../arm-none-eabi/lib/armv7e-m/softfp\libg_nano.a(lib_a-lseekr.o)
                0x10084ef4                _lseek_r
 .text.__swhatbuf_r
                0x10084f18       0x46 c:/program files (x86)/cypress/psoc creator/4.4/psoc creator/import/gnu/arm/5.4.1/bin/../lib/gcc/arm-none-eabi/5.4.1/../../../../arm-none-eabi/lib/armv7e-m/softfp\libg_nano.a(lib_a-makebuf.o)
                0x10084f18                __swhatbuf_r
 *fill*         0x10084f5e        0x2 
 .text.__smakebuf_r
                0x10084f60       0x78 c:/program files (x86)/cypress/psoc creator/4.4/psoc creator/import/gnu/arm/5.4.1/bin/../lib/gcc/arm-none-eabi/5.4.1/../../../../arm-none-eabi/lib/armv7e-m/softfp\libg_nano.a(lib_a-makebuf.o)
                0x10084f60                __smakebuf_r
 *fill*         0x10084fd8        0x8 
 .text          0x10084fe0       0xa0 c:/program files (x86)/cypress/psoc creator/4.4/psoc creator/import/gnu/arm/5.4.1/bin/../lib/gcc/arm-none-eabi/5.4.1/../../../../arm-none-eabi/lib/armv7e-m/softfp\libg_nano.a(lib_a-memchr.o)
                0x10084fe0                memchr
 .text.memmove  0x10085080       0x36 c:/program files (x86)/cypress/psoc creator/4.4/psoc creator/import/gnu/arm/5.4.1/bin/../lib/gcc/arm-none-eabi/5.4.1/../../../../arm-none-eabi/lib/armv7e-m/softfp\libg_nano.a(lib_a-memmove.o)
                0x10085080                memmove
 .text.__malloc_lock
                0x100850b6        0x2 c:/program files (x86)/cypress/psoc creator/4.4/psoc creator/import/gnu/arm/5.4.1/bin/../lib/gcc/arm-none-eabi/5.4.1/../../../../arm-none-eabi/lib/armv7e-m/softfp\libg_nano.a(lib_a-mlock.o)
                0x100850b6                __malloc_lock
 .text.__malloc_unlock
                0x100850b8        0x2 c:/program files (x86)/cypress/psoc creator/4.4/psoc creator/import/gnu/arm/5.4.1/bin/../lib/gcc/arm-none-eabi/5.4.1/../../../../arm-none-eabi/lib/armv7e-m/softfp\libg_nano.a(lib_a-mlock.o)
                0x100850b8                __malloc_unlock
 *fill*         0x100850ba        0x2 
 .text._free_r  0x100850bc       0x9c c:/program files (x86)/cypress/psoc creator/4.4/psoc creator/import/gnu/arm/5.4.1/bin/../lib/gcc/arm-none-eabi/5.4.1/../../../../arm-none-eabi/lib/armv7e-m/softfp\libg_nano.a(lib_a-nano-freer.o)
                0x100850bc                _free_r
 .text._realloc_r
                0x10085158       0x4c c:/program files (x86)/cypress/psoc creator/4.4/psoc creator/import/gnu/arm/5.4.1/bin/../lib/gcc/arm-none-eabi/5.4.1/../../../../arm-none-eabi/lib/armv7e-m/softfp\libg_nano.a(lib_a-nano-reallocr.o)
                0x10085158                _realloc_r
 .text._read_r  0x100851a4       0x24 c:/program files (x86)/cypress/psoc creator/4.4/psoc creator/import/gnu/arm/5.4.1/bin/../lib/gcc/arm-none-eabi/5.4.1/../../../../arm-none-eabi/lib/armv7e-m/softfp\libg_nano.a(lib_a-readr.o)
                0x100851a4                _read_r
 .text._fstat_r
                0x100851c8       0x24 c:/program files (x86)/cypress/psoc creator/4.4/psoc creator/import/gnu/arm/5.4.1/bin/../lib/gcc/arm-none-eabi/5.4.1/../../../../arm-none-eabi/lib/armv7e-m/softfp\libg_nano.a(lib_a-fstatr.o)
                0x100851c8                _fstat_r
 .text._isatty_r
                0x100851ec       0x20 c:/program files (x86)/cypress/psoc creator/4.4/psoc creator/import/gnu/arm/5.4.1/bin/../lib/gcc/arm-none-eabi/5.4.1/../../../../arm-none-eabi/lib/armv7e-m/softfp\libg_nano.a(lib_a-isattyr.o)
                0x100851ec                _isatty_r
 .text._malloc_usable_size_r
                0x1008520c       0x14 c:/program files (x86)/cypress/psoc creator/4.4/psoc creator/import/gnu/arm/5.4.1/bin/../lib/gcc/arm-none-eabi/5.4.1/../../../../arm-none-eabi/lib/armv7e-m/softfp\libg_nano.a(lib_a-nano-msizer.o)
                0x1008520c                _malloc_usable_size_r
 .text._close   0x10085220       0x10 c:/program files (x86)/cypress/psoc creator/4.4/psoc creator/import/gnu/arm/5.4.1/bin/../lib/gcc/arm-none-eabi/5.4.1/../../../../arm-none-eabi/lib/armv7e-m/softfp\libnosys.a(close.o)
                0x10085220                _close
 .text._fstat   0x10085230       0x10 c:/program files (x86)/cypress/psoc creator/4.4/psoc creator/import/gnu/arm/5.4.1/bin/../lib/gcc/arm-none-eabi/5.4.1/../../../../arm-none-eabi/lib/armv7e-m/softfp\libnosys.a(fstat.o)
                0x10085230                _fstat
 .text._isatty  0x10085240       0x10 c:/program files (x86)/cypress/psoc creator/4.4/psoc creator/import/gnu/arm/5.4.1/bin/../lib/gcc/arm-none-eabi/5.4.1/../../../../arm-none-eabi/lib/armv7e-m/softfp\libnosys.a(isatty.o)
                0x10085240                _isatty
 .text._lseek   0x10085250       0x10 c:/program files (x86)/cypress/psoc creator/4.4/psoc creator/import/gnu/arm/5.4.1/bin/../lib/gcc/arm-none-eabi/5.4.1/../../../../arm-none-eabi/lib/armv7e-m/softfp\libnosys.a(lseek.o)
                0x10085250                _lseek
 .text._read    0x10085260       0x10 c:/program files (x86)/cypress/psoc creator/4.4/psoc creator/import/gnu/arm/5.4.1/bin/../lib/gcc/arm-none-eabi/5.4.1/../../../../arm-none-eabi/lib/armv7e-m/softfp\libnosys.a(read.o)
                0x10085260                _read
 .text._sbrk    0x10085270       0x1c c:/program files (x86)/cypress/psoc creator/4.4/psoc creator/import/gnu/arm/5.4.1/bin/../lib/gcc/arm-none-eabi/5.4.1/../../../../arm-none-eabi/lib/armv7e-m/softfp\libnosys.a(sbrk.o)
                0x10085270                _sbrk
 .text._write   0x1008528c       0x10 c:/program files (x86)/cypress/psoc creator/4.4/psoc creator/import/gnu/arm/5.4.1/bin/../lib/gcc/arm-none-eabi/5.4.1/../../../../arm-none-eabi/lib/armv7e-m/softfp\libnosys.a(write.o)
                0x1008528c                _write
 *fill*         0x1008529c        0x4 
 .text.pow      0x100852a0      0x308 c:/program files (x86)/cypress/psoc creator/4.4/psoc creator/import/gnu/arm/5.4.1/bin/../lib/gcc/arm-none-eabi/5.4.1/../../../../arm-none-eabi/lib/armv7e-m/softfp\libm.a(lib_a-w_pow.o)
                0x100852a0                pow
 .text.__ieee754_pow
                0x100855a8      0xab0 c:/program files (x86)/cypress/psoc creator/4.4/psoc creator/import/gnu/arm/5.4.1/bin/../lib/gcc/arm-none-eabi/5.4.1/../../../../arm-none-eabi/lib/armv7e-m/softfp\libm.a(lib_a-e_pow.o)
                0x100855a8                __ieee754_pow
 .text.__ieee754_sqrt
                0x10086058      0x184 c:/program files (x86)/cypress/psoc creator/4.4/psoc creator/import/gnu/arm/5.4.1/bin/../lib/gcc/arm-none-eabi/5.4.1/../../../../arm-none-eabi/lib/armv7e-m/softfp\libm.a(lib_a-e_sqrt.o)
                0x10086058                __ieee754_sqrt
 .text.fabs     0x100861dc        0x8 c:/program files (x86)/cypress/psoc creator/4.4/psoc creator/import/gnu/arm/5.4.1/bin/../lib/gcc/arm-none-eabi/5.4.1/../../../../arm-none-eabi/lib/armv7e-m/softfp\libm.a(lib_a-s_fabs.o)
                0x100861dc                fabs
 .text.finite   0x100861e4        0xc c:/program files (x86)/cypress/psoc creator/4.4/psoc creator/import/gnu/arm/5.4.1/bin/../lib/gcc/arm-none-eabi/5.4.1/../../../../arm-none-eabi/lib/armv7e-m/softfp\libm.a(lib_a-s_finite.o)
                0x100861e4                finite
 .text.matherr  0x100861f0        0x4 c:/program files (x86)/cypress/psoc creator/4.4/psoc creator/import/gnu/arm/5.4.1/bin/../lib/gcc/arm-none-eabi/5.4.1/../../../../arm-none-eabi/lib/armv7e-m/softfp\libm.a(lib_a-s_matherr.o)
                0x100861f0                matherr
 .text.nan      0x100861f4        0xc c:/program files (x86)/cypress/psoc creator/4.4/psoc creator/import/gnu/arm/5.4.1/bin/../lib/gcc/arm-none-eabi/5.4.1/../../../../arm-none-eabi/lib/armv7e-m/softfp\libm.a(lib_a-s_nan.o)
                0x100861f4                nan
 .text.rint     0x10086200      0x118 c:/program files (x86)/cypress/psoc creator/4.4/psoc creator/import/gnu/arm/5.4.1/bin/../lib/gcc/arm-none-eabi/5.4.1/../../../../arm-none-eabi/lib/armv7e-m/softfp\libm.a(lib_a-s_rint.o)
                0x10086200                rint
 .text.scalbn   0x10086318       0xfc c:/program files (x86)/cypress/psoc creator/4.4/psoc creator/import/gnu/arm/5.4.1/bin/../lib/gcc/arm-none-eabi/5.4.1/../../../../arm-none-eabi/lib/armv7e-m/softfp\libm.a(lib_a-s_scalbn.o)
                0x10086318                scalbn
 .text.copysign
                0x10086414       0x10 c:/program files (x86)/cypress/psoc creator/4.4/psoc creator/import/gnu/arm/5.4.1/bin/../lib/gcc/arm-none-eabi/5.4.1/../../../../arm-none-eabi/lib/armv7e-m/softfp\libm.a(lib_a-s_copysign.o)
                0x10086414                copysign
 .text          0x10086424      0x110 c:/program files (x86)/cypress/psoc creator/4.4/psoc creator/import/gnu/arm/5.4.1/bin/../lib/gcc/arm-none-eabi/5.4.1/armv7e-m/softfp\libgcc.a(_arm_cmpdf2.o)
                0x10086424                __gtdf2
                0x10086424                __gedf2
                0x1008642c                __ltdf2
                0x1008642c                __ledf2
                0x10086434                __nedf2
                0x10086434                __eqdf2
                0x10086434                __cmpdf2
                0x100864b0                __aeabi_cdrcmple
                0x100864c0                __aeabi_cdcmpeq
                0x100864c0                __aeabi_cdcmple
                0x100864d0                __aeabi_dcmpeq
                0x100864e4                __aeabi_dcmplt
                0x100864f8                __aeabi_dcmple
                0x1008650c                __aeabi_dcmpge
                0x10086520                __aeabi_dcmpgt
 .text          0x10086534       0x2c c:/program files (x86)/cypress/psoc creator/4.4/psoc creator/import/gnu/arm/5.4.1/bin/../lib/gcc/arm-none-eabi/5.4.1/armv7e-m/softfp\libgcc.a(_arm_unorddf2.o)
                0x10086534                __unorddf2
                0x10086534                __aeabi_dcmpun
 .text.__errno  0x10086560        0xc c:/program files (x86)/cypress/psoc creator/4.4/psoc creator/import/gnu/arm/5.4.1/bin/../lib/gcc/arm-none-eabi/5.4.1/../../../../arm-none-eabi/lib/armv7e-m/softfp\libc.a(lib_a-errno.o)
                0x10086560                __errno
 *(.init)
 .init          0x1008656c        0x4 c:/program files (x86)/cypress/psoc creator/4.4/psoc creator/import/gnu/arm/5.4.1/bin/../lib/gcc/arm-none-eabi/5.4.1/armv7e-m/softfp/crti.o
                0x1008656c                _init
 .init          0x10086570        0x8 c:/program files (x86)/cypress/psoc creator/4.4/psoc creator/import/gnu/arm/5.4.1/bin/../lib/gcc/arm-none-eabi/5.4.1/armv7e-m/softfp/crtn.o
 *(.fini)
 .fini          0x10086578        0x4 c:/program files (x86)/cypress/psoc creator/4.4/psoc creator/import/gnu/arm/5.4.1/bin/../lib/gcc/arm-none-eabi/5.4.1/armv7e-m/softfp/crti.o
                0x10086578                _fini
 .fini          0x1008657c        0x8 c:/program files (x86)/cypress/psoc creator/4.4/psoc creator/import/gnu/arm/5.4.1/bin/../lib/gcc/arm-none-eabi/5.4.1/armv7e-m/softfp/crtn.o
 *fill*         0x10086584        0x4 
 .fini.__stub   0x10086588       0x10 linker stubs
 *crtbegin.o(.ctors)
 *crtbegin?.o(.ctors)
 *(EXCLUDE_FILE(*crtend.o *crtend?.o) .ctors)
 *(SORT(.ctors.*))
 *(.ctors)
 *crtbegin.o(.dtors)
 *crtbegin?.o(.dtors)
 *(EXCLUDE_FILE(*crtend.o *crtend?.o) .dtors)
 *(SORT(.dtors.*))
 *(.dtors)
 *(.rodata .rodata.* .constdata .constdata.* .conststring .conststring.*)
 .rodata.str1.4
                0x10086598       0xbd .\CortexM4\ARM_GCC_541\Debug\main_cm4.o
 *fill*         0x10086655        0x3 
 .rodata        0x10086658       0x34 .\CortexM4\ARM_GCC_541\Debug\system_psoc6_cm4.o
 .rodata.str1.4
                0x1008668c        0x8 .\CortexM4\ARM_GCC_541\Debug\debug.o
 .rodata        0x10086694       0x18 .\CortexM4\ARM_GCC_541\Debug\cyfitter_sysint_cfg.o
                0x10086694                ADC_Photoresistor_IRQ_cfg
                0x1008669c                I2C_Pressure_SCB_IRQ_cfg
                0x100866a4                MCWDT_isr_cfg
 .rodata.str1.4
                0x100866ac       0x3f .\CortexM4\ARM_GCC_541\Debug\cy_flash.o
 *fill*         0x100866eb        0x1 
 .rodata.str1.4
                0x100866ec       0x7f .\CortexM4\ARM_GCC_541\Debug\cy_ipc_drv.o
 .rodata.str1.4
                0x1008676b       0x3f .\CortexM4\ARM_GCC_541\Debug\cy_ipc_sema.o
 *fill*         0x1008676b        0x1 
 .rodata.str1.4
                0x1008676c       0x40 .\CortexM4\ARM_GCC_541\Debug\cy_ipc_pipe.o
                                 0x7f (size before relaxing)
 .rodata.str1.4
                0x100867ac       0x41 .\CortexM4\ARM_GCC_541\Debug\cy_sysint.o
 *fill*         0x100867ed        0x3 
 .rodata.str1.4
                0x100867f0       0x3f .\CortexM4\ARM_GCC_541\Debug\cy_syspm.o
                                 0x7f (size before relaxing)
 *fill*         0x1008682f        0x1 
 .rodata        0x10086830      0x170 .\CortexM4\ARM_GCC_541\Debug\cy_device.o
                0x10086830                cy_deviceIpBlockCfgPSoC6_02
                0x100868e8                cy_deviceIpBlockCfgPSoC6_01
 .rodata.str1.4
                0x100869a0       0x3f .\CortexM4\ARM_GCC_541\Debug\cy_mcwdt.o
 *fill*         0x100869df        0x1 
 .rodata.str1.4
                0x100869e0       0xc4 .\CortexM4\ARM_GCC_541\Debug\cy_scb_uart.o
 .rodata.str1.4
                0x10086aa4       0x3b .\CortexM4\ARM_GCC_541\Debug\cy_sar.o
 *fill*         0x10086adf        0x1 
 .rodata        0x10086ae0       0x14 .\CortexM4\ARM_GCC_541\Debug\cy_ble.o
 .rodata        0x10086af4      0x100 .\CortexM4\ARM_GCC_541\Debug\cy_ble_hal_pvt.o
 .rodata        0x10086bf4        0xa .\CortexM4\ARM_GCC_541\Debug\cy_ble_event_handler.o
 *fill*         0x10086bfe        0x2 
 .rodata.str1.4
                0x10086c00       0x37 .\CortexM4\ARM_GCC_541\Debug\cy_ble_event_handler.o
 *fill*         0x10086c37        0x1 
 .rodata.str1.4
                0x10086c38       0x50 .\CortexM4\ARM_GCC_541\Debug\port.o
 .rodata        0x10086c88       0x40 .\CortexM4\ARM_GCC_541\Debug\UART_DEBUG.o
                0x10086c88                UART_DEBUG_config
 .rodata        0x10086cc8      0x20e .\CortexM4\ARM_GCC_541\Debug\BLE_config.o
 *fill*         0x10086ed6        0x2 
 .rodata        0x10086ed8       0x14 .\CortexM4\ARM_GCC_541\Debug\BLE_dis_config.o
 .rodata        0x10086eec        0x4 .\CortexM4\ARM_GCC_541\Debug\BLE_ias_config.o
 .rodata        0x10086ef0        0xc .\CortexM4\ARM_GCC_541\Debug\MCWDT_PDL.o
                0x10086ef0                MCWDT_config
 .rodata.str1.4
                0x10086efc       0x3b .\CortexM4\ARM_GCC_541\Debug\ADC_Photoresistor_INT.o
 *fill*         0x10086f37        0x1 
 .rodata        0x10086f38       0x8c .\CortexM4\ARM_GCC_541\Debug\ADC_Photoresistor_INIT.o
                0x10086f38                ADC_Photoresistor_allConfigs
 .constdata     0x10086fc4       0x18 Generated_Source\PSoC6\pdl\middleware\ble\lib\cy_ble_stack_gcc_host_ipc_cm4.a(BT_os.o)
                0x10086fc4                cyBleStackMemoryConfig
 .constdata     0x10086fdc       0x58 Generated_Source\PSoC6\pdl\middleware\ble\lib\cy_ble_stack_gcc_host_ipc_cm4.a(l2cap_init.o)
                0x10086fdc                l2cap_le_sig_handler
 .constdata     0x10087034       0x3c Generated_Source\PSoC6\pdl\middleware\ble\lib\cy_ble_stack_gcc_host_ipc_cm4.a(fsm_engine_pl.o)
                0x10087034                fsm_module_table
 .constdata     0x10087070      0x110 Generated_Source\PSoC6\pdl\middleware\ble\lib\cy_ble_stack_gcc_host_ipc_cm4.a(gap_hci_iface.o)
                0x10087070                hciCommandCompleteEventHandlers
 .constdata     0x10087180       0x20 Generated_Source\PSoC6\pdl\middleware\ble\lib\cy_ble_stack_gcc_host_ipc_cm4.a(gap_privacy.o)
 .constdata     0x100871a0       0x32 Generated_Source\PSoC6\pdl\middleware\ble\lib\cy_ble_stack_gcc_host_ipc_cm4.a(smp_core.o)
                0x100871a0                smp_iocap_assoc_map
                0x100871b9                smp_sc_iocap_assoc_map
 *fill*         0x100871d2        0x2 
 .constdata     0x100871d4        0xc Generated_Source\PSoC6\pdl\middleware\ble\lib\cy_ble_stack_gcc_host_ipc_cm4.a(smp_interface.o)
                0x100871d4                smp_event_fp
 .constdata     0x100871e0       0x22 Generated_Source\PSoC6\pdl\middleware\ble\lib\cy_ble_stack_gcc_host_ipc_cm4.a(smp_utils.o)
                0x100871e0                smp_event_map
 *fill*         0x10087202        0x2 
 .constdata     0x10087204       0xb4 Generated_Source\PSoC6\pdl\middleware\ble\lib\cy_ble_stack_gcc_host_ipc_cm4.a(smp_fsm_table.o)
                0x10087204                smp_state_event_table
 .constdata     0x100872b8      0x110 Generated_Source\PSoC6\pdl\middleware\ble\lib\cy_ble_stack_gcc_host_ipc_cm4.a(smp_fsm_table.o)
                0x100872b8                smp_event_handler_table
 .constdata     0x100873c8       0x20 Generated_Source\PSoC6\pdl\middleware\ble\lib\cy_ble_stack_gcc_host_ipc_cm4.a(aes_cmac.o)
                0x100873c8                cmac_zero_data
                0x100873d8                cmac_rb_data
 .constdata     0x100873e8       0x60 Generated_Source\PSoC6\pdl\middleware\ble\lib\cy_ble_stack_gcc_host_ipc_cm4.a(att_fsm_table.o)
                0x100873e8                att_state_event_table
 .constdata     0x10087448       0x58 Generated_Source\PSoC6\pdl\middleware\ble\lib\cy_ble_stack_gcc_host_ipc_cm4.a(att_fsm_table.o)
                0x10087448                att_event_handler_table
 .rodata.str1.1
                0x100874a0        0x2 c:/program files (x86)/cypress/psoc creator/4.4/psoc creator/import/gnu/arm/5.4.1/bin/../lib/gcc/arm-none-eabi/5.4.1/../../../../arm-none-eabi/lib/armv7e-m/softfp\libg_nano.a(lib_a-impure.o)
 *fill*         0x100874a2        0x2 
 .rodata._global_impure_ptr
                0x100874a4        0x4 c:/program files (x86)/cypress/psoc creator/4.4/psoc creator/import/gnu/arm/5.4.1/bin/../lib/gcc/arm-none-eabi/5.4.1/../../../../arm-none-eabi/lib/armv7e-m/softfp\libg_nano.a(lib_a-impure.o)
                0x100874a4                _global_impure_ptr
 .rodata.__sf_fake_stdin
                0x100874a8       0x20 c:/program files (x86)/cypress/psoc creator/4.4/psoc creator/import/gnu/arm/5.4.1/bin/../lib/gcc/arm-none-eabi/5.4.1/../../../../arm-none-eabi/lib/armv7e-m/softfp\libg_nano.a(lib_a-findfp.o)
                0x100874a8                __sf_fake_stdin
 .rodata.__sf_fake_stdout
                0x100874c8       0x20 c:/program files (x86)/cypress/psoc creator/4.4/psoc creator/import/gnu/arm/5.4.1/bin/../lib/gcc/arm-none-eabi/5.4.1/../../../../arm-none-eabi/lib/armv7e-m/softfp\libg_nano.a(lib_a-findfp.o)
                0x100874c8                __sf_fake_stdout
 .rodata.__sf_fake_stderr
                0x100874e8       0x20 c:/program files (x86)/cypress/psoc creator/4.4/psoc creator/import/gnu/arm/5.4.1/bin/../lib/gcc/arm-none-eabi/5.4.1/../../../../arm-none-eabi/lib/armv7e-m/softfp\libg_nano.a(lib_a-findfp.o)
                0x100874e8                __sf_fake_stderr
 .rodata.str1.1
                0x10087508       0x11 c:/program files (x86)/cypress/psoc creator/4.4/psoc creator/import/gnu/arm/5.4.1/bin/../lib/gcc/arm-none-eabi/5.4.1/../../../../arm-none-eabi/lib/armv7e-m/softfp\libg_nano.a(lib_a-nano-svfprintf.o)
 .rodata.str1.1
                0x10087519       0x11 c:/program files (x86)/cypress/psoc creator/4.4/psoc creator/import/gnu/arm/5.4.1/bin/../lib/gcc/arm-none-eabi/5.4.1/../../../../arm-none-eabi/lib/armv7e-m/softfp\libg_nano.a(lib_a-nano-vfprintf.o)
 .rodata.str1.1
                0x10087519       0x22 c:/program files (x86)/cypress/psoc creator/4.4/psoc creator/import/gnu/arm/5.4.1/bin/../lib/gcc/arm-none-eabi/5.4.1/../../../../arm-none-eabi/lib/armv7e-m/softfp\libg_nano.a(lib_a-nano-vfprintf_i.o)
 *fill*         0x1008753b        0x1 
 .rodata.str1.4
                0x1008753c        0x4 c:/program files (x86)/cypress/psoc creator/4.4/psoc creator/import/gnu/arm/5.4.1/bin/../lib/gcc/arm-none-eabi/5.4.1/../../../../arm-none-eabi/lib/armv7e-m/softfp\libm.a(lib_a-w_pow.o)
 .rodata.str1.4
                0x10087540        0x4 c:/program files (x86)/cypress/psoc creator/4.4/psoc creator/import/gnu/arm/5.4.1/bin/../lib/gcc/arm-none-eabi/5.4.1/../../../../arm-none-eabi/lib/armv7e-m/softfp\libm.a(lib_a-e_pow.o)
                                  0x1 (size before relaxing)
 *fill*         0x10087540        0x0 
 .rodata.TWO52  0x10087540       0x10 c:/program files (x86)/cypress/psoc creator/4.4/psoc creator/import/gnu/arm/5.4.1/bin/../lib/gcc/arm-none-eabi/5.4.1/../../../../arm-none-eabi/lib/armv7e-m/softfp\libm.a(lib_a-s_rint.o)
 *(.eh_frame*)
 .eh_frame      0x10087550        0x0 c:/program files (x86)/cypress/psoc creator/4.4/psoc creator/import/gnu/arm/5.4.1/bin/../lib/gcc/arm-none-eabi/5.4.1/armv7e-m/softfp/crtbegin.o
 .eh_frame      0x10087550        0x4 c:/program files (x86)/cypress/psoc creator/4.4/psoc creator/import/gnu/arm/5.4.1/bin/../lib/gcc/arm-none-eabi/5.4.1/armv7e-m/softfp/crtend.o

.glue_7         0x10087554        0x0
 .glue_7        0x10087554        0x0 linker stubs

.glue_7t        0x10087554        0x0
 .glue_7t       0x10087554        0x0 linker stubs

.vfp11_veneer   0x10087554        0x0
 .vfp11_veneer  0x10087554        0x0 linker stubs

.v4_bx          0x10087554        0x0
 .v4_bx         0x10087554        0x0 linker stubs

.iplt           0x10087554        0x0
 .iplt          0x10087554        0x0 c:/program files (x86)/cypress/psoc creator/4.4/psoc creator/import/gnu/arm/5.4.1/bin/../lib/gcc/arm-none-eabi/5.4.1/armv7e-m/softfp/crtbegin.o

i.CyBleStackMgr_Init
                0x10087554       0xdc
 i.CyBleStackMgr_Init
                0x10087554       0xdc Generated_Source\PSoC6\pdl\middleware\ble\lib\cy_ble_stack_gcc_host_ipc_cm4.a(CyBleStackMgrIP_Interface.o)
                0x10087554                CyBleStackMgr_Init

i.CyBleStackMgr_ProcessBleEvents
                0x10087630       0x14
 i.CyBleStackMgr_ProcessBleEvents
                0x10087630       0x14 Generated_Source\PSoC6\pdl\middleware\ble\lib\cy_ble_stack_gcc_host_ipc_cm4.a(CyBleStackMgrIP_Interface.o)
                0x10087630                CyBleStackMgr_ProcessBleEvents

i.CyBleStackMgr_Shutdown
                0x10087644       0x20
 i.CyBleStackMgr_Shutdown
                0x10087644       0x20 Generated_Source\PSoC6\pdl\middleware\ble\lib\cy_ble_stack_gcc_host_ipc_cm4.a(CyBleStackMgrIP_Interface.o)
                0x10087644                CyBleStackMgr_Shutdown

i.CyBle_GetHeapMemory
                0x10087664       0x3c
 i.CyBle_GetHeapMemory
                0x10087664       0x3c Generated_Source\PSoC6\pdl\middleware\ble\lib\cy_ble_stack_gcc_host_ipc_cm4.a(CyBleStackMgrIP_Interface.o)
                0x10087664                CyBle_GetHeapMemory

i.CyBle_GetNumAppBufferPools
                0x100876a0        0xc
 i.CyBle_GetNumAppBufferPools
                0x100876a0        0xc Generated_Source\PSoC6\pdl\middleware\ble\lib\cy_ble_stack_gcc_host_ipc_cm4.a(CyBleStackMgrIP_Interface.o)
                0x100876a0                CyBle_GetNumAppBufferPools

i.CyBle_HostStackBufferPoolInit
                0x100876ac       0xc4
 i.CyBle_HostStackBufferPoolInit
                0x100876ac       0xc4 Generated_Source\PSoC6\pdl\middleware\ble\lib\cy_ble_stack_gcc_host_ipc_cm4.a(CyBleStackMgrIP_Interface.o)

i.CyBle_SortBufers
                0x10087770       0x40
 i.CyBle_SortBufers
                0x10087770       0x40 Generated_Source\PSoC6\pdl\middleware\ble\lib\cy_ble_stack_gcc_host_ipc_cm4.a(CyBleStackMgrIP_Interface.o)
                0x10087770                CyBle_SortBufers

i.CyBle_StackGetConfigPtr
                0x100877b0        0x8
 i.CyBle_StackGetConfigPtr
                0x100877b0        0x8 Generated_Source\PSoC6\pdl\middleware\ble\lib\cy_ble_stack_gcc_host_ipc_cm4.a(CyBleStackMgrIP_Interface.o)
                0x100877b0                CyBle_StackGetConfigPtr

i.Cy_BLE_EnablePrivacyFeature
                0x100877b8        0x4
 i.Cy_BLE_EnablePrivacyFeature
                0x100877b8        0x4 Generated_Source\PSoC6\pdl\middleware\ble\lib\cy_ble_stack_gcc_host_ipc_cm4.a(CyBleStackMgrIP_Interface.o)
                0x100877b8                Cy_BLE_EnablePrivacyFeature

i.Cy_BLE_GetStackLibraryVersion
                0x100877bc       0x20
 i.Cy_BLE_GetStackLibraryVersion
                0x100877bc       0x20 Generated_Source\PSoC6\pdl\middleware\ble\lib\cy_ble_stack_gcc_host_ipc_cm4.a(CyBleStackMgrIP_Interface.o)
                0x100877bc                Cy_BLE_GetStackLibraryVersion

i.Cy_BLE_ProcessEvents
                0x100877dc        0x4
 i.Cy_BLE_ProcessEvents
                0x100877dc        0x4 Generated_Source\PSoC6\pdl\middleware\ble\lib\cy_ble_stack_gcc_host_ipc_cm4.a(CyBleStackMgrIP_Interface.o)
                0x100877dc                Cy_BLE_ProcessEvents

i.Cy_BLE_StackEnterLPM
                0x100877e0       0x16
 i.Cy_BLE_StackEnterLPM
                0x100877e0       0x16 Generated_Source\PSoC6\pdl\middleware\ble\lib\cy_ble_stack_gcc_host_ipc_cm4.a(CyBleStackMgrIP_Interface.o)
                0x100877e0                Cy_BLE_StackEnterLPM

i.Cy_BLE_StackGetBleSsState
                0x100877f6        0x4
 i.Cy_BLE_StackGetBleSsState
                0x100877f6        0x4 Generated_Source\PSoC6\pdl\middleware\ble\lib\cy_ble_stack_gcc_host_ipc_cm4.a(CyBleStackMgrIP_Interface.o)
                0x100877f6                Cy_BLE_StackGetBleSsState

i.Cy_BLE_StackGetFeatureConfig
                0x100877fc       0x20
 i.Cy_BLE_StackGetFeatureConfig
                0x100877fc       0x20 Generated_Source\PSoC6\pdl\middleware\ble\lib\cy_ble_stack_gcc_host_ipc_cm4.a(CyBleStackMgrIP_Interface.o)
                0x100877fc                Cy_BLE_StackGetFeatureConfig

i.Cy_BLE_StackInit
                0x1008781c       0x70
 i.Cy_BLE_StackInit
                0x1008781c       0x70 Generated_Source\PSoC6\pdl\middleware\ble\lib\cy_ble_stack_gcc_host_ipc_cm4.a(CyBleStackMgrIP_Interface.o)
                0x1008781c                Cy_BLE_StackInit

i.Cy_BLE_StackSetFeatureConfig
                0x1008788c       0x54
 i.Cy_BLE_StackSetFeatureConfig
                0x1008788c       0x54 Generated_Source\PSoC6\pdl\middleware\ble\lib\cy_ble_stack_gcc_host_ipc_cm4.a(CyBleStackMgrIP_Interface.o)
                0x1008788c                Cy_BLE_StackSetFeatureConfig

i.ble_stack_idle_task_callback
                0x100878e0        0x2
 i.ble_stack_idle_task_callback
                0x100878e0        0x2 Generated_Source\PSoC6\pdl\middleware\ble\lib\cy_ble_stack_gcc_host_ipc_cm4.a(CyBleStackMgrIP_Interface.o)
                0x100878e0                ble_stack_idle_task_callback

i.BT_OSFreeBuf  0x100878e4       0x20
 i.BT_OSFreeBuf
                0x100878e4       0x20 Generated_Source\PSoC6\pdl\middleware\ble\lib\cy_ble_stack_gcc_host_ipc_cm4.a(BT_os.o)
                0x100878e4                BT_OSFreeBuf

i.BT_OSGetBuF   0x10087904       0x30
 i.BT_OSGetBuF  0x10087904       0x30 Generated_Source\PSoC6\pdl\middleware\ble\lib\cy_ble_stack_gcc_host_ipc_cm4.a(BT_os.o)
                0x10087904                BT_OSGetBuF

i.BT_OSMemCreate
                0x10087934       0x3c
 i.BT_OSMemCreate
                0x10087934       0x3c Generated_Source\PSoC6\pdl\middleware\ble\lib\cy_ble_stack_gcc_host_ipc_cm4.a(BT_os.o)
                0x10087934                BT_OSMemCreate

i.BT_alloc_mem_ext
                0x10087970       0x40
 i.BT_alloc_mem_ext
                0x10087970       0x40 Generated_Source\PSoC6\pdl\middleware\ble\lib\cy_ble_stack_gcc_host_ipc_cm4.a(BT_os.o)
                0x10087970                BT_alloc_mem_ext

i.BT_free_mem   0x100879b0        0xa
 i.BT_free_mem  0x100879b0        0xa Generated_Source\PSoC6\pdl\middleware\ble\lib\cy_ble_stack_gcc_host_ipc_cm4.a(BT_os.o)
                0x100879b0                BT_free_mem

i.bt_stack_create_buffer_pool
                0x100879bc       0x2c
 i.bt_stack_create_buffer_pool
                0x100879bc       0x2c Generated_Source\PSoC6\pdl\middleware\ble\lib\cy_ble_stack_gcc_host_ipc_cm4.a(BT_os.o)
                0x100879bc                bt_stack_create_buffer_pool

i.CyBle_CreateBleStackTask
                0x100879e8       0x30
 i.CyBle_CreateBleStackTask
                0x100879e8       0x30 Generated_Source\PSoC6\pdl\middleware\ble\lib\cy_ble_stack_gcc_host_ipc_cm4.a(CyBleStackMgr_StackTaskHandler.o)
                0x100879e8                CyBle_CreateBleStackTask

i.CyBle_SignalBleStackTask
                0x10087a18       0x38
 i.CyBle_SignalBleStackTask
                0x10087a18       0x38 Generated_Source\PSoC6\pdl\middleware\ble\lib\cy_ble_stack_gcc_host_ipc_cm4.a(CyBleStackMgr_StackTaskHandler.o)
                0x10087a18                CyBle_SignalBleStackTask

i.CyBle_StackTaskHandler
                0x10087a50       0x74
 i.CyBle_StackTaskHandler
                0x10087a50       0x74 Generated_Source\PSoC6\pdl\middleware\ble\lib\cy_ble_stack_gcc_host_ipc_cm4.a(CyBleStackMgr_StackTaskHandler.o)
                0x10087a50                CyBle_StackTaskHandler

i.IsStackTaskFree
                0x10087ac4        0xc
 i.IsStackTaskFree
                0x10087ac4        0xc Generated_Source\PSoC6\pdl\middleware\ble\lib\cy_ble_stack_gcc_host_ipc_cm4.a(CyBleStackMgr_StackTaskHandler.o)
                0x10087ac4                IsStackTaskFree

i.storage_bt_init_pl
                0x10087ad0       0x8c
 i.storage_bt_init_pl
                0x10087ad0       0x8c Generated_Source\PSoC6\pdl\middleware\ble\lib\cy_ble_stack_gcc_host_ipc_cm4.a(storage_pl.o)
                0x10087ad0                storage_bt_init_pl

i.storage_bt_reset_offset
                0x10087b5c       0x3c
 i.storage_bt_reset_offset
                0x10087b5c       0x3c Generated_Source\PSoC6\pdl\middleware\ble\lib\cy_ble_stack_gcc_host_ipc_cm4.a(storage_pl.o)
                0x10087b5c                storage_bt_reset_offset

i.storage_manager_init
                0x10087b98       0x58
 i.storage_manager_init
                0x10087b98       0x58 Generated_Source\PSoC6\pdl\middleware\ble\lib\cy_ble_stack_gcc_host_ipc_cm4.a(storage_pl.o)
                0x10087b98                storage_manager_init

i.storage_manager_register_module
                0x10087bf0       0x68
 i.storage_manager_register_module
                0x10087bf0       0x68 Generated_Source\PSoC6\pdl\middleware\ble\lib\cy_ble_stack_gcc_host_ipc_cm4.a(storage_pl.o)
                0x10087bf0                storage_manager_register_module

i.storage_validate_init_params
                0x10087c58       0x98
 i.storage_validate_init_params
                0x10087c58       0x98 Generated_Source\PSoC6\pdl\middleware\ble\lib\cy_ble_stack_gcc_host_ipc_cm4.a(storage_pl.o)
                0x10087c58                storage_validate_init_params

i.OS_init       0x10087cf0       0x64
 i.OS_init      0x10087cf0       0x64 Generated_Source\PSoC6\pdl\middleware\ble\lib\cy_ble_stack_gcc_host_ipc_cm4.a(mint_os.o)
                0x10087cf0                OS_init

i.OS_shutdown   0x10087d54        0x4
 i.OS_shutdown  0x10087d54        0x4 Generated_Source\PSoC6\pdl\middleware\ble\lib\cy_ble_stack_gcc_host_ipc_cm4.a(mint_os.o)
                0x10087d54                OS_shutdown

i.mintos_malloc
                0x10087d58       0x34
 i.mintos_malloc
                0x10087d58       0x34 Generated_Source\PSoC6\pdl\middleware\ble\lib\cy_ble_stack_gcc_host_ipc_cm4.a(mint_os.o)
                0x10087d58                mintos_malloc

i.OS_create_queue
                0x10087d8c       0x74
 i.OS_create_queue
                0x10087d8c       0x74 Generated_Source\PSoC6\pdl\middleware\ble\lib\cy_ble_stack_gcc_host_ipc_cm4.a(mint_os_queue.o)
                0x10087d8c                OS_create_queue

i.OS_enqueue_item
                0x10087e00       0x9c
 i.OS_enqueue_item
                0x10087e00       0x9c Generated_Source\PSoC6\pdl\middleware\ble\lib\cy_ble_stack_gcc_host_ipc_cm4.a(mint_os_queue.o)
                0x10087e00                OS_enqueue_item

i.OS_queue_get_num_of_items
                0x10087e9c       0x2c
 i.OS_queue_get_num_of_items
                0x10087e9c       0x2c Generated_Source\PSoC6\pdl\middleware\ble\lib\cy_ble_stack_gcc_host_ipc_cm4.a(mint_os_queue.o)
                0x10087e9c                OS_queue_get_num_of_items

i.OS_queue_mgmt_init
                0x10087ec8       0x58
 i.OS_queue_mgmt_init
                0x10087ec8       0x58 Generated_Source\PSoC6\pdl\middleware\ble\lib\cy_ble_stack_gcc_host_ipc_cm4.a(mint_os_queue.o)
                0x10087ec8                OS_queue_mgmt_init

i.OS_remove_item
                0x10087f20       0xb8
 i.OS_remove_item
                0x10087f20       0xb8 Generated_Source\PSoC6\pdl\middleware\ble\lib\cy_ble_stack_gcc_host_ipc_cm4.a(mint_os_queue.o)
                0x10087f20                OS_remove_item

i.OS_create_task
                0x10087fd8       0x88
 i.OS_create_task
                0x10087fd8       0x88 Generated_Source\PSoC6\pdl\middleware\ble\lib\cy_ble_stack_gcc_host_ipc_cm4.a(mint_os_task.o)
                0x10087fd8                OS_create_task

i.OS_is_task_free
                0x10088060       0x30
 i.OS_is_task_free
                0x10088060       0x30 Generated_Source\PSoC6\pdl\middleware\ble\lib\cy_ble_stack_gcc_host_ipc_cm4.a(mint_os_task.o)
                0x10088060                OS_is_task_free

i.OS_scheduler  0x10088090       0x64
 i.OS_scheduler
                0x10088090       0x64 Generated_Source\PSoC6\pdl\middleware\ble\lib\cy_ble_stack_gcc_host_ipc_cm4.a(mint_os_task.o)
                0x10088090                OS_scheduler

i.OS_send_signal_to_task
                0x100880f4        0xc
 i.OS_send_signal_to_task
                0x100880f4        0xc Generated_Source\PSoC6\pdl\middleware\ble\lib\cy_ble_stack_gcc_host_ipc_cm4.a(mint_os_task.o)
                0x100880f4                OS_send_signal_to_task

i.OS_send_signal_to_task_context
                0x10088100       0x3c
 i.OS_send_signal_to_task_context
                0x10088100       0x3c Generated_Source\PSoC6\pdl\middleware\ble\lib\cy_ble_stack_gcc_host_ipc_cm4.a(mint_os_task.o)

i.OS_task_mgmt_init
                0x1008813c       0x60
 i.OS_task_mgmt_init
                0x1008813c       0x60 Generated_Source\PSoC6\pdl\middleware\ble\lib\cy_ble_stack_gcc_host_ipc_cm4.a(mint_os_task.o)
                0x1008813c                OS_task_mgmt_init

i.mint_buf_mgmt_allocate_buffer
                0x1008819c       0x54
 i.mint_buf_mgmt_allocate_buffer
                0x1008819c       0x54 Generated_Source\PSoC6\pdl\middleware\ble\lib\cy_ble_stack_gcc_host_ipc_cm4.a(mint_buf_mgmt.o)
                0x1008819c                mint_buf_mgmt_allocate_buffer

i.mint_buf_mgmt_create_pool
                0x100881f0       0xd4
 i.mint_buf_mgmt_create_pool
                0x100881f0       0xd4 Generated_Source\PSoC6\pdl\middleware\ble\lib\cy_ble_stack_gcc_host_ipc_cm4.a(mint_buf_mgmt.o)
                0x100881f0                mint_buf_mgmt_create_pool

i.mint_buf_mgmt_free_buffer
                0x100882c4       0xac
 i.mint_buf_mgmt_free_buffer
                0x100882c4       0xac Generated_Source\PSoC6\pdl\middleware\ble\lib\cy_ble_stack_gcc_host_ipc_cm4.a(mint_buf_mgmt.o)
                0x100882c4                mint_buf_mgmt_free_buffer

i.mint_buf_mgmt_init
                0x10088370       0x5c
 i.mint_buf_mgmt_init
                0x10088370       0x5c Generated_Source\PSoC6\pdl\middleware\ble\lib\cy_ble_stack_gcc_host_ipc_cm4.a(mint_buf_mgmt.o)
                0x10088370                mint_buf_mgmt_init

i.mint_buf_mgmt_malloc
                0x100883cc       0x28
 i.mint_buf_mgmt_malloc
                0x100883cc       0x28 Generated_Source\PSoC6\pdl\middleware\ble\lib\cy_ble_stack_gcc_host_ipc_cm4.a(mint_buf_mgmt.o)
                0x100883cc                mint_buf_mgmt_malloc

i.mint_buf_mgmt_pl_init
                0x100883f4       0x44
 i.mint_buf_mgmt_pl_init
                0x100883f4       0x44 Generated_Source\PSoC6\pdl\middleware\ble\lib\cy_ble_stack_gcc_host_ipc_cm4.a(mint_buf_mgmt.o)
                0x100883f4                mint_buf_mgmt_pl_init

i.mint_buf_mgmt_stack_init
                0x10088438       0x22
 i.mint_buf_mgmt_stack_init
                0x10088438       0x22 Generated_Source\PSoC6\pdl\middleware\ble\lib\cy_ble_stack_gcc_host_ipc_cm4.a(mint_buf_mgmt.o)
                0x10088438                mint_buf_mgmt_stack_init

i.mint_buf_mgmt_stack_pop
                0x1008845a       0x34
 i.mint_buf_mgmt_stack_pop
                0x1008845a       0x34 Generated_Source\PSoC6\pdl\middleware\ble\lib\cy_ble_stack_gcc_host_ipc_cm4.a(mint_buf_mgmt.o)
                0x1008845a                mint_buf_mgmt_stack_pop

i.mint_buf_mgmt_stack_push
                0x1008848e       0x34
 i.mint_buf_mgmt_stack_push
                0x1008848e       0x34 Generated_Source\PSoC6\pdl\middleware\ble\lib\cy_ble_stack_gcc_host_ipc_cm4.a(mint_buf_mgmt.o)
                0x1008848e                mint_buf_mgmt_stack_push

i.mint_buf_mgmt_stack_search_item
                0x100884c2       0x2e
 i.mint_buf_mgmt_stack_search_item
                0x100884c2       0x2e Generated_Source\PSoC6\pdl\middleware\ble\lib\cy_ble_stack_gcc_host_ipc_cm4.a(mint_buf_mgmt.o)
                0x100884c2                mint_buf_mgmt_stack_search_item

i.CyBleHost_HciIpcFreePktBuffer
                0x100884f0       0x2e
 i.CyBleHost_HciIpcFreePktBuffer
                0x100884f0       0x2e Generated_Source\PSoC6\pdl\middleware\ble\lib\cy_ble_stack_gcc_host_ipc_cm4.a(transport_ipc.o)
                0x100884f0                CyBleHost_HciIpcFreePktBuffer

i.CyBleHost_HciIpcMsgCompleteReceive
                0x10088520       0x28
 i.CyBleHost_HciIpcMsgCompleteReceive
                0x10088520       0x28 Generated_Source\PSoC6\pdl\middleware\ble\lib\cy_ble_stack_gcc_host_ipc_cm4.a(transport_ipc.o)
                0x10088520                CyBleHost_HciIpcMsgCompleteReceive

i.CyBleHost_HciIpcMsgReceive
                0x10088548       0x28
 i.CyBleHost_HciIpcMsgReceive
                0x10088548       0x28 Generated_Source\PSoC6\pdl\middleware\ble\lib\cy_ble_stack_gcc_host_ipc_cm4.a(transport_ipc.o)
                0x10088548                CyBleHost_HciIpcMsgReceive

i.hci_transport_bt_shutdown
                0x10088570        0x4
 i.hci_transport_bt_shutdown
                0x10088570        0x4 Generated_Source\PSoC6\pdl\middleware\ble\lib\cy_ble_stack_gcc_host_ipc_cm4.a(transport_ipc.o)
                0x10088570                hci_transport_bt_shutdown

i.hci_transport_init
                0x10088574       0x10
 i.hci_transport_init
                0x10088574       0x10 Generated_Source\PSoC6\pdl\middleware\ble\lib\cy_ble_stack_gcc_host_ipc_cm4.a(transport_ipc.o)
                0x10088574                hci_transport_init

i.hci_transport_write_data
                0x10088584       0x9c
 i.hci_transport_write_data
                0x10088584       0x9c Generated_Source\PSoC6\pdl\middleware\ble\lib\cy_ble_stack_gcc_host_ipc_cm4.a(transport_ipc.o)
                0x10088584                hci_transport_write_data

i.CyBleHost_IPC_HAL_Init
                0x10088620       0x40
 i.CyBleHost_IPC_HAL_Init
                0x10088620       0x40 Generated_Source\PSoC6\pdl\middleware\ble\lib\cy_ble_stack_gcc_host_ipc_cm4.a(CyBleStackMgr_PSoCIPCHal.o)
                0x10088620                CyBleHost_IPC_HAL_Init

i.CyBleHost_IPC_HAL_InitWithStaticMem
                0x10088660        0xc
 i.CyBleHost_IPC_HAL_InitWithStaticMem
                0x10088660        0xc Generated_Source\PSoC6\pdl\middleware\ble\lib\cy_ble_stack_gcc_host_ipc_cm4.a(CyBleStackMgr_PSoCIPCHal.o)
                0x10088660                CyBleHost_IPC_HAL_InitWithStaticMem

i.CyBleHost_IPC_HAL_IsQueueEmpty
                0x1008866c       0x24
 i.CyBleHost_IPC_HAL_IsQueueEmpty