Archive member included to satisfy reference by file (symbol)

Generated_Source\PSoC6\pdl\middleware\ble\lib\cy_ble_stack_gcc_controller_ipc_cm0p.a(CyBleStackMgrIP_Interface.o)
                              .\CortexM0p\ARM_GCC_541\Debug\cy_ble.o (Cy_BLE_EnablePrivacyFeature)
Generated_Source\PSoC6\pdl\middleware\ble\lib\cy_ble_stack_gcc_controller_ipc_cm0p.a(CyBleStackMgr_PSoCHal.o)
                              Generated_Source\PSoC6\pdl\middleware\ble\lib\cy_ble_stack_gcc_controller_ipc_cm0p.a(CyBleStackMgrIP_Interface.o) (bt_config)
Generated_Source\PSoC6\pdl\middleware\ble\lib\cy_ble_stack_gcc_controller_ipc_cm0p.a(CyBleStackMgr_BleSSDriver.o)
                              Generated_Source\PSoC6\pdl\middleware\ble\lib\cy_ble_stack_gcc_controller_ipc_cm0p.a(CyBleStackMgrIP_Interface.o) (CyBleStackMgr_BleSSInit)
Generated_Source\PSoC6\pdl\middleware\ble\lib\cy_ble_stack_gcc_controller_ipc_cm0p.a(CyBleStackMgr_StackTaskHandler.o)
                              Generated_Source\PSoC6\pdl\middleware\ble\lib\cy_ble_stack_gcc_controller_ipc_cm0p.a(CyBleStackMgrIP_Interface.o) (CyBle_CreateBleStackTask)
Generated_Source\PSoC6\pdl\middleware\ble\lib\cy_ble_stack_gcc_controller_ipc_cm0p.a(config_bin.o)
                              Generated_Source\PSoC6\pdl\middleware\ble\lib\cy_ble_stack_gcc_controller_ipc_cm0p.a(CyBleStackMgr_PSoCHal.o) (bt_cfg_pdata)
Generated_Source\PSoC6\pdl\middleware\ble\lib\cy_ble_stack_gcc_controller_ipc_cm0p.a(BT_timer.o)
                              Generated_Source\PSoC6\pdl\middleware\ble\lib\cy_ble_stack_gcc_controller_ipc_cm0p.a(CyBleStackMgr_StackTaskHandler.o) (BT_timer_process_signals)
Generated_Source\PSoC6\pdl\middleware\ble\lib\cy_ble_stack_gcc_controller_ipc_cm0p.a(bt_os_common.o)
                              Generated_Source\PSoC6\pdl\middleware\ble\lib\cy_ble_stack_gcc_controller_ipc_cm0p.a(CyBleStackMgr_StackTaskHandler.o) (BT_ISROSQPost)
Generated_Source\PSoC6\pdl\middleware\ble\lib\cy_ble_stack_gcc_controller_ipc_cm0p.a(CyBleStackMgrIP_Pilo.o)
                              Generated_Source\PSoC6\pdl\middleware\ble\lib\cy_ble_stack_gcc_controller_ipc_cm0p.a(CyBleStackMgrIP_Interface.o) (CyPilo_InitCalibration)
Generated_Source\PSoC6\pdl\middleware\ble\lib\cy_ble_stack_gcc_controller_ipc_cm0p.a(mint_os.o)
                              Generated_Source\PSoC6\pdl\middleware\ble\lib\cy_ble_stack_gcc_controller_ipc_cm0p.a(CyBleStackMgrIP_Interface.o) (OS_init)
Generated_Source\PSoC6\pdl\middleware\ble\lib\cy_ble_stack_gcc_controller_ipc_cm0p.a(mint_os_queue.o)
                              Generated_Source\PSoC6\pdl\middleware\ble\lib\cy_ble_stack_gcc_controller_ipc_cm0p.a(mint_os.o) (OS_TOTAL_QUEUES)
Generated_Source\PSoC6\pdl\middleware\ble\lib\cy_ble_stack_gcc_controller_ipc_cm0p.a(mint_os_task.o)
                              Generated_Source\PSoC6\pdl\middleware\ble\lib\cy_ble_stack_gcc_controller_ipc_cm0p.a(mint_os.o) (idle_func_handler)
Generated_Source\PSoC6\pdl\middleware\ble\lib\cy_ble_stack_gcc_controller_ipc_cm0p.a(mint_buf_mgmt.o)
                              Generated_Source\PSoC6\pdl\middleware\ble\lib\cy_ble_stack_gcc_controller_ipc_cm0p.a(CyBleStackMgrIP_Interface.o) (mint_buf_mgmt_init)
Generated_Source\PSoC6\pdl\middleware\ble\lib\cy_ble_stack_gcc_controller_ipc_cm0p.a(transport_ipc.o)
                              Generated_Source\PSoC6\pdl\middleware\ble\lib\cy_ble_stack_gcc_controller_ipc_cm0p.a(CyBleStackMgr_PSoCHal.o) (CyBleController_HciIpcInit)
Generated_Source\PSoC6\pdl\middleware\ble\lib\cy_ble_stack_gcc_controller_ipc_cm0p.a(CyBleStackMgr_PSoCIPCHal.o)
                              Generated_Source\PSoC6\pdl\middleware\ble\lib\cy_ble_stack_gcc_controller_ipc_cm0p.a(CyBleStackMgrIP_Interface.o) (CyBleController_IPC_HAL_InitWithStaticMem)
Generated_Source\PSoC6\pdl\middleware\ble\lib\cy_ble_stack_gcc_controller_ipc_cm0p.a(CyBleControllerIP_Interface.o)
                              Generated_Source\PSoC6\pdl\middleware\ble\lib\cy_ble_stack_gcc_controller_ipc_cm0p.a(CyBleStackMgrIP_Interface.o) (CyBle_ControllerEnableDleFeature)
Generated_Source\PSoC6\pdl\middleware\ble\lib\cy_ble_stack_gcc_controller_ipc_cm0p.a(ll.o)
                              Generated_Source\PSoC6\pdl\middleware\ble\lib\cy_ble_stack_gcc_controller_ipc_cm0p.a(CyBleControllerIP_Interface.o) (ll_self_device_data)
Generated_Source\PSoC6\pdl\middleware\ble\lib\cy_ble_stack_gcc_controller_ipc_cm0p.a(ll_advertiser.o)
                              Generated_Source\PSoC6\pdl\middleware\ble\lib\cy_ble_stack_gcc_controller_ipc_cm0p.a(ll.o) (ll_adv_is_configured_connection_adv)
Generated_Source\PSoC6\pdl\middleware\ble\lib\cy_ble_stack_gcc_controller_ipc_cm0p.a(ll_connection.o)
                              Generated_Source\PSoC6\pdl\middleware\ble\lib\cy_ble_stack_gcc_controller_ipc_cm0p.a(ll.o) (bleSlDsmFix)
Generated_Source\PSoC6\pdl\middleware\ble\lib\cy_ble_stack_gcc_controller_ipc_cm0p.a(llh_api.o)
[...]
Memory Configuration

Name             Origin             Length             Attributes
ram              0x08000000         0x00024000         xrw
flash            0x10000000         0x00080000         xr
em_eeprom        0x14000000         0x00008000         xr
sflash_user_data 0x16000800         0x00000800         xr
sflash_nar       0x16001a00         0x00000200         xr
sflash_public_key 0x16005a00         0x00000c00         xr
sflash_toc_2     0x16007c00         0x00000200         xr
sflash_rtoc_2    0x16007e00         0x00000200         xr
xip              0x18000000         0x08000000         xr
efuse            0x90700000         0x00100000         r
*default*        0x00000000         0xffffffff

Linker script and memory map

LOAD c:/program files (x86)/cypress/psoc creator/4.4/psoc creator/import/gnu/arm/5.4.1/bin/../lib/gcc/arm-none-eabi/5.4.1/armv6-m/crti.o
LOAD c:/program files (x86)/cypress/psoc creator/4.4/psoc creator/import/gnu/arm/5.4.1/bin/../lib/gcc/arm-none-eabi/5.4.1/armv6-m/crtbegin.o
LOAD c:/program files (x86)/cypress/psoc creator/4.4/psoc creator/import/gnu/arm/5.4.1/bin/../lib/gcc/arm-none-eabi/5.4.1/../../../../arm-none-eabi/lib/armv6-m/crt0.o
START GROUP
LOAD Generated_Source\PSoC6\pdl\middleware\ble\lib\cy_ble_stack_gcc_radio_max_cm0p.a
LOAD Generated_Source\PSoC6\pdl\middleware\ble\lib\cy_ble_stack_gcc_controller_ipc_cm0p.a
LOAD .\CortexM0p\ARM_GCC_541\Debug\startup_psoc6_01_cm0plus.o
LOAD .\CortexM0p\ARM_GCC_541\Debug\main_cm0p.o
LOAD .\CortexM0p\ARM_GCC_541\Debug\system_psoc6_cm0plus.o
LOAD .\CortexM0p\ARM_GCC_541\Debug\cyfitter_sysint_cfg.o
LOAD .\CortexM0p\ARM_GCC_541\Debug\cyfitter_cfg.o
LOAD .\CortexM0p\ARM_GCC_541\Debug\cymetadata.o
LOAD .\CortexM0p\ARM_GCC_541\Debug\cy_efuse.o
LOAD .\CortexM0p\ARM_GCC_541\Debug\cy_flash.o
LOAD .\CortexM0p\ARM_GCC_541\Debug\cy_gpio.o
LOAD .\CortexM0p\ARM_GCC_541\Debug\cy_ipc_drv.o
LOAD .\CortexM0p\ARM_GCC_541\Debug\cy_ipc_sema.o
LOAD .\CortexM0p\ARM_GCC_541\Debug\cy_ipc_pipe.o
LOAD .\CortexM0p\ARM_GCC_541\Debug\cy_lvd.o
LOAD .\CortexM0p\ARM_GCC_541\Debug\cy_profile.o
LOAD .\CortexM0p\ARM_GCC_541\Debug\cy_prot.o
LOAD .\CortexM0p\ARM_GCC_541\Debug\cy_sysanalog.o
LOAD .\CortexM0p\ARM_GCC_541\Debug\cy_sysclk.o
LOAD .\CortexM0p\ARM_GCC_541\Debug\cy_sysint.o
LOAD .\CortexM0p\ARM_GCC_541\Debug\cy_syslib.o
LOAD .\CortexM0p\ARM_GCC_541\Debug\cy_syslib_gcc.o
LOAD .\CortexM0p\ARM_GCC_541\Debug\cy_syspm.o
LOAD .\CortexM0p\ARM_GCC_541\Debug\cy_systick.o
LOAD .\CortexM0p\ARM_GCC_541\Debug\cy_trigmux.o
LOAD .\CortexM0p\ARM_GCC_541\Debug\cy_wdt.o
LOAD .\CortexM0p\ARM_GCC_541\Debug\cy_device.o
LOAD .\CortexM0p\ARM_GCC_541\Debug\cy_mcwdt.o
LOAD .\CortexM0p\ARM_GCC_541\Debug\cy_scb_common.o
LOAD .\CortexM0p\ARM_GCC_541\Debug\cy_scb_i2c.o
LOAD .\CortexM0p\ARM_GCC_541\Debug\cy_scb_ezi2c.o
LOAD .\CortexM0p\ARM_GCC_541\Debug\cy_scb_spi.o
LOAD .\CortexM0p\ARM_GCC_541\Debug\cy_scb_uart.o
LOAD .\CortexM0p\ARM_GCC_541\Debug\cy_sar.o
LOAD .\CortexM0p\ARM_GCC_541\Debug\cy_ble_clk.o
LOAD .\CortexM0p\ARM_GCC_541\Debug\cy_ble.o
LOAD .\CortexM0p\ARM_GCC_541\Debug\cy_ble_hal_int.o
LOAD .\CortexM0p\ARM_GCC_541\Debug\cy_ble_hal_pvt.o
LOAD .\CortexM0p\ARM_GCC_541\Debug\cy_ble_gap.o
LOAD .\CortexM0p\ARM_GCC_541\Debug\cy_ble_gatt.o
LOAD .\CortexM0p\ARM_GCC_541\Debug\cy_ble_event_handler.o
LOAD .\CortexM0p\ARM_GCC_541\Debug\cy_ble_ancs.o
LOAD .\CortexM0p\ARM_GCC_541\Debug\cy_ble_ans.o
LOAD .\CortexM0p\ARM_GCC_541\Debug\cy_ble_aios.o
LOAD .\CortexM0p\ARM_GCC_541\Debug\cy_ble_bas.o
LOAD .\CortexM0p\ARM_GCC_541\Debug\cy_ble_bcs.o
LOAD .\CortexM0p\ARM_GCC_541\Debug\cy_ble_bls.o
LOAD .\CortexM0p\ARM_GCC_541\Debug\cy_ble_bms.o
LOAD .\CortexM0p\ARM_GCC_541\Debug\cy_ble_bts.o
LOAD .\CortexM0p\ARM_GCC_541\Debug\cy_ble_cgms.o
LOAD .\CortexM0p\ARM_GCC_541\Debug\cy_ble_cps.o
LOAD .\CortexM0p\ARM_GCC_541\Debug\cy_ble_cscs.o
LOAD .\CortexM0p\ARM_GCC_541\Debug\cy_ble_cts.o
LOAD .\CortexM0p\ARM_GCC_541\Debug\cy_ble_custom.o
LOAD .\CortexM0p\ARM_GCC_541\Debug\cy_ble_dis.o
LOAD .\CortexM0p\ARM_GCC_541\Debug\cy_ble_ess.o
LOAD .\CortexM0p\ARM_GCC_541\Debug\cy_ble_gls.o
LOAD .\CortexM0p\ARM_GCC_541\Debug\cy_ble_hids.o
LOAD .\CortexM0p\ARM_GCC_541\Debug\cy_ble_hps.o
LOAD .\CortexM0p\ARM_GCC_541\Debug\cy_ble_hrs.o
LOAD .\CortexM0p\ARM_GCC_541\Debug\cy_ble_hts.o
LOAD .\CortexM0p\ARM_GCC_541\Debug\cy_ble_ias.o
LOAD .\CortexM0p\ARM_GCC_541\Debug\cy_ble_ips.o
LOAD .\CortexM0p\ARM_GCC_541\Debug\cy_ble_lls.o
LOAD .\CortexM0p\ARM_GCC_541\Debug\cy_ble_lns.o
LOAD .\CortexM0p\ARM_GCC_541\Debug\cy_ble_ndcs.o
LOAD .\CortexM0p\ARM_GCC_541\Debug\cy_ble_plxs.o
LOAD .\CortexM0p\ARM_GCC_541\Debug\cy_ble_pass.o
LOAD .\CortexM0p\ARM_GCC_541\Debug\cy_ble_rscs.o
LOAD .\CortexM0p\ARM_GCC_541\Debug\cy_ble_rtus.o
LOAD .\CortexM0p\ARM_GCC_541\Debug\cy_ble_scps.o
LOAD .\CortexM0p\ARM_GCC_541\Debug\cy_ble_tps.o
LOAD .\CortexM0p\ARM_GCC_541\Debug\cy_ble_uds.o
LOAD .\CortexM0p\ARM_GCC_541\Debug\cy_ble_wpts.o
LOAD .\CortexM0p\ARM_GCC_541\Debug\cy_ble_wss.o
LOAD .\CortexM0p\ARM_GCC_541\Debug\UART_DEBUG.o
LOAD .\CortexM0p\ARM_GCC_541\Debug\BLE.o
LOAD .\CortexM0p\ARM_GCC_541\Debug\BLE_config.o
LOAD .\CortexM0p\ARM_GCC_541\Debug\BLE_dis_config.o
LOAD .\CortexM0p\ARM_GCC_541\Debug\BLE_ias_config.o
LOAD .\CortexM0p\ARM_GCC_541\Debug\MCWDT_PDL.o
LOAD .\CortexM0p\ARM_GCC_541\Debug\I2C_Pressure.o
LOAD .\CortexM0p\ARM_GCC_541\Debug\ADC_Photoresistor.o
LOAD .\CortexM0p\ARM_GCC_541\Debug\ADC_Photoresistor_INT.o
LOAD .\CortexM0p\ARM_GCC_541\Debug\ADC_Photoresistor_INIT.o
LOAD .\CortexM0p\ARM_GCC_541\Debug\ADC_Photoresistor_PM.o
END GROUP
START GROUP
LOAD c:/program files (x86)/cypress/psoc creator/4.4/psoc creator/import/gnu/arm/5.4.1/bin/../lib/gcc/arm-none-eabi/5.4.1/armv6-m\libgcc.a
LOAD c:/program files (x86)/cypress/psoc creator/4.4/psoc creator/import/gnu/arm/5.4.1/bin/../lib/gcc/arm-none-eabi/5.4.1/../../../../arm-none-eabi/lib/armv6-m\libg_nano.a
LOAD c:/program files (x86)/cypress/psoc creator/4.4/psoc creator/import/gnu/arm/5.4.1/bin/../lib/gcc/arm-none-eabi/5.4.1/../../../../arm-none-eabi/lib/armv6-m\libc_nano.a
END GROUP
START GROUP
LOAD c:/program files (x86)/cypress/psoc creator/4.4/psoc creator/import/gnu/arm/5.4.1/bin/../lib/gcc/arm-none-eabi/5.4.1/armv6-m\libgcc.a
LOAD c:/program files (x86)/cypress/psoc creator/4.4/psoc creator/import/gnu/arm/5.4.1/bin/../lib/gcc/arm-none-eabi/5.4.1/../../../../arm-none-eabi/lib/armv6-m\libc_nano.a
END GROUP
LOAD c:/program files (x86)/cypress/psoc creator/4.4/psoc creator/import/gnu/arm/5.4.1/bin/../lib/gcc/arm-none-eabi/5.4.1/armv6-m/crtend.o
LOAD c:/program files (x86)/cypress/psoc creator/4.4/psoc creator/import/gnu/arm/5.4.1/bin/../lib/gcc/arm-none-eabi/5.4.1/armv6-m/crtn.o
START GROUP
LOAD c:/program files (x86)/cypress/psoc creator/4.4/psoc creator/import/gnu/arm/5.4.1/bin/../lib/gcc/arm-none-eabi/5.4.1/armv6-m\libgcc.a
LOAD c:/program files (x86)/cypress/psoc creator/4.4/psoc creator/import/gnu/arm/5.4.1/bin/../lib/gcc/arm-none-eabi/5.4.1/../../../../arm-none-eabi/lib/armv6-m\libc.a
LOAD c:/program files (x86)/cypress/psoc creator/4.4/psoc creator/import/gnu/arm/5.4.1/bin/../lib/gcc/arm-none-eabi/5.4.1/../../../../arm-none-eabi/lib/armv6-m\libnosys.a
END GROUP
START GROUP
LOAD c:/program files (x86)/cypress/psoc creator/4.4/psoc creator/import/gnu/arm/5.4.1/bin/../lib/gcc/arm-none-eabi/5.4.1/armv6-m\libgcc.a
LOAD c:/program files (x86)/cypress/psoc creator/4.4/psoc creator/import/gnu/arm/5.4.1/bin/../lib/gcc/arm-none-eabi/5.4.1/../../../../arm-none-eabi/lib/armv6-m\libc.a
LOAD c:/program files (x86)/cypress/psoc creator/4.4/psoc creator/import/gnu/arm/5.4.1/bin/../lib/gcc/arm-none-eabi/5.4.1/../../../../arm-none-eabi/lib/armv6-m\libm.a
LOAD c:/program files (x86)/cypress/psoc creator/4.4/psoc creator/import/gnu/arm/5.4.1/bin/../lib/gcc/arm-none-eabi/5.4.1/../../../../arm-none-eabi/lib/armv6-m\libnosys.a
END GROUP

.cy_app_header
 *(.cy_app_header)

.text           0x10000000     0x6684
                0x10000000                . = ALIGN (0x4)
                0x10000000                __Vectors = .
 *(.vectors)
 .vectors       0x10000000       0xc0 .\CortexM0p\ARM_GCC_541\Debug\startup_psoc6_01_cm0plus.o
                0x100000c0                . = ALIGN (0x4)
                0x100000c0                __Vectors_End = .
                0x000000c0                __Vectors_Size = (__Vectors_End - __Vectors)
                0x100000c0                __end__ = .
                0x100000c0                . = ALIGN (0x4)
 *(.text*)
 .text          0x100000c0       0x60 c:/program files (x86)/cypress/psoc creator/4.4/psoc creator/import/gnu/arm/5.4.1/bin/../lib/gcc/arm-none-eabi/5.4.1/armv6-m/crtbegin.o
 .text          0x10000120       0x80 .\CortexM0p\ARM_GCC_541\Debug\startup_psoc6_01_cm0plus.o
                0x10000120                Cy_OnResetUser
                0x10000122                Reset_Handler
                0x10000180                NvicMux10_IRQHandler
                0x10000180                NvicMux26_IRQHandler
                0x10000180                SysTick_Handler
                0x10000180                NvicMux21_IRQHandler
                0x10000180                NMI_Handler
                0x10000180                NvicMux19_IRQHandler
                0x10000180                NvicMux8_IRQHandler
                0x10000180                NvicMux27_IRQHandler
                0x10000180                PendSV_Handler
                0x10000180                NvicMux17_IRQHandler
                0x10000180                NvicMux0_IRQHandler
                0x10000180                NvicMux25_IRQHandler
                0x10000180                NvicMux13_IRQHandler
                0x10000180                NvicMux11_IRQHandler
                0x10000180                NvicMux9_IRQHandler
                0x10000180                NvicMux18_IRQHandler
                0x10000180                NvicMux6_IRQHandler
                0x10000180                NvicMux22_IRQHandler
                0x10000180                NvicMux7_IRQHandler
                0x10000180                NvicMux2_IRQHandler
                0x10000180                NvicMux4_IRQHandler
                0x10000180                Default_Handler
                0x10000180                NvicMux30_IRQHandler
                0x10000180                NvicMux12_IRQHandler
                0x10000180                NvicMux5_IRQHandler
                0x10000180                NvicMux14_IRQHandler
                0x10000180                NvicMux3_IRQHandler
                0x10000180                SVC_Handler
                0x10000180                NvicMux1_IRQHandler
                0x10000180                NvicMux16_IRQHandler
                0x10000180                NvicMux29_IRQHandler
                0x10000180                NvicMux31_IRQHandler
                0x10000180                NvicMux24_IRQHandler
                0x10000180                NvicMux20_IRQHandler
                0x10000180                NvicMux15_IRQHandler
                0x10000180                NvicMux28_IRQHandler
                0x10000180                NvicMux23_IRQHandler
                0x10000184                HardFault_Handler
 .text.main     0x100001a0       0x44 .\CortexM0p\ARM_GCC_541\Debug\main_cm0p.o
                0x100001a0                main
 .text.Cy_SysIpcPipeIsrCm0
                0x100001e4        0xc .\CortexM0p\ARM_GCC_541\Debug\system_psoc6_cm0plus.o
                0x100001e4                Cy_SysIpcPipeIsrCm0
 .text.SystemCoreClockUpdate
                0x100001f0      0x1b0 .\CortexM0p\ARM_GCC_541\Debug\system_psoc6_cm0plus.o
                0x100001f0                SystemCoreClockUpdate
 .text.SystemInit
                0x100003a0       0xc8 .\CortexM0p\ARM_GCC_541\Debug\system_psoc6_cm0plus.o
                0x100003a0                SystemInit
 .text.Cy_SysGetCM4Status
                0x10000468       0x10 .\CortexM0p\ARM_GCC_541\Debug\system_psoc6_cm0plus.o
                0x10000468                Cy_SysGetCM4Status
 .text.Cy_SysResetCM4
                0x10000478       0x34 .\CortexM0p\ARM_GCC_541\Debug\system_psoc6_cm0plus.o
                0x10000478                Cy_SysResetCM4
 .text.Cy_SysEnableCM4
                0x100004ac       0x5c .\CortexM0p\ARM_GCC_541\Debug\system_psoc6_cm0plus.o
                0x100004ac                Cy_SysEnableCM4
 .text.CyClockStartupError
                0x10000508        0x4 .\CortexM0p\ARM_GCC_541\Debug\cyfitter_cfg.o
 .text.AnalogSetDefault
                0x1000050c       0x30 .\CortexM0p\ARM_GCC_541\Debug\cyfitter_cfg.o
 .text.ClockInit
                0x1000053c      0x328 .\CortexM0p\ARM_GCC_541\Debug\cyfitter_cfg.o
 .text.Cy_SystemInit
                0x10000864      0x190 .\CortexM0p\ARM_GCC_541\Debug\cyfitter_cfg.o
                0x10000864                Cy_SystemInit
 .text.Cy_Flash_BoundsCheck
                0x100009f4        0xc .\CortexM0p\ARM_GCC_541\Debug\cy_flash.o
 .text.Cy_Flash_ProcessOpcode
                0x10000a00       0xbc .\CortexM0p\ARM_GCC_541\Debug\cy_flash.o
 .text.Cy_Flash_OperationStatus
                0x10000abc       0x5c .\CortexM0p\ARM_GCC_541\Debug\cy_flash.o
 .text.Cy_Flash_InitExt
                0x10000b18       0x44 .\CortexM0p\ARM_GCC_541\Debug\cy_flash.o
                0x10000b18                Cy_Flash_InitExt
 .text.Cy_Flash_Init
                0x10000b5c       0x10 .\CortexM0p\ARM_GCC_541\Debug\cy_flash.o
                0x10000b5c                Cy_Flash_Init
 .text.Cy_Flash_WriteRow
                0x10000b6c       0xa0 .\CortexM0p\ARM_GCC_541\Debug\cy_flash.o
                0x10000b6c                Cy_Flash_WriteRow
 .text.Cy_Flash_IsOperationComplete
                0x10000c0c        0x8 .\CortexM0p\ARM_GCC_541\Debug\cy_flash.o
                0x10000c0c                Cy_Flash_IsOperationComplete
 .text.Cy_Flash_StartErase
                0x10000c14       0xac .\CortexM0p\ARM_GCC_541\Debug\cy_flash.o
                0x10000c14                Cy_Flash_StartErase
 .text.Cy_Flash_StartProgram
                0x10000cc0       0xb4 .\CortexM0p\ARM_GCC_541\Debug\cy_flash.o
                0x10000cc0                Cy_Flash_StartProgram
 .text.Cy_GPIO_Pin_Init
                0x10000d74      0x334 .\CortexM0p\ARM_GCC_541\Debug\cy_gpio.o
                0x10000d74                Cy_GPIO_Pin_Init
 .text.Cy_GPIO_Port_Init
                0x100010a8       0xdc .\CortexM0p\ARM_GCC_541\Debug\cy_gpio.o
                0x100010a8                Cy_GPIO_Port_Init
 .text.Cy_IPC_Drv_LockRelease
                0x10001184       0x40 .\CortexM0p\ARM_GCC_541\Debug\cy_ipc_drv.o
                0x10001184                Cy_IPC_Drv_LockRelease
 .text.Cy_IPC_Drv_SendMsgWord
                0x100011c4       0x40 .\CortexM0p\ARM_GCC_541\Debug\cy_ipc_drv.o
                0x100011c4                Cy_IPC_Drv_SendMsgWord
 .text.Cy_IPC_Drv_ReadMsgWord
                0x10001204       0x38 .\CortexM0p\ARM_GCC_541\Debug\cy_ipc_drv.o
                0x10001204                Cy_IPC_Drv_ReadMsgWord
 .text.Cy_IPC_Sema_InitExt
                0x1000123c       0xac .\CortexM0p\ARM_GCC_541\Debug\cy_ipc_sema.o
                0x1000123c                Cy_IPC_Sema_InitExt
 .text.Cy_IPC_Sema_Init
                0x100012e8       0x68 .\CortexM0p\ARM_GCC_541\Debug\cy_ipc_sema.o
                0x100012e8                Cy_IPC_Sema_Init
 .text.Cy_IPC_Sema_Set
                0x10001350       0x8c .\CortexM0p\ARM_GCC_541\Debug\cy_ipc_sema.o
                0x10001350                Cy_IPC_Sema_Set
 .text.Cy_IPC_Sema_Clear
                0x100013dc       0x8c .\CortexM0p\ARM_GCC_541\Debug\cy_ipc_sema.o
                0x100013dc                Cy_IPC_Sema_Clear
 .text.Cy_IPC_Sema_Status
                0x10001468       0x3c .\CortexM0p\ARM_GCC_541\Debug\cy_ipc_sema.o
                0x10001468                Cy_IPC_Sema_Status
 .text.Cy_IPC_Pipe_Config
                0x100014a4       0x14 .\CortexM0p\ARM_GCC_541\Debug\cy_ipc_pipe.o
                0x100014a4                Cy_IPC_Pipe_Config
 .text.Cy_IPC_Pipe_EndpointInit
                0x100014b8       0xd8 .\CortexM0p\ARM_GCC_541\Debug\cy_ipc_pipe.o
                0x100014b8                Cy_IPC_Pipe_EndpointInit
 .text.Cy_IPC_Pipe_Init
                0x10001590       0xbc .\CortexM0p\ARM_GCC_541\Debug\cy_ipc_pipe.o
                0x10001590                Cy_IPC_Pipe_Init
 .text.Cy_IPC_Pipe_SendMessage
                0x1000164c       0xb8 .\CortexM0p\ARM_GCC_541\Debug\cy_ipc_pipe.o
                0x1000164c                Cy_IPC_Pipe_SendMessage
 .text.Cy_IPC_Pipe_RegisterCallback
                0x10001704       0x54 .\CortexM0p\ARM_GCC_541\Debug\cy_ipc_pipe.o
                0x10001704                Cy_IPC_Pipe_RegisterCallback
 .text.Cy_IPC_Pipe_RegisterCallbackRel
                0x10001758       0x30 .\CortexM0p\ARM_GCC_541\Debug\cy_ipc_pipe.o
                0x10001758                Cy_IPC_Pipe_RegisterCallbackRel
 .text.Cy_IPC_Pipe_ExecCallback
                0x10001788       0xd0 .\CortexM0p\ARM_GCC_541\Debug\cy_ipc_pipe.o
                0x10001788                Cy_IPC_Pipe_ExecCallback
 .text.Cy_IPC_Pipe_ExecuteCallback
                0x10001858       0x30 .\CortexM0p\ARM_GCC_541\Debug\cy_ipc_pipe.o
                0x10001858                Cy_IPC_Pipe_ExecuteCallback
 .text.Cy_IPC_Pipe_EndpointPause
                0x10001888       0x50 .\CortexM0p\ARM_GCC_541\Debug\cy_ipc_pipe.o
                0x10001888                Cy_IPC_Pipe_EndpointPause
 .text.Cy_IPC_Pipe_EndpointResume
                0x100018d8       0x48 .\CortexM0p\ARM_GCC_541\Debug\cy_ipc_pipe.o
                0x100018d8                Cy_IPC_Pipe_EndpointResume
 .text.Cy_Prot_GetActivePC
                0x10001920       0x34 .\CortexM0p\ARM_GCC_541\Debug\cy_prot.o
                0x10001920                Cy_Prot_GetActivePC
 .text.Cy_SysClk_ClkPathSetSource
                0x10001954       0x5c .\CortexM0p\ARM_GCC_541\Debug\cy_sysclk.o
                0x10001954                Cy_SysClk_ClkPathSetSource
 .text.Cy_SysClk_ClkPathGetSource
                0x100019b0       0x4c .\CortexM0p\ARM_GCC_541\Debug\cy_sysclk.o
                0x100019b0                Cy_SysClk_ClkPathGetSource
 .text.Cy_SysClk_FllManualConfigure
                0x100019fc      0x178 .\CortexM0p\ARM_GCC_541\Debug\cy_sysclk.o
                0x100019fc                Cy_SysClk_FllManualConfigure
 .text.Cy_SysClk_FllEnable
                0x10001b74       0xdc .\CortexM0p\ARM_GCC_541\Debug\cy_sysclk.o
                0x10001b74                Cy_SysClk_FllEnable
 .text.Cy_SysClk_StartClkMeasurementCounters
                0x10001c50      0x19c .\CortexM0p\ARM_GCC_541\Debug\cy_sysclk.o
                0x10001c50                Cy_SysClk_StartClkMeasurementCounters
 .text.Cy_SysClk_ClkMeasurementCountersGetFreq
                0x10001dec       0xbc .\CortexM0p\ARM_GCC_541\Debug\cy_sysclk.o
                0x10001dec                Cy_SysClk_ClkMeasurementCountersGetFreq
 .text.Cy_SysInt_SetInterruptSource
                0x10001ea8       0x78 .\CortexM0p\ARM_GCC_541\Debug\cy_sysint.o
                0x10001ea8                Cy_SysInt_SetInterruptSource
 .text.Cy_SysInt_SetVector
                0x10001f20       0x44 .\CortexM0p\ARM_GCC_541\Debug\cy_sysint.o
                0x10001f20                Cy_SysInt_SetVector
 .text.Cy_SysInt_Init
                0x10001f64       0xc4 .\CortexM0p\ARM_GCC_541\Debug\cy_sysint.o
                0x10001f64                Cy_SysInt_Init
 .text.Cy_SysLib_DelayUs
                0x10002028       0x14 .\CortexM0p\ARM_GCC_541\Debug\cy_syslib.o
                0x10002028                Cy_SysLib_DelayUs
 .text.Cy_SysLib_Halt
                0x1000203c        0x4 .\CortexM0p\ARM_GCC_541\Debug\cy_syslib.o
                0x1000203c                Cy_SysLib_Halt
 .text.Cy_SysLib_AssertFailed
                0x10002040       0x1c .\CortexM0p\ARM_GCC_541\Debug\cy_syslib.o
                0x10002040                Cy_SysLib_AssertFailed
 .text.Cy_SysLib_ClearFlashCacheAndBuffer
                0x1000205c       0x10 .\CortexM0p\ARM_GCC_541\Debug\cy_syslib.o
                0x1000205c                Cy_SysLib_ClearFlashCacheAndBuffer
 .text.Cy_SysLib_ResetBackupDomain
                0x1000206c       0x20 .\CortexM0p\ARM_GCC_541\Debug\cy_syslib.o
                0x1000206c                Cy_SysLib_ResetBackupDomain
 .text.Cy_SysLib_GetResetReason
                0x1000208c       0x1c .\CortexM0p\ARM_GCC_541\Debug\cy_syslib.o
                0x1000208c                Cy_SysLib_GetResetReason
 .text.Cy_SysLib_ProcessingFault
                0x100020a8        0x4 .\CortexM0p\ARM_GCC_541\Debug\cy_syslib.o
                0x100020a8                Cy_SysLib_ProcessingFault
 .text.Cy_SysLib_FaultHandler
                0x100020ac       0x30 .\CortexM0p\ARM_GCC_541\Debug\cy_syslib.o
                0x100020ac                Cy_SysLib_FaultHandler
 .text.Cy_SysLib_SetWaitStates
                0x100020dc       0xe0 .\CortexM0p\ARM_GCC_541\Debug\cy_syslib.o
                0x100020dc                Cy_SysLib_SetWaitStates
 *fill*         0x100021bc        0x4 
 .text          0x100021c0       0x20 .\CortexM0p\ARM_GCC_541\Debug\cy_syslib_gcc.o
                0x100021c0                Cy_SysLib_DelayCycles
                0x100021d2                Cy_SysLib_EnterCriticalSection
                0x100021da                Cy_SysLib_ExitCriticalSection
 .text.SetReadMarginTrimUlp
                0x100021e0       0x98 .\CortexM0p\ARM_GCC_541\Debug\cy_syspm.o
 .text.SetReadMarginTrimLp
                0x10002278       0x90 .\CortexM0p\ARM_GCC_541\Debug\cy_syspm.o
 .text.SetWriteAssistTrimUlp
                0x10002308       0x74 .\CortexM0p\ARM_GCC_541\Debug\cy_syspm.o
 .text.SetWriteAssistTrimLp
                0x1000237c       0x84 .\CortexM0p\ARM_GCC_541\Debug\cy_syspm.o
 .text.IsVoltageChangePossible
                0x10002400       0x58 .\CortexM0p\ARM_GCC_541\Debug\cy_syspm.o
 .text.Cy_SysPm_BuckIsOutputEnabled
                0x10002458       0x5c .\CortexM0p\ARM_GCC_541\Debug\cy_syspm.o
                0x10002458                Cy_SysPm_BuckIsOutputEnabled
 .text.Cy_SysPm_BuckSetVoltage2
                0x100024b4       0x6c .\CortexM0p\ARM_GCC_541\Debug\cy_syspm.o
                0x100024b4                Cy_SysPm_BuckSetVoltage2
 .text.Cy_SysPm_RegisterCallback
                0x10002520       0x5c .\CortexM0p\ARM_GCC_541\Debug\cy_syspm.o
                0x10002520                Cy_SysPm_RegisterCallback
 .text.Cy_SysPm_ExecuteCallback
                0x1000257c       0xd4 .\CortexM0p\ARM_GCC_541\Debug\cy_syspm.o
                0x1000257c                Cy_SysPm_ExecuteCallback
 .text.Cy_SysPm_CpuEnterSleep
                0x10002650       0x8c .\CortexM0p\ARM_GCC_541\Debug\cy_syspm.o
                0x10002650                Cy_SysPm_CpuEnterSleep
 .text.Cy_SysPm_IoUnfreeze
                0x100026dc       0x2c .\CortexM0p\ARM_GCC_541\Debug\cy_syspm.o
                0x100026dc                Cy_SysPm_IoUnfreeze
 .text.Cy_SysPm_WriteVoltageBitForFlash
                0x10002708      0x12c .\CortexM0p\ARM_GCC_541\Debug\cy_syspm.o
                0x10002708                Cy_SysPm_WriteVoltageBitForFlash
 .text.Cy_SysPm_BuckSetVoltage1
                0x10002834       0xa0 .\CortexM0p\ARM_GCC_541\Debug\cy_syspm.o
                0x10002834                Cy_SysPm_BuckSetVoltage1
 .text.Cy_SysPm_LdoSetVoltage
                0x100028d4       0xd0 .\CortexM0p\ARM_GCC_541\Debug\cy_syspm.o
                0x100028d4                Cy_SysPm_LdoSetVoltage
 .text.Cy_SysPm_SaveRegisters
                0x100029a4       0x80 .\CortexM0p\ARM_GCC_541\Debug\cy_syspm.o
                0x100029a4                Cy_SysPm_SaveRegisters
 .text.Cy_SysPm_RestoreRegisters
                0x10002a24       0x7c .\CortexM0p\ARM_GCC_541\Debug\cy_syspm.o
                0x10002a24                Cy_SysPm_RestoreRegisters
 .text.Cy_SysPm_CpuEnterDeepSleep
                0x10002aa0       0xf8 .\CortexM0p\ARM_GCC_541\Debug\cy_syspm.o
                0x10002aa0                Cy_SysPm_CpuEnterDeepSleep
 .text.Cy_SysTick_SetClockSource
                0x10002b98       0x3c .\CortexM0p\ARM_GCC_541\Debug\cy_systick.o
                0x10002b98                Cy_SysTick_SetClockSource
 .text.Cy_WDT_Unlock
                0x10002bd4       0x24 .\CortexM0p\ARM_GCC_541\Debug\cy_wdt.o
                0x10002bd4                Cy_WDT_Unlock
 .text.Cy_PDL_Init
                0x10002bf8        0xc .\CortexM0p\ARM_GCC_541\Debug\cy_device.o
                0x10002bf8                Cy_PDL_Init
 .text.Cy_BLE_HAL_RcbRegRead
                0x10002c04       0x50 .\CortexM0p\ARM_GCC_541\Debug\cy_ble_clk.o
 .text.Cy_BLE_HAL_RcbRegWrite
                0x10002c54       0x4c .\CortexM0p\ARM_GCC_541\Debug\cy_ble_clk.o
 .text.Cy_BLE_HAL_MxdRadioEnableClocks
                0x10002ca0      0x21c .\CortexM0p\ARM_GCC_541\Debug\cy_ble_clk.o
 .text.Cy_BLE_HAL_EcoSetTrim
                0x10002ebc       0x38 .\CortexM0p\ARM_GCC_541\Debug\cy_ble_clk.o
 .text.Cy_BLE_EcoStop
                0x10002ef4       0x18 .\CortexM0p\ARM_GCC_541\Debug\cy_ble_clk.o
                0x10002ef4                Cy_BLE_EcoStop
 .text.Cy_BLE_HAL_Init
                0x10002f0c       0x68 .\CortexM0p\ARM_GCC_541\Debug\cy_ble_clk.o
                0x10002f0c                Cy_BLE_HAL_Init
 .text.Cy_BLE_EcoStart
                0x10002f74      0x254 .\CortexM0p\ARM_GCC_541\Debug\cy_ble_clk.o
                0x10002f74                Cy_BLE_EcoStart
 .text.Cy_BLE_HAL_EcoGetFrequency
                0x100031c8        0xc .\CortexM0p\ARM_GCC_541\Debug\cy_ble_clk.o
                0x100031c8                Cy_BLE_HAL_EcoGetFrequency
 .text.Cy_BLE_HAL_IsEcoCpuClockSrc
                0x100031d4       0x20 .\CortexM0p\ARM_GCC_541\Debug\cy_ble_clk.o
                0x100031d4                Cy_BLE_HAL_IsEcoCpuClockSrc
 .text.Cy_BLE_HAL_IsWcoLfclkSrc
                0x100031f4       0x24 .\CortexM0p\ARM_GCC_541\Debug\cy_ble_clk.o
                0x100031f4                Cy_BLE_HAL_IsWcoLfclkSrc
 .text.Cy_BLE_DeepSleepCallback
                0x10003218       0xb4 .\CortexM0p\ARM_GCC_541\Debug\cy_ble.o
                0x10003218                Cy_BLE_DeepSleepCallback
 .text.Cy_BLE_Init
                0x100032cc       0x18 .\CortexM0p\ARM_GCC_541\Debug\cy_ble.o
                0x100032cc                Cy_BLE_Init
 .text.Cy_BLE_Enable
                0x100032e4       0x7c .\CortexM0p\ARM_GCC_541\Debug\cy_ble.o
                0x100032e4                Cy_BLE_Enable
 .text.Cy_BLE_ConfigureExtPA
                0x10003360       0x10 .\CortexM0p\ARM_GCC_541\Debug\cy_ble.o
                0x10003360                Cy_BLE_ConfigureExtPA
 .text.Cy_BLE_BlessInterrupt
                0x10003370        0x8 .\CortexM0p\ARM_GCC_541\Debug\cy_ble_hal_int.o
                0x10003370                Cy_BLE_BlessInterrupt
 .text.Cy_BLE_IPC_CtrlMsgFlushRecvCallBack
                0x10003378       0x10 .\CortexM0p\ARM_GCC_541\Debug\cy_ble_hal_pvt.o
 .text.Cy_BLE_HAL_RadioCalibrationRead
                0x10003388       0x2c .\CortexM0p\ARM_GCC_541\Debug\cy_ble_hal_pvt.o
                0x10003388                Cy_BLE_HAL_RadioCalibrationRead
 .text.Cy_BLE_HAL_NvramWrite
                0x100033b4      0x324 .\CortexM0p\ARM_GCC_541\Debug\cy_ble_hal_pvt.o
                0x100033b4                Cy_BLE_HAL_NvramWrite
 .text.Cy_BLE_HAL_RadioCalibrationWrite
                0x100036d8       0x2c .\CortexM0p\ARM_GCC_541\Debug\cy_ble_hal_pvt.o
                0x100036d8                Cy_BLE_HAL_RadioCalibrationWrite
 .text.Cy_BLE_HAL_GetIcPackageType
                0x10003704        0x4 .\CortexM0p\ARM_GCC_541\Debug\cy_ble_hal_pvt.o
                0x10003704                Cy_BLE_HAL_GetIcPackageType
 .text.Cy_BLE_HAL_RadioGetAbsVbat
                0x10003708       0x20 .\CortexM0p\ARM_GCC_541\Debug\cy_ble_hal_pvt.o
                0x10003708                Cy_BLE_HAL_RadioGetAbsVbat
 .text.Cy_BLE_HAL_RadioGetAbsTemp
                0x10003728       0x24 .\CortexM0p\ARM_GCC_541\Debug\cy_ble_hal_pvt.o
                0x10003728                Cy_BLE_HAL_RadioGetAbsTemp
 .text.Cy_BLE_HAL_IsDefinedTx5dbm
                0x1000374c        0x4 .\CortexM0p\ARM_GCC_541\Debug\cy_ble_hal_pvt.o
                0x1000374c                Cy_BLE_HAL_IsDefinedTx5dbm
 .text.Cy_BLE_HAL_DelayUs
                0x10003750        0x8 .\CortexM0p\ARM_GCC_541\Debug\cy_ble_hal_pvt.o
                0x10003750                Cy_BLE_HAL_DelayUs
 .text.Cy_BLE_HAL_EnableBlessInterrupt
                0x10003758       0x24 .\CortexM0p\ARM_GCC_541\Debug\cy_ble_hal_pvt.o
                0x10003758                Cy_BLE_HAL_EnableBlessInterrupt
 .text.Cy_BLE_HAL_DisableBlessInterrupt
                0x1000377c       0x30 .\CortexM0p\ARM_GCC_541\Debug\cy_ble_hal_pvt.o
                0x1000377c                Cy_BLE_HAL_DisableBlessInterrupt
 .text.Cy_BLE_HAL_LfClkGetSource
                0x100037ac       0x14 .\CortexM0p\ARM_GCC_541\Debug\cy_ble_hal_pvt.o
                0x100037ac                Cy_BLE_HAL_LfClkGetSource
 .text.Cy_BLE_HAL_ClkMeasurementCountersDone
                0x100037c0       0x14 .\CortexM0p\ARM_GCC_541\Debug\cy_ble_hal_pvt.o
                0x100037c0                Cy_BLE_HAL_ClkMeasurementCountersDone
 .text.Cy_BLE_HAL_ClkMeasurementCountersGetFreq
                0x100037d4        0x8 .\CortexM0p\ARM_GCC_541\Debug\cy_ble_hal_pvt.o
                0x100037d4                Cy_BLE_HAL_ClkMeasurementCountersGetFreq
 .text.Cy_BLE_HAL_StartClkMeasurementCounters
                0x100037dc       0x2c .\CortexM0p\ARM_GCC_541\Debug\cy_ble_hal_pvt.o
                0x100037dc                Cy_BLE_HAL_StartClkMeasurementCounters
 .text.Cy_BLE_HAL_TryPiloTrim
                0x10003808       0x78 .\CortexM0p\ARM_GCC_541\Debug\cy_ble_hal_pvt.o
                0x10003808                Cy_BLE_HAL_TryPiloTrim
 .text.Cy_BLE_HAL_PiloTrim
                0x10003880       0x14 .\CortexM0p\ARM_GCC_541\Debug\cy_ble_hal_pvt.o
                0x10003880                Cy_BLE_HAL_PiloTrim
 .text.Cy_BLE_HAL_BlessStart
                0x10003894       0x40 .\CortexM0p\ARM_GCC_541\Debug\cy_ble_hal_pvt.o
                0x10003894                Cy_BLE_HAL_BlessStart
 .text.Cy_BLE_HAL_GetIpBlockVersion
                0x100038d4        0x4 .\CortexM0p\ARM_GCC_541\Debug\cy_ble_hal_pvt.o
                0x100038d4                Cy_BLE_HAL_GetIpBlockVersion
 .text.Cy_BLE_HAL_EnterCriticalSection
                0x100038d8        0x8 .\CortexM0p\ARM_GCC_541\Debug\cy_ble_hal_pvt.o
                0x100038d8                Cy_BLE_HAL_EnterCriticalSection
 .text.Cy_BLE_HAL_ExitCriticalSection
                0x100038e0        0x8 .\CortexM0p\ARM_GCC_541\Debug\cy_ble_hal_pvt.o
                0x100038e0                Cy_BLE_HAL_ExitCriticalSection
 .text.Cy_BLE_HAL_SysPmSleep
                0x100038e8        0x8 .\CortexM0p\ARM_GCC_541\Debug\cy_ble_hal_pvt.o
                0x100038e8                Cy_BLE_HAL_SysPmSleep
 .text.Cy_BLE_HAL_SimoBuckSetVoltage2
                0x100038f0        0xc .\CortexM0p\ARM_GCC_541\Debug\cy_ble_hal_pvt.o
                0x100038f0                Cy_BLE_HAL_SimoBuckSetVoltage2
 .text.Cy_BLE_HAL_EnableControllerIpcPipeInterrupt
                0x100038fc        0xc .\CortexM0p\ARM_GCC_541\Debug\cy_ble_hal_pvt.o
                0x100038fc                Cy_BLE_HAL_EnableControllerIpcPipeInterrupt
 .text.Cy_BLE_HAL_DisableControllerIpcPipeInterrupt
                0x10003908        0xc .\CortexM0p\ARM_GCC_541\Debug\cy_ble_hal_pvt.o
                0x10003908                Cy_BLE_HAL_DisableControllerIpcPipeInterrupt
 .text.Cy_BLE_IPC_ControllerRegisterClientCallbacks
                0x10003914       0x28 .\CortexM0p\ARM_GCC_541\Debug\cy_ble_hal_pvt.o
                0x10003914                Cy_BLE_IPC_ControllerRegisterClientCallbacks
 .text.Cy_BLE_IPC_SendMessageToHost
                0x1000393c       0x20 .\CortexM0p\ARM_GCC_541\Debug\cy_ble_hal_pvt.o
                0x1000393c                Cy_BLE_IPC_SendMessageToHost
 .text.Cy_BLE_Start
                0x1000395c       0x2c .\CortexM0p\ARM_GCC_541\Debug\BLE.o
                0x1000395c                Cy_BLE_Start
 .text          0x10003988      0x114 c:/program files (x86)/cypress/psoc creator/4.4/psoc creator/import/gnu/arm/5.4.1/bin/../lib/gcc/arm-none-eabi/5.4.1/armv6-m\libgcc.a(_udivsi3.o)
                0x10003988                __aeabi_uidiv
                0x10003988                __udivsi3
                0x10003a94                __aeabi_uidivmod
 .text          0x10003a9c      0x1d4 c:/program files (x86)/cypress/psoc creator/4.4/psoc creator/import/gnu/arm/5.4.1/bin/../lib/gcc/arm-none-eabi/5.4.1/armv6-m\libgcc.a(_divsi3.o)
                0x10003a9c                __divsi3
                0x10003a9c                __aeabi_idiv
                0x10003c68                __aeabi_idivmod
 .text          0x10003c70        0x4 c:/program files (x86)/cypress/psoc creator/4.4/psoc creator/import/gnu/arm/5.4.1/bin/../lib/gcc/arm-none-eabi/5.4.1/armv6-m\libgcc.a(_dvmd_tls.o)
                0x10003c70                __aeabi_idiv0
                0x10003c70                __aeabi_ldiv0
 .text          0x10003c74       0x40 c:/program files (x86)/cypress/psoc creator/4.4/psoc creator/import/gnu/arm/5.4.1/bin/../lib/gcc/arm-none-eabi/5.4.1/armv6-m\libgcc.a(_aeabi_uldivmod.o)
                0x10003c74                __aeabi_uldivmod
 .text          0x10003cb4       0x58 c:/program files (x86)/cypress/psoc creator/4.4/psoc creator/import/gnu/arm/5.4.1/bin/../lib/gcc/arm-none-eabi/5.4.1/armv6-m\libgcc.a(_muldi3.o)
                0x10003cb4                __muldi3
                0x10003cb4                __aeabi_lmul
 .text          0x10003d0c       0x3c c:/program files (x86)/cypress/psoc creator/4.4/psoc creator/import/gnu/arm/5.4.1/bin/../lib/gcc/arm-none-eabi/5.4.1/armv6-m\libgcc.a(_fixunsdfsi.o)
                0x10003d0c                __aeabi_d2uiz
                0x10003d0c                __fixunsdfsi
 .text          0x10003d48      0x180 c:/program files (x86)/cypress/psoc creator/4.4/psoc creator/import/gnu/arm/5.4.1/bin/../lib/gcc/arm-none-eabi/5.4.1/armv6-m\libgcc.a(_udivmoddi4.o)
                0x10003d48                __udivmoddi4
 .text          0x10003ec8      0x62c c:/program files (x86)/cypress/psoc creator/4.4/psoc creator/import/gnu/arm/5.4.1/bin/../lib/gcc/arm-none-eabi/5.4.1/armv6-m\libgcc.a(divdf3.o)
                0x10003ec8                __aeabi_ddiv
 .text          0x100044f4      0x4f4 c:/program files (x86)/cypress/psoc creator/4.4/psoc creator/import/gnu/arm/5.4.1/bin/../lib/gcc/arm-none-eabi/5.4.1/armv6-m\libgcc.a(muldf3.o)
                0x100044f4                __aeabi_dmul
 .text          0x100049e8      0x6a8 c:/program files (x86)/cypress/psoc creator/4.4/psoc creator/import/gnu/arm/5.4.1/bin/../lib/gcc/arm-none-eabi/5.4.1/armv6-m\libgcc.a(subdf3.o)
                0x100049e8                __aeabi_dsub
 .text          0x10005090       0x6c c:/program files (x86)/cypress/psoc creator/4.4/psoc creator/import/gnu/arm/5.4.1/bin/../lib/gcc/arm-none-eabi/5.4.1/armv6-m\libgcc.a(fixdfsi.o)
                0x10005090                __aeabi_d2iz
 .text          0x100050fc       0x70 c:/program files (x86)/cypress/psoc creator/4.4/psoc creator/import/gnu/arm/5.4.1/bin/../lib/gcc/arm-none-eabi/5.4.1/armv6-m\libgcc.a(floatunsidf.o)
                0x100050fc                __aeabi_ui2d
 .text          0x1000516c       0x7c c:/program files (x86)/cypress/psoc creator/4.4/psoc creator/import/gnu/arm/5.4.1/bin/../lib/gcc/arm-none-eabi/5.4.1/armv6-m\libgcc.a(_arm_cmpdf2.o)
                0x1000516c                __aeabi_cdrcmple
                0x1000517c                __aeabi_cdcmple
                0x1000517c                __aeabi_cdcmpeq
                0x1000518c                __aeabi_dcmpeq
                0x10005198                __aeabi_dcmplt
                0x100051ac                __aeabi_dcmple
                0x100051c0                __aeabi_dcmpgt
                0x100051d4                __aeabi_dcmpge
 .text          0x100051e8       0x3c c:/program files (x86)/cypress/psoc creator/4.4/psoc creator/import/gnu/arm/5.4.1/bin/../lib/gcc/arm-none-eabi/5.4.1/armv6-m\libgcc.a(_clzsi2.o)
                0x100051e8                __clzsi2
 .text          0x10005224       0x18 c:/program files (x86)/cypress/psoc creator/4.4/psoc creator/import/gnu/arm/5.4.1/bin/../lib/gcc/arm-none-eabi/5.4.1/armv6-m\libgcc.a(_clzdi2.o)
                0x10005224                __clzdi2
 .text          0x1000523c       0x80 c:/program files (x86)/cypress/psoc creator/4.4/psoc creator/import/gnu/arm/5.4.1/bin/../lib/gcc/arm-none-eabi/5.4.1/armv6-m\libgcc.a(eqdf2.o)
                0x1000523c                __nedf2
                0x1000523c                __eqdf2
 .text          0x100052bc       0xc8 c:/program files (x86)/cypress/psoc creator/4.4/psoc creator/import/gnu/arm/5.4.1/bin/../lib/gcc/arm-none-eabi/5.4.1/armv6-m\libgcc.a(gedf2.o)
                0x100052bc                __gedf2
                0x100052bc                __gtdf2
 .text          0x10005384       0xd4 c:/program files (x86)/cypress/psoc creator/4.4/psoc creator/import/gnu/arm/5.4.1/bin/../lib/gcc/arm-none-eabi/5.4.1/armv6-m\libgcc.a(ledf2.o)
                0x10005384                __ledf2
                0x10005384                __ltdf2
 .text.memcmp   0x10005458       0x1e c:/program files (x86)/cypress/psoc creator/4.4/psoc creator/import/gnu/arm/5.4.1/bin/../lib/gcc/arm-none-eabi/5.4.1/../../../../arm-none-eabi/lib/armv6-m\libg_nano.a(lib_a-memcmp.o)
                0x10005458                memcmp
 .text.memcpy   0x10005476       0x12 c:/program files (x86)/cypress/psoc creator/4.4/psoc creator/import/gnu/arm/5.4.1/bin/../lib/gcc/arm-none-eabi/5.4.1/../../../../arm-none-eabi/lib/armv6-m\libg_nano.a(lib_a-memcpy-stub.o)
                0x10005476                memcpy
 .text.memset   0x10005488       0x10 c:/program files (x86)/cypress/psoc creator/4.4/psoc creator/import/gnu/arm/5.4.1/bin/../lib/gcc/arm-none-eabi/5.4.1/../../../../arm-none-eabi/lib/armv6-m\libg_nano.a(lib_a-memset.o)
                0x10005488                memset
 .text.strncpy  0x10005498       0x26 c:/program files (x86)/cypress/psoc creator/4.4/psoc creator/import/gnu/arm/5.4.1/bin/../lib/gcc/arm-none-eabi/5.4.1/../../../../arm-none-eabi/lib/armv6-m\libg_nano.a(lib_a-strncpy.o)
                0x10005498                strncpy
 *(.init)
 *fill*         0x100054be        0x2 
 .init          0x100054c0        0x4 c:/program files (x86)/cypress/psoc creator/4.4/psoc creator/import/gnu/arm/5.4.1/bin/../lib/gcc/arm-none-eabi/5.4.1/armv6-m/crti.o
                0x100054c0                _init
 .init          0x100054c4        0x8 c:/program files (x86)/cypress/psoc creator/4.4/psoc creator/import/gnu/arm/5.4.1/bin/../lib/gcc/arm-none-eabi/5.4.1/armv6-m/crtn.o
 *(.fini)
 .fini          0x100054cc        0x4 c:/program files (x86)/cypress/psoc creator/4.4/psoc creator/import/gnu/arm/5.4.1/bin/../lib/gcc/arm-none-eabi/5.4.1/armv6-m/crti.o
                0x100054cc                _fini
 .fini          0x100054d0        0x8 c:/program files (x86)/cypress/psoc creator/4.4/psoc creator/import/gnu/arm/5.4.1/bin/../lib/gcc/arm-none-eabi/5.4.1/armv6-m/crtn.o
 .fini.__stub   0x100054d8       0x20 linker stubs
 *crtbegin.o(.ctors)
 *crtbegin?.o(.ctors)
 *(EXCLUDE_FILE(*crtend.o *crtend?.o) .ctors)
 *(SORT(.ctors.*))
 *(.ctors)
 *crtbegin.o(.dtors)
 *crtbegin?.o(.dtors)
 *(EXCLUDE_FILE(*crtend.o *crtend?.o) .dtors)
 *(SORT(.dtors.*))
 *(.dtors)
 *(.rodata .rodata.* .constdata .constdata.* .conststring .conststring.*)
 .rodata.str1.4
                0x100054f8        0xc .\CortexM0p\ARM_GCC_541\Debug\main_cm0p.o
 .rodata        0x10005504       0x34 .\CortexM0p\ARM_GCC_541\Debug\system_psoc6_cm0plus.o
 .rodata.str1.4
                0x10005538       0x17 .\CortexM0p\ARM_GCC_541\Debug\system_psoc6_cm0plus.o
 *fill*         0x1000554f        0x1 
 .rodata        0x10005550        0x8 .\CortexM0p\ARM_GCC_541\Debug\cyfitter_sysint_cfg.o
                0x10005550                BLE_bless_isr_cfg
 .rodata        0x10005558       0xcc .\CortexM0p\ARM_GCC_541\Debug\cyfitter_cfg.o
 .rodata.str1.4
                0x10005624       0x3f .\CortexM0p\ARM_GCC_541\Debug\cy_flash.o
 *fill*         0x10005663        0x1 
 .rodata.str1.4
                0x10005664       0x7d .\CortexM0p\ARM_GCC_541\Debug\cy_gpio.o
 *fill*         0x100056e1        0x3 
 .rodata.str1.4
                0x100056e4       0x7f .\CortexM0p\ARM_GCC_541\Debug\cy_ipc_drv.o
 .rodata.str1.4
                0x10005763       0x3f .\CortexM0p\ARM_GCC_541\Debug\cy_ipc_sema.o
 *fill*         0x10005763        0x1 
 .rodata.str1.4
                0x10005764       0x40 .\CortexM0p\ARM_GCC_541\Debug\cy_ipc_pipe.o
                                 0x7f (size before relaxing)
 .rodata.str1.4
                0x100057a4       0x3d .\CortexM0p\ARM_GCC_541\Debug\cy_prot.o
 *fill*         0x100057e1        0x3 
 .rodata.str1.4
                0x100057e4       0x85 .\CortexM0p\ARM_GCC_541\Debug\cy_sysclk.o
 *fill*         0x10005869        0x3 
 .rodata.str1.4
                0x1000586c       0x41 .\CortexM0p\ARM_GCC_541\Debug\cy_sysint.o
 *fill*         0x100058ad        0x3 
 .rodata.str1.4
                0x100058b0       0x3f .\CortexM0p\ARM_GCC_541\Debug\cy_syspm.o
                                 0x7f (size before relaxing)
 *fill*         0x100058ef        0x1 
 .rodata        0x100058f0      0x170 .\CortexM0p\ARM_GCC_541\Debug\cy_device.o
                0x100058f0                cy_deviceIpBlockCfgPSoC6_02
                0x100059a8                cy_deviceIpBlockCfgPSoC6_01
 .rodata        0x10005a60       0x6c .\CortexM0p\ARM_GCC_541\Debug\cy_ble_clk.o
 .rodata.str1.4
                0x10005acc       0x3c .\CortexM0p\ARM_GCC_541\Debug\cy_ble_hal_pvt.o
                                 0x3b (size before relaxing)
 .constdata     0x10005b08       0x4c Generated_Source\PSoC6\pdl\middleware\ble\lib\cy_ble_stack_gcc_controller_ipc_cm0p.a(config_bin.o)
                0x10005b08                bt_cfg_pdata
 .constdata     0x10005b54       0x10 Generated_Source\PSoC6\pdl\middleware\ble\lib\cy_ble_stack_gcc_controller_ipc_cm0p.a(ll_connection.o)
                0x10005b54                g_slave_clock_accuracy
 .constdata     0x10005b64      0x102 Generated_Source\PSoC6\pdl\middleware\ble\lib\cy_ble_stack_gcc_controller_ipc_cm0p.a(ll_pdu.o)
                0x10005b64                enc_valid_pdu_list
                0x10005b6c                fp_ll_pdu_handlers
                0x10005bd0                fp_ll_pdu_ack_handlers
                0x10005c34                ll_pdu_valid_length
 *fill*         0x10005c66        0x2 
 .constdata     0x10005c68       0x88 Generated_Source\PSoC6\pdl\middleware\ble\lib\cy_ble_stack_gcc_controller_ipc_cm0p.a(ll_privacy.o)
 .constdata     0x10005cf0       0x40 Generated_Source\PSoC6\pdl\middleware\ble\lib\cy_ble_stack_gcc_controller_ipc_cm0p.a(ll_dle.o)
 .constdata     0x10005d30       0x50 Generated_Source\PSoC6\pdl\middleware\ble\lib\cy_ble_stack_gcc_controller_ipc_cm0p.a(ll_phy_update.o)
 .constdata     0x10005d80       0x84 Generated_Source\PSoC6\pdl\middleware\ble\lib\cy_ble_stack_gcc_controller_ipc_cm0p.a(lec_hci_le_commands.o)
 .constdata     0x10005e04      0x3f6 Generated_Source\PSoC6\pdl\middleware\ble\lib\cy_ble_stack_gcc_controller_ipc_cm0p.a(lec_hci_le_commands.o)
 *fill*         0x100061fa        0x2 
 .constdata     0x100061fc       0x84 Generated_Source\PSoC6\pdl\middleware\ble\lib\cy_ble_stack_gcc_controller_ipc_cm0p.a(lec_hci_le_commands.o)
 .constdata     0x10006280       0x84 Generated_Source\PSoC6\pdl\middleware\ble\lib\cy_ble_stack_gcc_controller_ipc_cm0p.a(lec_hci_le_commands.o)
 .constdata     0x10006304       0x21 Generated_Source\PSoC6\pdl\middleware\ble\lib\cy_ble_stack_gcc_controller_ipc_cm0p.a(lec_hci_le_commands.o)
 .constdata     0x10006325       0x40 Generated_Source\PSoC6\pdl\middleware\ble\lib\cy_ble_stack_gcc_controller_ipc_cm0p.a(lec_hci_le_common_commands.o)
                0x10006325                Cu8_hci_le_supported_commands_array
 *fill*         0x10006365        0x3 
 .constdata     0x10006368       0xcc Generated_Source\PSoC6\pdl\middleware\ble\lib\cy_ble_stack_gcc_controller_ipc_cm0p.a(lec_hci_le_privacy.o)
 .constdata     0x10006434        0xc Generated_Source\PSoC6\pdl\middleware\ble\lib\cy_ble_stack_gcc_controller_ipc_cm0p.a(lec_hci_le_privacy.o)
 .constdata     0x10006440       0x60 Generated_Source\PSoC6\pdl\middleware\ble\lib\cy_ble_stack_gcc_controller_ipc_cm0p.a(lec_hci_le_dle.o)
 .constdata     0x100064a0       0x78 Generated_Source\PSoC6\pdl\middleware\ble\lib\cy_ble_stack_gcc_controller_ipc_cm0p.a(lec_hci_le_phy_update.o)
 .conststring   0x10006518       0x87 Generated_Source\PSoC6\pdl\middleware\ble\lib\cy_ble_stack_gcc_controller_ipc_cm0p.a(drbg.o)
 *fill*         0x1000659f        0x1 
 .constdata     0x100065a0       0x60 Generated_Source\PSoC6\pdl\middleware\ble\lib\cy_ble_stack_gcc_radio_max_cm0p.a(CyBlessVer3.o)
                0x100065a0                rssiMap
 .rodata        0x10006600       0x40 c:/program files (x86)/cypress/psoc creator/4.4/psoc creator/import/gnu/arm/5.4.1/bin/../lib/gcc/arm-none-eabi/5.4.1/armv6-m\libgcc.a(divdf3.o)
 .rodata        0x10006640       0x40 c:/program files (x86)/cypress/psoc creator/4.4/psoc creator/import/gnu/arm/5.4.1/bin/../lib/gcc/arm-none-eabi/5.4.1/armv6-m\libgcc.a(muldf3.o)
 *(.eh_frame*)
 .eh_frame      0x10006680        0x0 c:/program files (x86)/cypress/psoc creator/4.4/psoc creator/import/gnu/arm/5.4.1/bin/../lib/gcc/arm-none-eabi/5.4.1/armv6-m/crtbegin.o
 .eh_frame      0x10006680        0x4 c:/program files (x86)/cypress/psoc creator/4.4/psoc creator/import/gnu/arm/5.4.1/bin/../lib/gcc/arm-none-eabi/5.4.1/armv6-m/crtend.o

.glue_7         0x10006684        0x0
 .glue_7        0x10006684        0x0 linker stubs

.glue_7t        0x10006684        0x0
 .glue_7t       0x10006684        0x0 linker stubs

.vfp11_veneer   0x10006684        0x0
 .vfp11_veneer  0x10006684        0x0 linker stubs

.v4_bx          0x10006684        0x0
 .v4_bx         0x10006684        0x0 linker stubs

.iplt           0x10006684        0x0
 .iplt          0x10006684        0x0 c:/program files (x86)/cypress/psoc creator/4.4/psoc creator/import/gnu/arm/5.4.1/bin/../lib/gcc/arm-none-eabi/5.4.1/armv6-m/crtbegin.o

i.CyBleStackMgr_Init
                0x10006684       0xf8
 i.CyBleStackMgr_Init
                0x10006684       0xf8 Generated_Source\PSoC6\pdl\middleware\ble\lib\cy_ble_stack_gcc_controller_ipc_cm0p.a(CyBleStackMgrIP_Interface.o)
                0x10006684                CyBleStackMgr_Init

i.CyBleStackMgr_ProcessBleEvents
                0x1000677c       0x2c
 i.CyBleStackMgr_ProcessBleEvents
                0x1000677c       0x2c Generated_Source\PSoC6\pdl\middleware\ble\lib\cy_ble_stack_gcc_controller_ipc_cm0p.a(CyBleStackMgrIP_Interface.o)
                0x1000677c                CyBleStackMgr_ProcessBleEvents

i.CyBleStackMgr_Shutdown
                0x100067a8       0x28
 i.CyBleStackMgr_Shutdown
                0x100067a8       0x28 Generated_Source\PSoC6\pdl\middleware\ble\lib\cy_ble_stack_gcc_controller_ipc_cm0p.a(CyBleStackMgrIP_Interface.o)
                0x100067a8                CyBleStackMgr_Shutdown

i.CyBle_GetHeapConfig
                0x100067d0        0x8
 i.CyBle_GetHeapConfig
                0x100067d0        0x8 Generated_Source\PSoC6\pdl\middleware\ble\lib\cy_ble_stack_gcc_controller_ipc_cm0p.a(CyBleStackMgrIP_Interface.o)
                0x100067d0                CyBle_GetHeapConfig

i.CyBle_GetHeapMemory
                0x100067d8       0x3c
 i.CyBle_GetHeapMemory
                0x100067d8       0x3c Generated_Source\PSoC6\pdl\middleware\ble\lib\cy_ble_stack_gcc_controller_ipc_cm0p.a(CyBleStackMgrIP_Interface.o)
                0x100067d8                CyBle_GetHeapMemory

i.CyBle_StackGetConfigPtr
                0x10006814        0x8
 i.CyBle_StackGetConfigPtr
                0x10006814        0x8 Generated_Source\PSoC6\pdl\middleware\ble\lib\cy_ble_stack_gcc_controller_ipc_cm0p.a(CyBleStackMgrIP_Interface.o)
                0x10006814                CyBle_StackGetConfigPtr

i.Cy_BLE_EnablePrivacyFeature
                0x1000681c        0x8
 i.Cy_BLE_EnablePrivacyFeature
                0x1000681c        0x8 Generated_Source\PSoC6\pdl\middleware\ble\lib\cy_ble_stack_gcc_controller_ipc_cm0p.a(CyBleStackMgrIP_Interface.o)
                0x1000681c                Cy_BLE_EnablePrivacyFeature

i.Cy_BLE_GetStackLibraryVersion
                0x10006824       0x20
 i.Cy_BLE_GetStackLibraryVersion
                0x10006824       0x20 Generated_Source\PSoC6\pdl\middleware\ble\lib\cy_ble_stack_gcc_controller_ipc_cm0p.a(CyBleStackMgrIP_Interface.o)
                0x10006824                Cy_BLE_GetStackLibraryVersion

i.Cy_BLE_ProcessEvents
                0x10006844        0x8
 i.Cy_BLE_ProcessEvents
                0x10006844        0x8 Generated_Source\PSoC6\pdl\middleware\ble\lib\cy_ble_stack_gcc_controller_ipc_cm0p.a(CyBleStackMgrIP_Interface.o)
                0x10006844                Cy_BLE_ProcessEvents

i.Cy_BLE_StackEnterLPM
                0x1000684c        0x8
 i.Cy_BLE_StackEnterLPM
                0x1000684c        0x8 Generated_Source\PSoC6\pdl\middleware\ble\lib\cy_ble_stack_gcc_controller_ipc_cm0p.a(CyBleStackMgrIP_Interface.o)
                0x1000684c                Cy_BLE_StackEnterLPM

i.Cy_BLE_StackGetBleSsState
                0x10006854        0x8
 i.Cy_BLE_StackGetBleSsState
                0x10006854        0x8 Generated_Source\PSoC6\pdl\middleware\ble\lib\cy_ble_stack_gcc_controller_ipc_cm0p.a(CyBleStackMgrIP_Interface.o)
                0x10006854                Cy_BLE_StackGetBleSsState

i.Cy_BLE_StackInit
                0x1000685c       0x58
 i.Cy_BLE_StackInit
                0x1000685c       0x58 Generated_Source\PSoC6\pdl\middleware\ble\lib\cy_ble_stack_gcc_controller_ipc_cm0p.a(CyBleStackMgrIP_Interface.o)
                0x1000685c                Cy_BLE_StackInit

i.Cy_BLE_StackSetFeatureConfig
                0x100068b4       0x54
 i.Cy_BLE_StackSetFeatureConfig
                0x100068b4       0x54 Generated_Source\PSoC6\pdl\middleware\ble\lib\cy_ble_stack_gcc_controller_ipc_cm0p.a(CyBleStackMgrIP_Interface.o)
                0x100068b4                Cy_BLE_StackSetFeatureConfig

i.ble_stack_idle_task_callback
                0x10006908        0x2
 i.ble_stack_idle_task_callback
                0x10006908        0x2 Generated_Source\PSoC6\pdl\middleware\ble\lib\cy_ble_stack_gcc_controller_ipc_cm0p.a(CyBleStackMgrIP_Interface.o)
                0x10006908                ble_stack_idle_task_callback

i.CyBleStackMgr_GetTime
                0x1000690c       0x28
 i.CyBleStackMgr_GetTime
                0x1000690c       0x28 Generated_Source\PSoC6\pdl\middleware\ble\lib\cy_ble_stack_gcc_controller_ipc_cm0p.a(CyBleStackMgr_PSoCHal.o)
                0x1000690c                CyBleStackMgr_GetTime

i.CyBleStackMgr_HalInit
                0x10006934       0x1c
 i.CyBleStackMgr_HalInit
                0x10006934       0x1c Generated_Source\PSoC6\pdl\middleware\ble\lib\cy_ble_stack_gcc_controller_ipc_cm0p.a(CyBleStackMgr_PSoCHal.o)
                0x10006934                CyBleStackMgr_HalInit

i.CyBleStackMgr_HalIntrEnable
                0x10006950        0xc
 i.CyBleStackMgr_HalIntrEnable
                0x10006950        0xc Generated_Source\PSoC6\pdl\middleware\ble\lib\cy_ble_stack_gcc_controller_ipc_cm0p.a(CyBleStackMgr_PSoCHal.o)
                0x10006950                CyBleStackMgr_HalIntrEnable

i.CyBleStackMgr_HciPortInit
                0x1000695c       0x18
 i.CyBleStackMgr_HciPortInit
                0x1000695c       0x18 Generated_Source\PSoC6\pdl\middleware\ble\lib\cy_ble_stack_gcc_controller_ipc_cm0p.a(CyBleStackMgr_PSoCHal.o)
                0x1000695c                CyBleStackMgr_HciPortInit

i.CyBleStackMgr_HciPortReset
                0x10006974        0x8
 i.CyBleStackMgr_HciPortReset
                0x10006974        0x8 Generated_Source\PSoC6\pdl\middleware\ble\lib\cy_ble_stack_gcc_controller_ipc_cm0p.a(CyBleStackMgr_PSoCHal.o)
                0x10006974                CyBleStackMgr_HciPortReset

i.CyBleStackMgr_HciPortWrite
                0x1000697c        0x8
 i.CyBleStackMgr_HciPortWrite
                0x1000697c        0x8 Generated_Source\PSoC6\pdl\middleware\ble\lib\cy_ble_stack_gcc_controller_ipc_cm0p.a(CyBleStackMgr_PSoCHal.o)
                0x1000697c                CyBleStackMgr_HciPortWrite

i.CyBleStackMgr_TimerStart
                0x10006984       0x20
 i.CyBleStackMgr_TimerStart
                0x10006984       0x20 Generated_Source\PSoC6\pdl\middleware\ble\lib\cy_ble_stack_gcc_controller_ipc_cm0p.a(CyBleStackMgr_PSoCHal.o)
                0x10006984                CyBleStackMgr_TimerStart

i.CyBleStackMgr_TimerStop
                0x100069a4       0x18
 i.CyBleStackMgr_TimerStop
                0x100069a4       0x18 Generated_Source\PSoC6\pdl\middleware\ble\lib\cy_ble_stack_gcc_controller_ipc_cm0p.a(CyBleStackMgr_PSoCHal.o)
                0x100069a4                CyBleStackMgr_TimerStop

i.CyBleStackMgr_isTimerRunning
                0x100069bc        0xc
 i.CyBleStackMgr_isTimerRunning
                0x100069bc        0xc Generated_Source\PSoC6\pdl\middleware\ble\lib\cy_ble_stack_gcc_controller_ipc_cm0p.a(CyBleStackMgr_PSoCHal.o)
                0x100069bc                CyBleStackMgr_isTimerRunning

i.CyBleStackMgr_BleSSFifoRead
                0x100069c8       0x3c
 i.CyBleStackMgr_BleSSFifoRead
                0x100069c8       0x3c Generated_Source\PSoC6\pdl\middleware\ble\lib\cy_ble_stack_gcc_controller_ipc_cm0p.a(CyBleStackMgr_BleSSDriver.o)
                0x100069c8                CyBleStackMgr_BleSSFifoRead

i.CyBleStackMgr_BleSSFifoWrite
                0x10006a04       0x30
 i.CyBleStackMgr_BleSSFifoWrite
                0x10006a04       0x30 Generated_Source\PSoC6\pdl\middleware\ble\lib\cy_ble_stack_gcc_controller_ipc_cm0p.a(CyBleStackMgr_BleSSDriver.o)
                0x10006a04                CyBleStackMgr_BleSSFifoWrite

i.CyBleStackMgr_BleSSInit
                0x10006a34       0xac
 i.CyBleStackMgr_BleSSInit
                0x10006a34       0xac Generated_Source\PSoC6\pdl\middleware\ble\lib\cy_ble_stack_gcc_controller_ipc_cm0p.a(CyBleStackMgr_BleSSDriver.o)
                0x10006a34                CyBleStackMgr_BleSSInit

i.CyBleStackMgr_BleSSMemRead
                0x10006ae0       0x30
 i.CyBleStackMgr_BleSSMemRead
                0x10006ae0       0x30 Generated_Source\PSoC6\pdl\middleware\ble\lib\cy_ble_stack_gcc_controller_ipc_cm0p.a(CyBleStackMgr_BleSSDriver.o)
                0x10006ae0                CyBleStackMgr_BleSSMemRead

i.CyBleStackMgr_BleSSMemWrite
                0x10006b10       0x34
 i.CyBleStackMgr_BleSSMemWrite
                0x10006b10       0x34 Generated_Source\PSoC6\pdl\middleware\ble\lib\cy_ble_stack_gcc_controller_ipc_cm0p.a(CyBleStackMgr_BleSSDriver.o)
                0x10006b10                CyBleStackMgr_BleSSMemWrite

i.CyBleStackMgr_BleSSMemWriteFields
                0x10006b44       0x70
 i.CyBleStackMgr_BleSSMemWriteFields
                0x10006b44       0x70 Generated_Source\PSoC6\pdl\middleware\ble\lib\cy_ble_stack_gcc_controller_ipc_cm0p.a(CyBleStackMgr_BleSSDriver.o)
                0x10006b44                CyBleStackMgr_BleSSMemWriteFields

i.CyBleStackMgr_BleSSReset
                0x10006bb4       0x34
 i.CyBleStackMgr_BleSSReset
                0x10006bb4       0x34 Generated_Source\PSoC6\pdl\middleware\ble\lib\cy_ble_stack_gcc_controller_ipc_cm0p.a(CyBleStackMgr_BleSSDriver.o)
                0x10006bb4                CyBleStackMgr_BleSSReset

i.CyBleStackMgr_BleSSShutdown
                0x10006be8       0x34
 i.CyBleStackMgr_BleSSShutdown
                0x10006be8       0x34 Generated_Source\PSoC6\pdl\middleware\ble\lib\cy_ble_stack_gcc_controller_ipc_cm0p.a(CyBleStackMgr_BleSSDriver.o)
                0x10006be8                CyBleStackMgr_BleSSShutdown

i.CyBleStackMgr_GenericIface
                0x10006c1c       0x58
 i.CyBleStackMgr_GenericIface
                0x10006c1c       0x58 Generated_Source\PSoC6\pdl\middleware\ble\lib\cy_ble_stack_gcc_controller_ipc_cm0p.a(CyBleStackMgr_BleSSDriver.o)
                0x10006c1c                CyBleStackMgr_GenericIface

i.CyBleStackMgr_HandleBleSSIntr
                0x10006c74       0x70
 i.CyBleStackMgr_HandleBleSSIntr
                0x10006c74       0x70 Generated_Source\PSoC6\pdl\middleware\ble\lib\cy_ble_stack_gcc_controller_ipc_cm0p.a(CyBleStackMgr_BleSSDriver.o)
                0x10006c74                CyBleStackMgr_HandleBleSSIntr

i.CyBle_ControllerGetBleClockCfgParam
                0x10006ce4       0x20
 i.CyBle_ControllerGetBleClockCfgParam
                0x10006ce4       0x20 Generated_Source\PSoC6\pdl\middleware\ble\lib\cy_ble_stack_gcc_controller_ipc_cm0p.a(CyBleStackMgr_BleSSDriver.o)
                0x10006ce4                CyBle_ControllerGetBleClockCfgParam

i.CyBle_ControllerGetTxPowerLevel
                0x10006d04       0x3c
 i.CyBle_ControllerGetTxPowerLevel
                0x10006d04       0x3c Generated_Source\PSoC6\pdl\middleware\ble\lib\cy_ble_stack_gcc_controller_ipc_cm0p.a(CyBleStackMgr_BleSSDriver.o)
                0x10006d04                CyBle_ControllerGetTxPowerLevel

i.CyBle_ControllerSetBleClockCfgParam
                0x10006d40       0x30
 i.CyBle_ControllerSetBleClockCfgParam
                0x10006d40       0x30 Generated_Source\PSoC6\pdl\middleware\ble\lib\cy_ble_stack_gcc_controller_ipc_cm0p.a(CyBleStackMgr_BleSSDriver.o)
                0x10006d40                CyBle_ControllerSetBleClockCfgParam

i.CyBle_ControllerSetDcxoLdoTrim
                0x10006d70       0x1c
 i.CyBle_ControllerSetDcxoLdoTrim
                0x10006d70       0x1c Generated_Source\PSoC6\pdl\middleware\ble\lib\cy_ble_stack_gcc_controller_ipc_cm0p.a(CyBleStackMgr_BleSSDriver.o)
                0x10006d70                CyBle_ControllerSetDcxoLdoTrim

i.CyBle_ControllerSetTxPowerLevel
                0x10006d8c       0x2c
 i.CyBle_ControllerSetTxPowerLevel
                0x10006d8c       0x2c Generated_Source\PSoC6\pdl\middleware\ble\lib\cy_ble_stack_gcc_controller_ipc_cm0p.a(CyBleStackMgr_BleSSDriver.o)
                0x10006d8c                CyBle_ControllerSetTxPowerLevel

i.CyBle_EnterDsmMode
                0x10006db8       0x34
 i.CyBle_EnterDsmMode
                0x10006db8       0x34 Generated_Source\PSoC6\pdl\middleware\ble\lib\cy_ble_stack_gcc_controller_ipc_cm0p.a(CyBleStackMgr_BleSSDriver.o)
                0x10006db8                CyBle_EnterDsmMode

i.CyBle_ExitDsmMode
                0x10006dec       0x34
 i.CyBle_ExitDsmMode
                0x10006dec       0x34 Generated_Source\PSoC6\pdl\middleware\ble\lib\cy_ble_stack_gcc_controller_ipc_cm0p.a(CyBleStackMgr_BleSSDriver.o)
                0x10006dec                CyBle_ExitDsmMode

i.CyBle_GetBleSsOperationalMode
                0x10006e20        0xc
 i.CyBle_GetBleSsOperationalMode
                0x10006e20        0xc Generated_Source\PSoC6\pdl\middleware\ble\lib\cy_ble_stack_gcc_controller_ipc_cm0p.a(CyBleStackMgr_BleSSDriver.o)
                0x10006e20                CyBle_GetBleSsOperationalMode

i.CyBle_GetEventCloseState
                0x10006e2c       0x10
 i.CyBle_GetEventCloseState
                0x10006e2c       0x10 Generated_Source\PSoC6\pdl\middleware\ble\lib\cy_ble_stack_gcc_controller_ipc_cm0p.a(CyBleStackMgr_BleSSDriver.o)
                0x10006e2c                CyBle_GetEventCloseState

i.CyBle_GetLpMode
                0x10006e3c       0x1c
 i.CyBle_GetLpMode
                0x10006e3c       0x1c Generated_Source\PSoC6\pdl\middleware\ble\lib\cy_ble_stack_gcc_controller_ipc_cm0p.a(CyBleStackMgr_BleSSDriver.o)
                0x10006e3c                CyBle_GetLpMode

i.CyBle_GetTxGainMode
                0x10006e58        0xe
 i.CyBle_GetTxGainMode
                0x10006e58        0xe Generated_Source\PSoC6\pdl\middleware\ble\lib\cy_ble_stack_gcc_controller_ipc_cm0p.a(CyBleStackMgr_BleSSDriver.o)
                0x10006e58                CyBle_GetTxGainMode

i.CyBle_SetAutoWakeUp
                0x10006e68        0xc
 i.CyBle_SetAutoWakeUp
                0x10006e68        0xc Generated_Source\PSoC6\pdl\middleware\ble\lib\cy_ble_stack_gcc_controller_ipc_cm0p.a(CyBleStackMgr_BleSSDriver.o)
                0x10006e68                CyBle_SetAutoWakeUp

i.CyBle_SetBleSsOperationalMode
                0x10006e74       0x34
 i.CyBle_SetBleSsOperationalMode
                0x10006e74       0x34 Generated_Source\PSoC6\pdl\middleware\ble\lib\cy_ble_stack_gcc_controller_ipc_cm0p.a(CyBleStackMgr_BleSSDriver.o)
                0x10006e74                CyBle_SetBleSsOperationalMode

i.CyBle_SetEventCloseState
                0x10006ea8        0xc
 i.CyBle_SetEventCloseState
                0x10006ea8        0xc Generated_Source\PSoC6\pdl\middleware\ble\lib\cy_ble_stack_gcc_controller_ipc_cm0p.a(CyBleStackMgr_BleSSDriver.o)
                0x10006ea8                CyBle_SetEventCloseState

i.CyBle_CheckBleStackTaskStatus
                0x10006eb4        0x4
 i.CyBle_CheckBleStackTaskStatus
                0x10006eb4        0x4 Generated_Source\PSoC6\pdl\middleware\ble\lib\cy_ble_stack_gcc_controller_ipc_cm0p.a(CyBleStackMgr_StackTaskHandler.o)
                0x10006eb4                CyBle_CheckBleStackTaskStatus

i.CyBle_CreateBleStackTask
                0x10006eb8       0x30
 i.CyBle_CreateBleStackTask
                0x10006eb8       0x30 Generated_Source\PSoC6\pdl\middleware\ble\lib\cy_ble_stack_gcc_controller_ipc_cm0p.a(CyBleStackMgr_StackTaskHandler.o)
                0x10006eb8                CyBle_CreateBleStackTask

i.CyBle_SignalBleStackTask
                0x10006ee8       0x44
 i.CyBle_SignalBleStackTask
                0x10006ee8       0x44 Generated_Source\PSoC6\pdl\middleware\ble\lib\cy_ble_stack_gcc_controller_ipc_cm0p.a(CyBleStackMgr_StackTaskHandler.o)
                0x10006ee8                CyBle_SignalBleStackTask

i.CyBle_StackTaskHandler
                0x10006f2c       0x26
 i.CyBle_StackTaskHandler
                0x10006f2c       0x26 Generated_Source\PSoC6\pdl\middleware\ble\lib\cy_ble_stack_gcc_controller_ipc_cm0p.a(CyBleStackMgr_StackTaskHandler.o)
                0x10006f2c                CyBle_StackTaskHandler

i.IsStackTaskFree
                0x10006f54       0x10
 i.IsStackTaskFree
                0x10006f54       0x10 Generated_Source\PSoC6\pdl\middleware\ble\lib\cy_ble_stack_gcc_controller_ipc_cm0p.a(CyBleStackMgr_StackTaskHandler.o)
                0x10006f54                IsStackTaskFree

i.BT_start_timer
                0x10006f64      0x110
 i.BT_start_timer
                0x10006f64      0x110 Generated_Source\PSoC6\pdl\middleware\ble\lib\cy_ble_stack_gcc_controller_ipc_cm0p.a(BT_timer.o)
                0x10006f64                BT_start_timer

i.BT_start_timer_controller
                0x10007074       0x28
 i.BT_start_timer_controller
                0x10007074       0x28 Generated_Source\PSoC6\pdl\middleware\ble\lib\cy_ble_stack_gcc_controller_ipc_cm0p.a(BT_timer.o)
                0x10007074                BT_start_timer_controller

i.BT_start_timer_pilo
                0x1000709c       0x28
 i.BT_start_timer_pilo
                0x1000709c       0x28 Generated_Source\PSoC6\pdl\middleware\ble\lib\cy_ble_stack_gcc_controller_ipc_cm0p.a(BT_timer.o)
                0x1000709c                BT_start_timer_pilo

i.BT_stop_timer
                0x100070c4       0xc8
 i.BT_stop_timer
                0x100070c4       0xc8 Generated_Source\PSoC6\pdl\middleware\ble\lib\cy_ble_stack_gcc_controller_ipc_cm0p.a(BT_timer.o)
                0x100070c4                BT_stop_timer

i.BT_stop_timer_controller
                0x1000718c       0x28
 i.BT_stop_timer_controller
                0x1000718c       0x28 Generated_Source\PSoC6\pdl\middleware\ble\lib\cy_ble_stack_gcc_controller_ipc_cm0p.a(BT_timer.o)
                0x1000718c                BT_stop_timer_controller

i.BT_stop_timer_pilo
                0x100071b4       0x28
 i.BT_stop_timer_pilo
                0x100071b4       0x28 Generated_Source\PSoC6\pdl\middleware\ble\lib\cy_ble_stack_gcc_controller_ipc_cm0p.a(BT_timer.o)
                0x100071b4                BT_stop_timer_pilo

i.BT_timer_process_signals
                0x100071dc       0xf8
 i.BT_timer_process_signals
                0x100071dc       0xf8 Generated_Source\PSoC6\pdl\middleware\ble\lib\cy_ble_stack_gcc_controller_ipc_cm0p.a(BT_timer.o)
                0x100071dc                BT_timer_process_signals

i.timer_allocated_entity
                0x100072d4       0x34
 i.timer_allocated_entity
                0x100072d4       0x34 Generated_Source\PSoC6\pdl\middleware\ble\lib\cy_ble_stack_gcc_controller_ipc_cm0p.a(BT_timer.o)
                0x100072d4                timer_allocated_entity

i.timer_init    0x10007308       0x30
 i.timer_init   0x10007308       0x30 Generated_Source\PSoC6\pdl\middleware\ble\lib\cy_ble_stack_gcc_controller_ipc_cm0p.a(BT_timer.o)
                0x10007308                timer_init

i.timer_update_offsets
                0x10007338       0x34
 i.timer_update_offsets
                0x10007338       0x34 Generated_Source\PSoC6\pdl\middleware\ble\lib\cy_ble_stack_gcc_controller_ipc_cm0p.a(BT_timer.o)

i.BT_ISROSQPost
                0x1000736c        0xa
 i.BT_ISROSQPost
                0x1000736c        0xa Generated_Source\PSoC6\pdl\middleware\ble\lib\cy_ble_stack_gcc_controller_ipc_cm0p.a(bt_os_common.o)
                0x1000736c                BT_ISROSQPost

i.BT_OSQPost    0x10007376        0xa
 i.BT_OSQPost   0x10007376        0xa Generated_Source\PSoC6\pdl\middleware\ble\lib\cy_ble_stack_gcc_controller_ipc_cm0p.a(bt_os_common.o)
                0x10007376                BT_OSQPost

i.BT_thread_create
                0x10007380       0x30
 i.BT_thread_create
                0x10007380       0x30 Generated_Source\PSoC6\pdl\middleware\ble\lib\cy_ble_stack_gcc_controller_ipc_cm0p.a(bt_os_common.o)
                0x10007380                BT_thread_create

i.pf_timer_handle_tick
                0x100073b0       0x20
 i.pf_timer_handle_tick
                0x100073b0       0x20 Generated_Source\PSoC6\pdl\middleware\ble\lib\cy_ble_stack_gcc_controller_ipc_cm0p.a(bt_os_common.o)
                0x100073b0                pf_timer_handle_tick

i.CyPilo_ApplyTrim
                0x100073d0       0x88
 i.CyPilo_ApplyTrim
                0x100073d0       0x88 Generated_Source\PSoC6\pdl\middleware\ble\lib\cy_ble_stack_gcc_controller_ipc_cm0p.a(CyBleStackMgrIP_Pilo.o)

i.CyPilo_DSMExitCalibration
                0x10007458       0x14
 i.CyPilo_DSMExitCalibration
                0x10007458       0x14 Generated_Source\PSoC6\pdl\middleware\ble\lib\cy_ble_stack_gcc_controller_ipc_cm0p.a(CyBleStackMgrIP_Pilo.o)
                0x10007458                CyPilo_DSMExitCalibration

i.CyPilo_GetState
                0x1000746c        0xc
 i.CyPilo_GetState
                0x1000746c        0xc Generated_Source\PSoC6\pdl\middleware\ble\lib\cy_ble_stack_gcc_controller_ipc_cm0p.a(CyBleStackMgrIP_Pilo.o)
                0x1000746c                CyPilo_GetState

i.CyPilo_InitCalibration
                0x10007478       0x18
 i.CyPilo_InitCalibration
                0x10007478       0x18 Generated_Source\PSoC6\pdl\middleware\ble\lib\cy_ble_stack_gcc_controller_ipc_cm0p.a(CyBleStackMgrIP_Pilo.o)
                0x10007478                CyPilo_InitCalibration

i.CyPilo_PeriodicCalibTimeout
                0x10007490       0x24
 i.CyPilo_PeriodicCalibTimeout
                0x10007490       0x24 Generated_Source\PSoC6\pdl\middleware\ble\lib\cy_ble_stack_gcc_controller_ipc_cm0p.a(CyBleStackMgrIP_Pilo.o)

i.CyPilo_RetryCalibration
                0x100074b4       0x20
 i.CyPilo_RetryCalibration
                0x100074b4       0x20 Generated_Source\PSoC6\pdl\middleware\ble\lib\cy_ble_stack_gcc_controller_ipc_cm0p.a(CyBleStackMgrIP_Pilo.o)

i.CyPilo_SetCalibInterval
                0x100074d4        0xc
 i.CyPilo_SetCalibInterval
                0x100074d4        0xc Generated_Source\PSoC6\pdl\middleware\ble\lib\cy_ble_stack_gcc_controller_ipc_cm0p.a(CyBleStackMgrIP_Pilo.o)
                0x100074d4                CyPilo_SetCalibInterval

i.CyPilo_SetState
                0x100074e0        0xc
 i.CyPilo_SetState
                0x100074e0        0xc Generated_Source\PSoC6\pdl\middleware\ble\lib\cy_ble_stack_gcc_controller_ipc_cm0p.a(CyBleStackMgrIP_Pilo.o)
                0x100074e0                CyPilo_SetState

i.CyPilo_ShutdownCalibration
                0x100074ec       0x1c
 i.CyPilo_ShutdownCalibration
                0x100074ec       0x1c Generated_Source\PSoC6\pdl\middleware\ble\lib\cy_ble_stack_gcc_controller_ipc_cm0p.a(CyBleStackMgrIP_Pilo.o)
                0x100074ec                CyPilo_ShutdownCalibration

i.CyPilo_StopPeriodicTimer
                0x10007508       0x10
 i.CyPilo_StopPeriodicTimer
                0x10007508       0x10 Generated_Source\PSoC6\pdl\middleware\ble\lib\cy_ble_stack_gcc_controller_ipc_cm0p.a(CyBleStackMgrIP_Pilo.o)
                0x10007508                CyPilo_StopPeriodicTimer

i.CyPilo_TriggerCalibration
                0x10007518       0x54
 i.CyPilo_TriggerCalibration
                0x10007518       0x54 Generated_Source\PSoC6\pdl\middleware\ble\lib\cy_ble_stack_gcc_controller_ipc_cm0p.a(CyBleStackMgrIP_Pilo.o)
                0x10007518                CyPilo_TriggerCalibration

i.CyPilo_UpdateCalibInterval
                0x1000756c       0x34
 i.CyPilo_UpdateCalibInterval
                0x1000756c       0x34 Generated_Source\PSoC6\pdl\middleware\ble\lib\cy_ble_stack_gcc_controller_ipc_cm0p.a(CyBleStackMgrIP_Pilo.o)
                0x1000756c                CyPilo_UpdateCalibInterval

i.OS_init       0x100075a0       0x64
 i.OS_init      0x100075a0       0x64 Generated_Source\PSoC6\pdl\middleware\ble\lib\cy_ble_stack_gcc_controller_ipc_cm0p.a(mint_os.o)
                0x100075a0                OS_init

i.OS_shutdown   0x10007604        0x4
 i.OS_shutdown  0x10007604        0x4 Generated_Source\PSoC6\pdl\middleware\ble\lib\cy_ble_stack_gcc_controller_ipc_cm0p.a(mint_os.o)
                0x10007604                OS_shutdown

i.mintos_malloc
                0x10007608       0x34
 i.mintos_malloc
                0x10007608       0x34 Generated_Source\PSoC6\pdl\middleware\ble\lib\cy_ble_stack_gcc_controller_ipc_cm0p.a(mint_os.o)
                0x10007608                mintos_malloc

i.OS_create_queue
                0x1000763c       0x64
 i.OS_create_queue
                0x1000763c       0x64 Generated_Source\PSoC6\pdl\middleware\ble\lib\cy_ble_stack_gcc_controller_ipc_cm0p.a(mint_os_queue.o)
                0x1000763c                OS_create_queue

i.OS_enqueue_item
                0x100076a0       0xa4
 i.OS_enqueue_item
                0x100076a0       0xa4 Generated_Source\PSoC6\pdl\middleware\ble\lib\cy_ble_stack_gcc_controller_ipc_cm0p.a(mint_os_queue.o)
                0x100076a0                OS_enqueue_item

i.OS_queue_get_num_of_items
                0x10007744       0x28
 i.OS_queue_get_num_of_items
                0x10007744       0x28 Generated_Source\PSoC6\pdl\middleware\ble\lib\cy_ble_stack_gcc_controller_ipc_cm0p.a(mint_os_queue.o)
                0x10007744                OS_queue_get_num_of_items

i.OS_queue_mgmt_init
                0x1000776c       0x40
 i.OS_queue_mgmt_init
                0x1000776c       0x40 Generated_Source\PSoC6\pdl\middleware\ble\lib\cy_ble_stack_gcc_controller_ipc_cm0p.a(mint_os_queue.o)
                0x1000776c                OS_queue_mgmt_init

i.OS_remove_item
                0x100077ac       0xb8
 i.OS_remove_item
                0x100077ac       0xb8 Generated_Source\PSoC6\pdl\middleware\ble\lib\cy_ble_stack_gcc_controller_ipc_cm0p.a(mint_os_queue.o)
                0x100077ac                OS_remove_item

i.OS_create_task
                0x10007864       0x88
 i.OS_create_task
                0x10007864       0x88 Generated_Source\PSoC6\pdl\middleware\ble\lib\cy_ble_stack_gcc_controller_ipc_cm0p.a(mint_os_task.o)
                0x10007864                OS_create_task

i.OS_is_task_free
                0x100078ec       0x30
 i.OS_is_task_free
                0x100078ec       0x30 Generated_Source\PSoC6\pdl\middleware\ble\lib\cy_ble_stack_gcc_controller_ipc_cm0p.a(mint_os_task.o)
                0x100078ec                OS_is_task_free

i.OS_isr_send_signal_to_task
                0x1000791c        0xc
 i.OS_isr_send_signal_to_task
                0x1000791c        0xc Generated_Source\PSoC6\pdl\middleware\ble\lib\cy_ble_stack_gcc_controller_ipc_cm0p.a(mint_os_task.o)
                0x1000791c                OS_isr_send_signal_to_task

i.OS_scheduler  0x10007928       0x78
 i.OS_scheduler
                0x10007928       0x78 Generated_Source\PSoC6\pdl\middleware\ble\lib\cy_ble_stack_gcc_controller_ipc_cm0p.a(mint_os_task.o)
                0x10007928                OS_scheduler

i.OS_send_signal_to_task
                0x100079a0        0xc
 i.OS_send_signal_to_task
                0x100079a0        0xc Generated_Source\PSoC6\pdl\middleware\ble\lib\cy_ble_stack_gcc_controller_ipc_cm0p.a(mint_os_task.o)
                0x100079a0                OS_send_signal_to_task

i.OS_send_signal_to_task_context
                0x100079ac       0x3c
 i.OS_send_signal_to_task_context
                0x100079ac       0x3c Generated_Source\PSoC6\pdl\middleware\ble\lib\cy_ble_stack_gcc_controller_ipc_cm0p.a(mint_os_task.o)

i.OS_task_mgmt_init
                0x100079e8       0x50
 i.OS_task_mgmt_init
                0x100079e8       0x50 Generated_Source\PSoC6\pdl\middleware\ble\lib\cy_ble_stack_gcc_controller_ipc_cm0p.a(mint_os_task.o)
                0x100079e8                OS_task_mgmt_init

i.mint_buf_mgmt_allocate_buffer
                0x10007a38       0x60
 i.mint_buf_mgmt_allocate_buffer
                0x10007a38       0x60 Generated_Source\PSoC6\pdl\middleware\ble\lib\cy_ble_stack_gcc_controller_ipc_cm0p.a(mint_buf_mgmt.o)
                0x10007a38                mint_buf_mgmt_allocate_buffer

i.mint_buf_mgmt_create_pool
                0x10007a98       0xd4
 i.mint_buf_mgmt_create_pool
                0x10007a98       0xd4 Generated_Source\PSoC6\pdl\middleware\ble\lib\cy_ble_stack_gcc_controller_ipc_cm0p.a(mint_buf_mgmt.o)
                0x10007a98                mint_buf_mgmt_create_pool

i.mint_buf_mgmt_free_buffer
                0x10007b6c       0xb8
 i.mint_buf_mgmt_free_buffer
                0x10007b6c       0xb8 Generated_Source\PSoC6\pdl\middleware\ble\lib\cy_ble_stack_gcc_controller_ipc_cm0p.a(mint_buf_mgmt.o)
                0x10007b6c                mint_buf_mgmt_free_buffer

i.mint_buf_mgmt_init
                0x10007c24       0x44
 i.mint_buf_mgmt_init
                0x10007c24       0x44 Generated_Source\PSoC6\pdl\middleware\ble\lib\cy_ble_stack_gcc_controller_ipc_cm0p.a(mint_buf_mgmt.o)
                0x10007c24                mint_buf_mgmt_init

i.mint_buf_mgmt_malloc
                0x10007c68       0x28
 i.mint_buf_mgmt_malloc
                0x10007c68       0x28 Generated_Source\PSoC6\pdl\middleware\ble\lib\cy_ble_stack_gcc_controller_ipc_cm0p.a(mint_buf_mgmt.o)
                0x10007c68                mint_buf_mgmt_malloc

i.mint_buf_mgmt_pl_init
                0x10007c90       0x4c
 i.mint_buf_mgmt_pl_init
                0x10007c90       0x4c Generated_Source\PSoC6\pdl\middleware\ble\lib\cy_ble_stack_gcc_controller_ipc_cm0p.a(mint_buf_mgmt.o)
                0x10007c90                mint_buf_mgmt_pl_init

i.mint_buf_mgmt_reset_pool
                0x10007cdc       0x70
 i.mint_buf_mgmt_reset_pool
                0x10007cdc       0x70 Generated_Source\PSoC6\pdl\middleware\ble\lib\cy_ble_stack_gcc_controller_ipc_cm0p.a(mint_buf_mgmt.o)
                0x10007cdc                mint_buf_mgmt_reset_pool

i.mint_buf_mgmt_stack_init
                0x10007d4c       0x24
 i.mint_buf_mgmt_stack_init
                0x10007d4c       0x24 Generated_Source\PSoC6\pdl\middleware\ble\lib\cy_ble_stack_gcc_controller_ipc_cm0p.a(mint_buf_mgmt.o)
                0x10007d4c                mint_buf_mgmt_stack_init

i.mint_buf_mgmt_stack_pop
                0x10007d70       0x4a
 i.mint_buf_mgmt_stack_pop
                0x10007d70       0x4a Generated_Source\PSoC6\pdl\middleware\ble\lib\cy_ble_stack_gcc_controller_ipc_cm0p.a(mint_buf_mgmt.o)
                0x10007d70                mint_buf_mgmt_stack_pop

i.mint_buf_mgmt_stack_push
                0x10007dba       0x4a
 i.mint_buf_mgmt_stack_push
                0x10007dba       0x4a Generated_Source\PSoC6\pdl\middleware\ble\lib\cy_ble_stack_gcc_controller_ipc_cm0p.a(mint_buf_mgmt.o)
                0x10007dba                mint_buf_mgmt_stack_push

i.mint_buf_mgmt_stack_reset
                0x10007e04       0x1e
 i.mint_buf_mgmt_stack_reset
                0x10007e04       0x1e Generated_Source\PSoC6\pdl\middleware\ble\lib\cy_ble_stack_gcc_controller_ipc_cm0p.a(mint_buf_mgmt.o)
                0x10007e04                mint_buf_mgmt_stack_reset

i.mint_buf_mgmt_stack_search_item
                0x10007e22       0x30
 i.mint_buf_mgmt_stack_search_item
                0x10007e22       0x30 Generated_Source\PSoC6\pdl\middleware\ble\lib\cy_ble_stack_gcc_controller_ipc_cm0p.a(mint_buf_mgmt.o)
                0x10007e22                mint_buf_mgmt_stack_search_item

i.CyBleController_HciIpcExtractPacket
                0x10007e54       0xe8
 i.CyBleController_HciIpcExtractPacket
                0x10007e54       0xe8 Generated_Source\PSoC6\pdl\middleware\ble\lib\cy_ble_stack_gcc_controller_ipc_cm0p.a(transport_ipc.o)
                0x10007e54                CyBleController_HciIpcExtractPacket

i.CyBleController_HciIpcInit
                0x10007f3c       0x10
 i.CyBleController_HciIpcInit
                0x10007f3c       0x10 Generated_Source\PSoC6\pdl\middleware\ble\lib\cy_ble_stack_gcc_controller_ipc_cm0p.a(transport_ipc.o)
                0x10007f3c                CyBleController_HciIpcInit

i.CyBleController_HciIpcMsgCompleteReceive
                0x10007f4c       0x20
 i.CyBleController_HciIpcMsgCompleteReceive
                0x10007f4c       0x20 Generated_Source\PSoC6\pdl\middleware\ble\lib\cy_ble_stack_gcc_controller_ipc_cm0p.a(transport_ipc.o)
                0x10007f4c                CyBleController_HciIpcMsgCompleteReceive

i.CyBleController_HciIpcMsgReceive
                0x10007f6c       0x34
 i.CyBleController_HciIpcMsgReceive
                0x10007f6c       0x34 Generated_Source\PSoC6\pdl\middleware\ble\lib\cy_ble_stack_gcc_controller_ipc_cm0p.a(transport_ipc.o)
                0x10007f6c                CyBleController_HciIpcMsgReceive

i.CyBleController_HciIpcSend
                0x10007fa0       0x16
 i.CyBleController_HciIpcSend
                0x10007fa0       0x16 Generated_Source\PSoC6\pdl\middleware\ble\lib\cy_ble_stack_gcc_controller_ipc_cm0p.a(transport_ipc.o)
                0x10007fa0                CyBleController_HciIpcSend

i.CyBleController_IpcSendStackInitHWError
                0x10007fb6        0x8
 i.CyBleController_IpcSendStackInitHWError
                0x10007fb6        0x8 Generated_Source\PSoC6\pdl\middleware\ble\lib\cy_ble_stack_gcc_controller_ipc_cm0p.a(transport_ipc.o)
                0x10007fb6                CyBleController_IpcSendStackInitHWError

i.CyBleController_IPC_HAL_Init
                0x10007fc0       0x40
 i.CyBleController_IPC_HAL_Init
                0x10007fc0       0x40 Generated_Source\PSoC6\pdl\middleware\ble\lib\cy_ble_stack_gcc_controller_ipc_cm0p.a(CyBleStackMgr_PSoCIPCHal.o)
                0x10007fc0                CyBleController_IPC_HAL_Init

i.CyBleController_IPC_HAL_InitWithStaticMem
                0x10008000       0x10
 i.CyBleController_IPC_HAL_InitWithStaticMem
                0x10008000       0x10 Generated_Source\PSoC6\pdl\middleware\ble\lib\cy_ble_stack_gcc_controller_ipc_cm0p.a(CyBleStackMgr_PSoCIPCHal.o)
                0x10008000                CyBleController_IPC_HAL_InitWithStaticMem

i.CyBleController_IPC_HAL_IsQueueEmpty
                0x10008010       0x24
 i.CyBleController_IPC_HAL_IsQueueEmpty
                0x10008010       0x24 Generated_Source\PSoC6\pdl\middleware\ble\lib\cy_ble_stack_gcc_controller_ipc_cm0p.a(CyBleStackMgr_PSoCIPCHal.o)
                0x10008010                CyBleController_IPC_HAL_IsQueueEmpty

i.CyBleController_IPC_HAL_PipeReleaseCallback
                0x10008034       0x1c
 i.CyBleController_IPC_HAL_PipeReleaseCallback
                0x10008034       0x1c Generated_Source\PSoC6\pdl\middleware\ble\lib\cy_ble_stack_gcc_controller_ipc_cm0p.a(CyBleStackMgr_PSoCIPCHal.o)

i.CyBleController_IPC_HAL_ProcessMsgQ
                0x10008050       0x40
 i.CyBleController_IPC_HAL_ProcessMsgQ
                0x10008050       0x40 Generated_Source\PSoC6\pdl\middleware\ble\lib\cy_ble_stack_gcc_controller_ipc_cm0p.a(CyBleStackMgr_PSoCIPCHal.o)
                0x10008050                CyBleController_IPC_HAL_ProcessMsgQ

i.CyBleController_IPC_HAL_PushMessage
                0x10008090       0x4c
 i.CyBleController_IPC_HAL_PushMessage
                0x10008090       0x4c Generated_Source\PSoC6\pdl\middleware\ble\lib\cy_ble_stack_gcc_controller_ipc_cm0p.a(CyBleStackMgr_PSoCIPCHal.o)

i.CyBleController_IPC_HAL_Reset
                0x100080dc       0x2c
 i.CyBleController_IPC_HAL_Reset
                0x100080dc       0x2c Generated_Source\PSoC6\pdl\middleware\ble\lib\cy_ble_stack_gcc_controller_ipc_cm0p.a(CyBleStackMgr_PSoCIPCHal.o)
                0x100080dc                CyBleController_IPC_HAL_Reset

i.CyBleController_IPC_HAL_SendEnqueue
                0x10008108       0x10
 i.CyBleController_IPC_HAL_SendEnqueue
                0x10008108       0x10 Generated_Source\PSoC6\pdl\middleware\ble\lib\cy_ble_stack_gcc_controller_ipc_cm0p.a(CyBleStackMgr_PSoCIPCHal.o)
                0x10008108                CyBleController_IPC_HAL_SendEnqueue

i.CyBle_ControllerAesCcmDecrypt
                0x10008118       0x50
 i.CyBle_ControllerAesCcmDecrypt
                0x10008118       0x50 Generated_Source\PSoC6\pdl\middleware\ble\lib\cy_ble_stack_gcc_controller_ipc_cm0p.a(CyBleControllerIP_Interface.o)
                0x10008118                CyBle_ControllerAesCcmDecrypt

i.CyBle_ControllerAesCcmEncrypt
                0x10008168       0x44
 i.CyBle_ControllerAesCcmEncrypt
                0x10008168       0x44 Generated_Source\PSoC6\pdl\middleware\ble\lib\cy_ble_stack_gcc_controller_ipc_cm0p.a(CyBleControllerIP_Interface.o)
                0x10008168                CyBle_ControllerAesCcmEncrypt

i.CyBle_ControllerAesEncrypt
                0x100081ac       0x60
 i.CyBle_ControllerAesEncrypt
                0x100081ac       0x60 Generated_Source\PSoC6\pdl\middleware\ble\lib\cy_ble_stack_gcc_controller_ipc_cm0p.a(CyBleControllerIP_Interface.o)
                0x100081ac                CyBle_ControllerAesEncrypt

i.CyBle_ControllerDisableDleFeature
                0x1000820c       0x10
 i.CyBle_ControllerDisableDleFeature
                0x1000820c       0x10 Generated_Source\PSoC6\pdl\middleware\ble\lib\cy_ble_stack_gcc_controller_ipc_cm0p.a(CyBleControllerIP_Interface.o)
                0x1000820c                CyBle_ControllerDisableDleFeature

i.CyBle_ControllerDisablePhyUpdateFeature
                0x1000821c        0xc
 i.CyBle_ControllerDisablePhyUpdateFeature
                0x1000821c        0xc Generated_Source\PSoC6\pdl\middleware\ble\lib\cy_ble_stack_gcc_controller_ipc_cm0p.a(CyBleControllerIP_Interface.o)
                0x1000821c                CyBle_ControllerDisablePhyUpdateFeature

i.CyBle_ControllerDisablePrivacyFeature
                0x10008228        0xc
 i.CyBle_ControllerDisablePrivacyFeature
                0x10008228        0xc Generated_Source\PSoC6\pdl\middleware\ble\lib\cy_ble_stack_gcc_controller_ipc_cm0p.a(CyBleControllerIP_Interface.o)
                0x10008228                CyBle_ControllerDisablePrivacyFeature

i.CyBle_ControllerEnablePrivacyFeature
                0x10008234       0x10
 i.CyBle_ControllerEnablePrivacyFeature
                0x10008234       0x10 Generated_Source\PSoC6\pdl\middleware\ble\lib\cy_ble_stack_gcc_controller_ipc_cm0p.a(CyBleControllerIP_Interface.o)
                0x10008234                CyBle_ControllerEnablePrivacyFeature

i.CyBle_ControllerExitLPM
                0x10008244       0x10
 i.CyBle_ControllerExitLPM
                0x10008244       0x10 Generated_Source\PSoC6\pdl\middleware\ble\lib\cy_ble_stack_gcc_controller_ipc_cm0p.a(CyBleControllerIP_Interface.o)
                0x10008244                CyBle_ControllerExitLPM

i.CyBle_ControllerGetBleSsState
                0x10008254       0x10
 i.CyBle_ControllerGetBleSsState
                0x10008254       0x10 Generated_Source\PSoC6\pdl\middleware\ble\lib\cy_ble_stack_gcc_controller_ipc_cm0p.a(CyBleControllerIP_Interface.o)
                0x10008254                CyBle_ControllerGetBleSsState

i.CyBle_ControllerGetFeatureHeapReq
                0x10008264       0x58
 i.CyBle_ControllerGetFeatureHeapReq
                0x10008264       0x58 Generated_Source\PSoC6\pdl\middleware\ble\lib\cy_ble_stack_gcc_controller_ipc_cm0p.a(CyBleControllerIP_Interface.o)
                0x10008264                CyBle_ControllerGetFeatureHeapReq

i.CyBle_ControllerGetFirmwareProgrammedDSM
                0x100082bc        0xc
 i.CyBle_ControllerGetFirmwareProgrammedDSM
                0x100082bc        0xc Generated_Source\PSoC6\pdl\middleware\ble\lib\cy_ble_stack_gcc_controller_ipc_cm0p.a(CyBleControllerIP_Interface.o)
                0x100082bc                CyBle_ControllerGetFirmwareProgrammedDSM

i.CyBle_ControllerGetHeapMemory
                0x100082c8       0x18
 i.CyBle_ControllerGetHeapMemory
                0x100082c8       0x18 Generated_Source\PSoC6\pdl\middleware\ble\lib\cy_ble_stack_gcc_controller_ipc_cm0p.a(CyBleControllerIP_Interface.o)
                0x100082c8                CyBle_ControllerGetHeapMemory

i.CyBle_ControllerGetInternalHeapReq
                0x100082e0       0x40
 i.CyBle_ControllerGetInternalHeapReq
                0x100082e0       0x40 Generated_Source\PSoC6\pdl\middleware\ble\lib\cy_ble_stack_gcc_controller_ipc_cm0p.a(CyBleControllerIP_Interface.o)
                0x100082e0                CyBle_ControllerGetInternalHeapReq

i.CyBle_ControllerHCIReInit
                0x10008320       0x60
 i.CyBle_ControllerHCIReInit
                0x10008320       0x60 Generated_Source\PSoC6\pdl\middleware\ble\lib\cy_ble_stack_gcc_controller_ipc_cm0p.a(CyBleControllerIP_Interface.o)
                0x10008320                CyBle_ControllerHCIReInit

i.CyBle_ControllerInit
                0x10008380       0x68
 i.CyBle_ControllerInit
                0x10008380       0x68 Generated_Source\PSoC6\pdl\middleware\ble\lib\cy_ble_stack_gcc_controller_ipc_cm0p.a(CyBleControllerIP_Interface.o)
                0x10008380                CyBle_ControllerInit

i.CyBle_ControllerReset
                0x100083e8       0x20
 i.CyBle_ControllerReset
                0x100083e8       0x20 Generated_Source\PSoC6\pdl\middleware\ble\lib\cy_ble_stack_gcc_controller_ipc_cm0p.a(CyBleControllerIP_Interface.o)
                0x100083e8                CyBle_ControllerReset

i.CyBle_ControllerSaveLastConnTxPower
                0x10008408       0x10
 i.CyBle_ControllerSaveLastConnTxPower
                0x10008408       0x10 Generated_Source\PSoC6\pdl\middleware\ble\lib\cy_ble_stack_gcc_controller_ipc_cm0p.a(CyBleControllerIP_Interface.o)
                0x10008408                CyBle_ControllerSaveLastConnTxPower

i.CyBle_ControllerSetFeatureConfig
                0x10008418       0x68
 i.CyBle_ControllerSetFeatureConfig
                0x10008418       0x68 Generated_Source\PSoC6\pdl\middleware\ble\lib\cy_ble_stack_gcc_controller_ipc_cm0p.a(CyBleControllerIP_Interface.o)
                0x10008418                CyBle_ControllerSetFeatureConfig

i.CyBle_ControllerSetFirmwareProgrammedDSM
                0x10008480        0xc
 i.CyBle_ControllerSetFirmwareProgrammedDSM
                0x10008480        0xc Generated_Source\PSoC6\pdl\middleware\ble\lib\cy_ble_stack_gcc_controller_ipc_cm0p.a(CyBleControllerIP_Interface.o)
                0x10008480                CyBle_ControllerSetFirmwareProgrammedDSM

i.CyBle_ControllerValidateInputParams
                0x1000848c       0x24
 i.CyBle_ControllerValidateInputParams
                0x1000848c       0x24 Generated_Source\PSoC6\pdl\middleware\ble\lib\cy_ble_stack_gcc_controller_ipc_cm0p.a(CyBleControllerIP_Interface.o)
                0x1000848c                CyBle_ControllerValidateInputParams

i.Cy_BLE_ControllerEnterLPM
                0x100084b0       0x2c
 i.Cy_BLE_ControllerEnterLPM
                0x100084b0       0x2c Generated_Source\PSoC6\pdl\middleware\ble\lib\cy_ble_stack_gcc_controller_ipc_cm0p.a(CyBleControllerIP_Interface.o)
                0x100084b0                Cy_BLE_ControllerEnterLPM

i.Cy_BLE_IsControllerActive
                0x100084dc       0x30
 i.Cy_BLE_IsControllerActive
                0x100084dc       0x30 Generated_Source\PSoC6\pdl\middleware\ble\lib\cy_ble_stack_gcc_controller_ipc_cm0p.a(ll.o)
                0x100084dc                Cy_BLE_IsControllerActive

i.ll_check_and_mark_packet_ready_for_transmission
                0x1000850c       0x5c
 i.ll_check_and_mark_packet_ready_for_transmission
                0x1000850c       0x5c Generated_Source\PSoC6\pdl\middleware\ble\lib\cy_ble_stack_gcc_controller_ipc_cm0p.a(ll.o)
                0x1000850c                ll_check_and_mark_packet_ready_for_transmission

i.ll_cleanup_pending_data_pdu
                0x10008568       0x3c
 i.ll_cleanup_pending_data_pdu
                0x10008568       0x3c Generated_Source\PSoC6\pdl\middleware\ble\lib\cy_ble_stack_gcc_controller_ipc_cm0p.a(ll.o)
                0x10008568                ll_cleanup_pending_data_pdu

i.ll_dequeue_data_in_pdu_q_mgr
                0x100085a4      0x144
 i.ll_dequeue_data_in_pdu_q_mgr
                0x100085a4      0x144 Generated_Source\PSoC6\pdl\middleware\ble\lib\cy_ble_stack_gcc_controller_ipc_cm0p.a(ll.o)
                0x100085a4                ll_dequeue_data_in_pdu_q_mgr

i.ll_derive_window_offset
                0x100086e8       0x20
 i.ll_derive_window_offset
                0x100086e8       0x20 Generated_Source\PSoC6\pdl\middleware\ble\lib\cy_ble_stack_gcc_controller_ipc_cm0p.a(ll.o)
                0x100086e8                ll_derive_window_offset

i.ll_derive_window_size
                0x10008708        0xc
 i.ll_derive_window_size
                0x10008708        0xc Generated_Source\PSoC6\pdl\middleware\ble\lib\cy_ble_stack_gcc_controller_ipc_cm0p.a(ll.o)
                0x10008708                ll_derive_window_size

i.ll_enqueue_data_in_pdu_q_mgr
                0x10008714       0x9c
 i.ll_enqueue_data_in_pdu_q_mgr
                0x10008714       0x9c Generated_Source\PSoC6\pdl\middleware\ble\lib\cy_ble_stack_gcc_controller_ipc_cm0p.a(ll.o)
                0x10008714                ll_enqueue_data_in_pdu_q_mgr

i.ll_enter_dsm_mode
                0x100087b0      0x20c
 i.ll_enter_dsm_mode
                0x100087b0      0x20c Generated_Source\PSoC6\pdl\middleware\ble\lib\cy_ble_stack_gcc_controller_ipc_cm0p.a(ll.o)
                0x100087b0                ll_enter_dsm_mode

i.ll_exit_low_power_mode
                0x100089bc       0x6c
 i.ll_exit_low_power_mode
                0x100089bc       0x6c Generated_Source\PSoC6\pdl\middleware\ble\lib\cy_ble_stack_gcc_controller_ipc_cm0p.a(ll.o)
                0x100089bc                ll_exit_low_power_mode

i.ll_get_ack_status
                0x10008a28       0x44
 i.ll_get_ack_status
                0x10008a28       0x44 Generated_Source\PSoC6\pdl\middleware\ble\lib\cy_ble_stack_gcc_controller_ipc_cm0p.a(ll.o)
                0x10008a28                ll_get_ack_status

i.ll_get_ack_status_for_all_connections
                0x10008a6c       0x38
 i.ll_get_ack_status_for_all_connections
                0x10008a6c       0x38 Generated_Source\PSoC6\pdl\middleware\ble\lib\cy_ble_stack_gcc_controller_ipc_cm0p.a(ll.o)
                0x10008a6c                ll_get_ack_status_for_all_connections

i.ll_get_adv_ch_tx_power
                0x10008aa4       0x16
 i.ll_get_adv_ch_tx_power
                0x10008aa4       0x16 Generated_Source\PSoC6\pdl\middleware\ble\lib\cy_ble_stack_gcc_controller_ipc_cm0p.a(ll.o)
                0x10008aa4                ll_get_adv_ch_tx_power

i.ll_get_data_channel_map
                0x10008aba       0x28
 i.ll_get_data_channel_map
                0x10008aba       0x28 Generated_Source\PSoC6\pdl\middleware\ble\lib\cy_ble_stack_gcc_controller_ipc_cm0p.a(ll.o)
                0x10008aba                ll_get_data_channel_map

i.ll_get_max_white_list_size
                0x10008ae4        0xc
 i.ll_get_max_white_list_size
                0x10008ae4        0xc Generated_Source\PSoC6\pdl\middleware\ble\lib\cy_ble_stack_gcc_controller_ipc_cm0p.a(ll.o)
                0x10008ae4                ll_get_max_white_list_size

i.ll_get_my_role
                0x10008af0        0xc
 i.ll_get_my_role
                0x10008af0        0xc Generated_Source\PSoC6\pdl\middleware\ble\lib\cy_ble_stack_gcc_controller_ipc_cm0p.a(ll.o)
                0x10008af0                ll_get_my_role

i.ll_get_next_available_fifo_for_data_pdu
                0x10008afc        0x8
 i.ll_get_next_available_fifo_for_data_pdu
                0x10008afc        0x8 Generated_Source\PSoC6\pdl\middleware\ble\lib\cy_ble_stack_gcc_controller_ipc_cm0p.a(ll.o)
                0x10008afc                ll_get_next_available_fifo_for_data_pdu

i.ll_get_next_available_fifo_for_ll_pdu
                0x10008b04       0x30
 i.ll_get_next_available_fifo_for_ll_pdu
                0x10008b04       0x30 Generated_Source\PSoC6\pdl\middleware\ble\lib\cy_ble_stack_gcc_controller_ipc_cm0p.a(ll.o)
                0x10008b04                ll_get_next_available_fifo_for_ll_pdu

i.ll_get_rssi_value
                0x10008b34       0x28
 i.ll_get_rssi_value
                0x10008b34       0x28 Generated_Source\PSoC6\pdl\middleware\ble\lib\cy_ble_stack_gcc_controller_ipc_cm0p.a(ll.o)
                0x10008b34                ll_get_rssi_value

i.ll_get_transmit_power_level
                0x10008b5c       0x20
 i.ll_get_transmit_power_level
                0x10008b5c       0x20 Generated_Source\PSoC6\pdl\middleware\ble\lib\cy_ble_stack_gcc_controller_ipc_cm0p.a(ll.o)